Archive member included to satisfy reference by file (symbol)

C:/Users/GUILHE~1/PICO-S~1/TOOLCH~1/13_3_R~1/bin/../lib/gcc/arm-none-eabi/13.3.1/thumb/v6-m/nofp\libgcc.a(_dvmd_tls.o)
                              CMakeFiles/ProjetoU7T.dir/C_/Users/Guilherme_Blanco/.pico-sdk/sdk/1.5.1/src/rp2_common/pico_divider/divider.S.obj (__aeabi_idiv0)
C:/Users/GUILHE~1/PICO-S~1/TOOLCH~1/13_3_R~1/bin/../lib/gcc/arm-none-eabi/13.3.1/thumb/v6-m/nofp\libg.a(libc_a-calloc.o)
                              CMakeFiles/ProjetoU7T.dir/C_/Users/Guilherme_Blanco/.pico-sdk/sdk/1.5.1/src/rp2_common/pico_malloc/pico_malloc.c.obj (calloc)
C:/Users/GUILHE~1/PICO-S~1/TOOLCH~1/13_3_R~1/bin/../lib/gcc/arm-none-eabi/13.3.1/thumb/v6-m/nofp\libg.a(libc_a-callocr.o)
                              C:/Users/GUILHE~1/PICO-S~1/TOOLCH~1/13_3_R~1/bin/../lib/gcc/arm-none-eabi/13.3.1/thumb/v6-m/nofp\libg.a(libc_a-calloc.o) (_calloc_r)
C:/Users/GUILHE~1/PICO-S~1/TOOLCH~1/13_3_R~1/bin/../lib/gcc/arm-none-eabi/13.3.1/thumb/v6-m/nofp\libg.a(libc_a-malloc.o)
                              CMakeFiles/ProjetoU7T.dir/C_/Users/Guilherme_Blanco/.pico-sdk/sdk/1.5.1/src/rp2_common/pico_malloc/pico_malloc.c.obj (malloc)
C:/Users/GUILHE~1/PICO-S~1/TOOLCH~1/13_3_R~1/bin/../lib/gcc/arm-none-eabi/13.3.1/thumb/v6-m/nofp\libg.a(libc_a-mallocr.o)
                              C:/Users/GUILHE~1/PICO-S~1/TOOLCH~1/13_3_R~1/bin/../lib/gcc/arm-none-eabi/13.3.1/thumb/v6-m/nofp\libg.a(libc_a-callocr.o) (_malloc_r)
C:/Users/GUILHE~1/PICO-S~1/TOOLCH~1/13_3_R~1/bin/../lib/gcc/arm-none-eabi/13.3.1/thumb/v6-m/nofp\libg.a(libc_a-mlock.o)
                              C:/Users/GUILHE~1/PICO-S~1/TOOLCH~1/13_3_R~1/bin/../lib/gcc/arm-none-eabi/13.3.1/thumb/v6-m/nofp\libg.a(libc_a-mallocr.o) (__malloc_lock)
C:/Users/GUILHE~1/PICO-S~1/TOOLCH~1/13_3_R~1/bin/../lib/gcc/arm-none-eabi/13.3.1/thumb/v6-m/nofp\libg.a(libc_a-realloc.o)
                              CMakeFiles/ProjetoU7T.dir/C_/Users/Guilherme_Blanco/.pico-sdk/sdk/1.5.1/src/rp2_common/pico_malloc/pico_malloc.c.obj (realloc)
C:/Users/GUILHE~1/PICO-S~1/TOOLCH~1/13_3_R~1/bin/../lib/gcc/arm-none-eabi/13.3.1/thumb/v6-m/nofp\libg.a(libc_a-reallocr.o)
                              C:/Users/GUILHE~1/PICO-S~1/TOOLCH~1/13_3_R~1/bin/../lib/gcc/arm-none-eabi/13.3.1/thumb/v6-m/nofp\libg.a(libc_a-realloc.o) (_realloc_r)
C:/Users/GUILHE~1/PICO-S~1/TOOLCH~1/13_3_R~1/bin/../lib/gcc/arm-none-eabi/13.3.1/thumb/v6-m/nofp\libg.a(libc_a-ctype_.o)
                              CMakeFiles/ProjetoU7T.dir/ssd1306_i2c.c.obj (_ctype_)
C:/Users/GUILHE~1/PICO-S~1/TOOLCH~1/13_3_R~1/bin/../lib/gcc/arm-none-eabi/13.3.1/thumb/v6-m/nofp\libg.a(libc_a-memmove.o)
                              C:/Users/GUILHE~1/PICO-S~1/TOOLCH~1/13_3_R~1/bin/../lib/gcc/arm-none-eabi/13.3.1/thumb/v6-m/nofp\libg.a(libc_a-reallocr.o) (memmove)
C:/Users/GUILHE~1/PICO-S~1/TOOLCH~1/13_3_R~1/bin/../lib/gcc/arm-none-eabi/13.3.1/thumb/v6-m/nofp\libg.a(libc_a-impure.o)
                              C:/Users/GUILHE~1/PICO-S~1/TOOLCH~1/13_3_R~1/bin/../lib/gcc/arm-none-eabi/13.3.1/thumb/v6-m/nofp\libg.a(libc_a-calloc.o) (_impure_ptr)
C:/Users/GUILHE~1/PICO-S~1/TOOLCH~1/13_3_R~1/bin/../lib/gcc/arm-none-eabi/13.3.1/thumb/v6-m/nofp\libg.a(libc_a-sbrkr.o)
                              C:/Users/GUILHE~1/PICO-S~1/TOOLCH~1/13_3_R~1/bin/../lib/gcc/arm-none-eabi/13.3.1/thumb/v6-m/nofp\libg.a(libc_a-mallocr.o) (_sbrk_r)
C:/Users/GUILHE~1/PICO-S~1/TOOLCH~1/13_3_R~1/bin/../lib/gcc/arm-none-eabi/13.3.1/thumb/v6-m/nofp\libg.a(libc_a-errno.o)
                              C:/Users/GUILHE~1/PICO-S~1/TOOLCH~1/13_3_R~1/bin/../lib/gcc/arm-none-eabi/13.3.1/thumb/v6-m/nofp\libg.a(libc_a-callocr.o) (__errno)
C:/Users/GUILHE~1/PICO-S~1/TOOLCH~1/13_3_R~1/bin/../lib/gcc/arm-none-eabi/13.3.1/thumb/v6-m/nofp\libg.a(libc_a-init.o)
                              C:/Users/GUILHE~1/PICO-S~1/TOOLCH~1/13_3_R~1/bin/../lib/gcc/arm-none-eabi/13.3.1/thumb/v6-m/nofp/crt0.o (__libc_init_array)
C:/Users/GUILHE~1/PICO-S~1/TOOLCH~1/13_3_R~1/bin/../lib/gcc/arm-none-eabi/13.3.1/thumb/v6-m/nofp\libg.a(libc_a-lock.o)
                              C:/Users/GUILHE~1/PICO-S~1/TOOLCH~1/13_3_R~1/bin/../lib/gcc/arm-none-eabi/13.3.1/thumb/v6-m/nofp\libg.a(libc_a-mlock.o) (__retarget_lock_acquire_recursive)
C:/Users/GUILHE~1/PICO-S~1/TOOLCH~1/13_3_R~1/bin/../lib/gcc/arm-none-eabi/13.3.1/thumb/v6-m/nofp\libg.a(libc_a-sysconf.o)
                              C:/Users/GUILHE~1/PICO-S~1/TOOLCH~1/13_3_R~1/bin/../lib/gcc/arm-none-eabi/13.3.1/thumb/v6-m/nofp\libg.a(libc_a-mallocr.o) (sysconf)
C:/Users/GUILHE~1/PICO-S~1/TOOLCH~1/13_3_R~1/bin/../lib/gcc/arm-none-eabi/13.3.1/thumb/v6-m/nofp\libg.a(libc_a-strlen-stub.o)
                              CMakeFiles/ProjetoU7T.dir/C_/Users/Guilherme_Blanco/.pico-sdk/sdk/1.5.1/src/rp2_common/pico_stdio/stdio.c.obj (strlen)
C:/Users/GUILHE~1/PICO-S~1/TOOLCH~1/13_3_R~1/bin/../lib/gcc/arm-none-eabi/13.3.1/thumb/v6-m/nofp\libg.a(libc_a-freer.o)
[...]
Memory Configuration

Name             Origin             Length             Attributes
FLASH            0x10000000         0x00200000         xr
RAM              0x20000000         0x00040000         xrw
SCRATCH_X        0x20040000         0x00001000         xrw
SCRATCH_Y        0x20041000         0x00001000         xrw
*default*        0x00000000         0xffffffff

Linker script and memory map

LOAD C:/Users/GUILHE~1/PICO-S~1/TOOLCH~1/13_3_R~1/bin/../lib/gcc/arm-none-eabi/13.3.1/thumb/v6-m/nofp/crti.o
LOAD C:/Users/GUILHE~1/PICO-S~1/TOOLCH~1/13_3_R~1/bin/../lib/gcc/arm-none-eabi/13.3.1/thumb/v6-m/nofp/crtbegin.o
LOAD C:/Users/GUILHE~1/PICO-S~1/TOOLCH~1/13_3_R~1/bin/../lib/gcc/arm-none-eabi/13.3.1/thumb/v6-m/nofp/crt0.o

.flash_begin    0x10000000        0x0
                0x10000000                        __flash_binary_start = .

.boot2          0x10000000      0x100
                0x10000000                        __boot2_start__ = .
 *(.boot2)
 .boot2         0x10000000      0x100 C:\Users\GUILHE~1\AppData\Local\Temp\ccazE7nX.o
                0x10000100                        __boot2_end__ = .
                0x00000001                        ASSERT (((__boot2_end__ - __boot2_start__) == 0x100), ERROR: Pico second stage bootloader must be 256 bytes in size)

.text           0x10000100     0x7c10
                0x10000100                        __logical_binary_start = .
 *(.vectors)
 .vectors       0x10000100       0xd4 CMakeFiles/ProjetoU7T.dir/C_/Users/Guilherme_Blanco/.pico-sdk/sdk/1.5.1/src/rp2_common/pico_standard_link/crt0.S.obj
                0x10000100                __VECTOR_TABLE
                0x10000100                __vectors
                0x100001c0                isr_invalid
                0x100001c0                __default_isrs_start
                0x100001c2                isr_nmi
                0x100001c4                isr_hardfault
                0x100001c6                isr_svcall
                0x100001c8                isr_pendsv
                0x100001ca                isr_systick
                0x100001cc                isr_irq23
                0x100001cc                isr_irq18
                0x100001cc                isr_irq11
                0x100001cc                isr_irq28
                0x100001cc                isr_irq19
                0x100001cc                isr_irq0
                0x100001cc                isr_irq6
                0x100001cc                isr_irq5
                0x100001cc                isr_irq12
                0x100001cc                isr_irq22
                0x100001cc                isr_irq31
                0x100001cc                isr_irq17
                0x100001cc                isr_irq27
                0x100001cc                isr_irq30
                0x100001cc                isr_irq2
                0x100001cc                isr_irq10
                0x100001cc                isr_irq8
                0x100001cc                isr_irq24
                0x100001cc                isr_irq1
                0x100001cc                isr_irq7
                0x100001cc                isr_irq21
                0x100001cc                isr_irq20
                0x100001cc                isr_irq15
                0x100001cc                isr_irq25
                0x100001cc                isr_irq13
                0x100001cc                __unhandled_user_irq
                0x100001cc                isr_irq4
                0x100001cc                isr_irq16
                0x100001cc                isr_irq29
                0x100001cc                isr_irq26
                0x100001cc                __default_isrs_end
                0x100001cc                isr_irq3
                0x100001cc                isr_irq14
                0x100001cc                isr_irq9
                0x100001d2                unhandled_user_irq_num_in_r0
 *(.binary_info_header)
 .binary_info_header
                0x100001d4       0x14 CMakeFiles/ProjetoU7T.dir/C_/Users/Guilherme_Blanco/.pico-sdk/sdk/1.5.1/src/rp2_common/pico_standard_link/crt0.S.obj
                0x100001e8                        __binary_info_header_end = .
 *(.reset)
 .reset         0x100001e8       0xa0 CMakeFiles/ProjetoU7T.dir/C_/Users/Guilherme_Blanco/.pico-sdk/sdk/1.5.1/src/rp2_common/pico_standard_link/crt0.S.obj
                0x100001e8                _entry_point
 .reset         0x10000288       0x30 CMakeFiles/ProjetoU7T.dir/C_/Users/Guilherme_Blanco/.pico-sdk/sdk/1.5.1/src/rp2_common/pico_standard_link/binary_info.c.obj
 *(.init)
 .init          0x100002b8        0x4 C:/Users/GUILHE~1/PICO-S~1/TOOLCH~1/13_3_R~1/bin/../lib/gcc/arm-none-eabi/13.3.1/thumb/v6-m/nofp/crti.o
                0x100002b8                _init
 *(EXCLUDE_FILE(*libm.a: *libc.a:*lib_a-mem*.o *libgcc.a:) .text*)
 .text.register_tm_clones
                0x100002bc       0x28 C:/Users/GUILHE~1/PICO-S~1/TOOLCH~1/13_3_R~1/bin/../lib/gcc/arm-none-eabi/13.3.1/thumb/v6-m/nofp/crtbegin.o
 .text.frame_dummy
                0x100002e4       0x24 C:/Users/GUILHE~1/PICO-S~1/TOOLCH~1/13_3_R~1/bin/../lib/gcc/arm-none-eabi/13.3.1/thumb/v6-m/nofp/crtbegin.o
 .text.to_ms_since_boot
                0x10000308       0x1c CMakeFiles/ProjetoU7T.dir/ProjetoU7T.c.obj
 .text.pwm_init
                0x10000324       0x34 CMakeFiles/ProjetoU7T.dir/ProjetoU7T.c.obj
 .text.pwm_get_default_config
                0x10000358       0x18 CMakeFiles/ProjetoU7T.dir/ProjetoU7T.c.obj
 .text.pwm_set_chan_level
                0x10000370       0x40 CMakeFiles/ProjetoU7T.dir/ProjetoU7T.c.obj
 .text.update_us_since_boot
                0x100003b0       0x24 CMakeFiles/ProjetoU7T.dir/ProjetoU7T.c.obj
 .text.get_absolute_time
                0x100003d4       0x22 CMakeFiles/ProjetoU7T.dir/ProjetoU7T.c.obj
 .text.adc_gpio_init
                0x100003f6       0x1e CMakeFiles/ProjetoU7T.dir/ProjetoU7T.c.obj
 .text.outputOLED
                0x10000414       0xbc CMakeFiles/ProjetoU7T.dir/ProjetoU7T.c.obj
                0x10000414                outputOLED
 .text.updateOLED
                0x100004d0       0x88 CMakeFiles/ProjetoU7T.dir/ProjetoU7T.c.obj
                0x100004d0                updateOLED
 .text.apertarBotao
                0x10000558       0xc0 CMakeFiles/ProjetoU7T.dir/ProjetoU7T.c.obj
 .text.setupBuzzer
                0x10000618       0x6a CMakeFiles/ProjetoU7T.dir/ProjetoU7T.c.obj
                0x10000618                setupBuzzer
 *fill*         0x10000682        0x2 
 .text.setupI2C
                0x10000684       0xe8 CMakeFiles/ProjetoU7T.dir/ProjetoU7T.c.obj
                0x10000684                setupI2C
 .text.setup    0x1000076c       0x9c CMakeFiles/ProjetoU7T.dir/ProjetoU7T.c.obj
                0x1000076c                setup
 .text.pwmBuzzer
                0x10000808       0x94 CMakeFiles/ProjetoU7T.dir/ProjetoU7T.c.obj
                0x10000808                pwmBuzzer
 .text.loopLeitura
                0x1000089c       0x78 CMakeFiles/ProjetoU7T.dir/ProjetoU7T.c.obj
                0x1000089c                loopLeitura
 .text.main     0x10000914       0x54 CMakeFiles/ProjetoU7T.dir/ProjetoU7T.c.obj
                0x10000914                main
 .text.calc_render_area_buflen
                0x10000968       0x16 CMakeFiles/ProjetoU7T.dir/ssd1306_i2c.c.obj
                0x10000968                calc_render_area_buflen
 *fill*         0x1000097e        0x2 
 .text.SSD1306_send_cmd
                0x10000980       0x24 CMakeFiles/ProjetoU7T.dir/ssd1306_i2c.c.obj
                0x10000980                SSD1306_send_cmd
 .text.SSD1306_send_cmd_list
                0x100009a4       0x18 CMakeFiles/ProjetoU7T.dir/ssd1306_i2c.c.obj
                0x100009a4                SSD1306_send_cmd_list
 .text.SSD1306_send_buf
                0x100009bc       0x40 CMakeFiles/ProjetoU7T.dir/ssd1306_i2c.c.obj
                0x100009bc                SSD1306_send_buf
 .text.SSD1306_init
                0x100009fc       0x2c CMakeFiles/ProjetoU7T.dir/ssd1306_i2c.c.obj
                0x100009fc                SSD1306_init
 .text.SSD1306_scroll
                0x10000a28       0x38 CMakeFiles/ProjetoU7T.dir/ssd1306_i2c.c.obj
                0x10000a28                SSD1306_scroll
 .text.render   0x10000a60       0x36 CMakeFiles/ProjetoU7T.dir/ssd1306_i2c.c.obj
                0x10000a60                render
 *fill*         0x10000a96        0x2 
 .text.WriteChar
                0x10000a98       0x70 CMakeFiles/ProjetoU7T.dir/ssd1306_i2c.c.obj
                0x10000a98                WriteChar
 .text.WriteString
                0x10000b08       0x2c CMakeFiles/ProjetoU7T.dir/ssd1306_i2c.c.obj
                0x10000b08                WriteString
 .text.gpio_set_function
                0x10000b34       0x30 CMakeFiles/ProjetoU7T.dir/C_/Users/Guilherme_Blanco/.pico-sdk/sdk/1.5.1/src/rp2_common/hardware_gpio/gpio.c.obj
                0x10000b34                gpio_set_function
 .text.gpio_set_pulls
                0x10000b64       0x34 CMakeFiles/ProjetoU7T.dir/C_/Users/Guilherme_Blanco/.pico-sdk/sdk/1.5.1/src/rp2_common/hardware_gpio/gpio.c.obj
                0x10000b64                gpio_set_pulls
 .text.gpio_set_irq_callback
                0x10000b98       0x48 CMakeFiles/ProjetoU7T.dir/C_/Users/Guilherme_Blanco/.pico-sdk/sdk/1.5.1/src/rp2_common/hardware_gpio/gpio.c.obj
                0x10000b98                gpio_set_irq_callback
 .text.gpio_acknowledge_irq
                0x10000be0       0x18 CMakeFiles/ProjetoU7T.dir/C_/Users/Guilherme_Blanco/.pico-sdk/sdk/1.5.1/src/rp2_common/hardware_gpio/gpio.c.obj
                0x10000be0                gpio_acknowledge_irq
 .text._gpio_set_irq_enabled
                0x10000bf8       0x34 CMakeFiles/ProjetoU7T.dir/C_/Users/Guilherme_Blanco/.pico-sdk/sdk/1.5.1/src/rp2_common/hardware_gpio/gpio.c.obj
 .text.gpio_set_irq_enabled
                0x10000c2c       0x20 CMakeFiles/ProjetoU7T.dir/C_/Users/Guilherme_Blanco/.pico-sdk/sdk/1.5.1/src/rp2_common/hardware_gpio/gpio.c.obj
                0x10000c2c                gpio_set_irq_enabled
 .text.gpio_set_irq_enabled_with_callback
                0x10000c4c       0x20 CMakeFiles/ProjetoU7T.dir/C_/Users/Guilherme_Blanco/.pico-sdk/sdk/1.5.1/src/rp2_common/hardware_gpio/gpio.c.obj
                0x10000c4c                gpio_set_irq_enabled_with_callback
 .text.gpio_default_irq_handler
                0x10000c6c       0x98 CMakeFiles/ProjetoU7T.dir/C_/Users/Guilherme_Blanco/.pico-sdk/sdk/1.5.1/src/rp2_common/hardware_gpio/gpio.c.obj
 .text.gpio_set_input_enabled
                0x10000d04       0x30 CMakeFiles/ProjetoU7T.dir/C_/Users/Guilherme_Blanco/.pico-sdk/sdk/1.5.1/src/rp2_common/hardware_gpio/gpio.c.obj
                0x10000d04                gpio_set_input_enabled
 .text.gpio_init
                0x10000d34       0x16 CMakeFiles/ProjetoU7T.dir/C_/Users/Guilherme_Blanco/.pico-sdk/sdk/1.5.1/src/rp2_common/hardware_gpio/gpio.c.obj
                0x10000d34                gpio_init
 *fill*         0x10000d4a        0x2 
 .text.running_on_fpga
                0x10000d4c       0x14 CMakeFiles/ProjetoU7T.dir/C_/Users/Guilherme_Blanco/.pico-sdk/sdk/1.5.1/src/rp2_common/pico_platform/platform.c.obj
                0x10000d4c                running_on_fpga
 .text.hw_claim_lock
                0x10000d60       0x18 CMakeFiles/ProjetoU7T.dir/C_/Users/Guilherme_Blanco/.pico-sdk/sdk/1.5.1/src/rp2_common/hardware_claim/claim.c.obj
                0x10000d60                hw_claim_lock
 .text.hw_claim_unlock
                0x10000d78       0x14 CMakeFiles/ProjetoU7T.dir/C_/Users/Guilherme_Blanco/.pico-sdk/sdk/1.5.1/src/rp2_common/hardware_claim/claim.c.obj
                0x10000d78                hw_claim_unlock
 .text.hw_claim_or_assert
                0x10000d8c       0x32 CMakeFiles/ProjetoU7T.dir/C_/Users/Guilherme_Blanco/.pico-sdk/sdk/1.5.1/src/rp2_common/hardware_claim/claim.c.obj
                0x10000d8c                hw_claim_or_assert
 .text.hw_claim_unused_from_range
                0x10000dbe       0x50 CMakeFiles/ProjetoU7T.dir/C_/Users/Guilherme_Blanco/.pico-sdk/sdk/1.5.1/src/rp2_common/hardware_claim/claim.c.obj
                0x10000dbe                hw_claim_unused_from_range
 *fill*         0x10000e0e        0x2 
 .text.spin_locks_reset
                0x10000e10       0x20 CMakeFiles/ProjetoU7T.dir/C_/Users/Guilherme_Blanco/.pico-sdk/sdk/1.5.1/src/rp2_common/hardware_sync/sync.c.obj
                0x10000e10                spin_locks_reset
 .text.next_striped_spin_lock_num
                0x10000e30       0x1c CMakeFiles/ProjetoU7T.dir/C_/Users/Guilherme_Blanco/.pico-sdk/sdk/1.5.1/src/rp2_common/hardware_sync/sync.c.obj
                0x10000e30                next_striped_spin_lock_num
 .text.spin_lock_claim_unused
                0x10000e4c       0x24 CMakeFiles/ProjetoU7T.dir/C_/Users/Guilherme_Blanco/.pico-sdk/sdk/1.5.1/src/rp2_common/hardware_sync/sync.c.obj
                0x10000e4c                spin_lock_claim_unused
 .text.set_raw_irq_handler_and_unlock
                0x10000e70       0x28 CMakeFiles/ProjetoU7T.dir/C_/Users/Guilherme_Blanco/.pico-sdk/sdk/1.5.1/src/rp2_common/hardware_irq/irq.c.obj
 .text.resolve_branch
                0x10000e98       0x30 CMakeFiles/ProjetoU7T.dir/C_/Users/Guilherme_Blanco/.pico-sdk/sdk/1.5.1/src/rp2_common/hardware_irq/irq.c.obj
 .text.make_branch
                0x10000ec8       0x48 CMakeFiles/ProjetoU7T.dir/C_/Users/Guilherme_Blanco/.pico-sdk/sdk/1.5.1/src/rp2_common/hardware_irq/irq.c.obj
 .text.insert_branch_and_link
                0x10000f10       0x40 CMakeFiles/ProjetoU7T.dir/C_/Users/Guilherme_Blanco/.pico-sdk/sdk/1.5.1/src/rp2_common/hardware_irq/irq.c.obj
 .text.irq_is_enabled
                0x10000f50       0x18 CMakeFiles/ProjetoU7T.dir/C_/Users/Guilherme_Blanco/.pico-sdk/sdk/1.5.1/src/rp2_common/hardware_irq/irq.c.obj
                0x10000f50                irq_is_enabled
 .text.irq_set_mask_enabled
                0x10000f68       0x20 CMakeFiles/ProjetoU7T.dir/C_/Users/Guilherme_Blanco/.pico-sdk/sdk/1.5.1/src/rp2_common/hardware_irq/irq.c.obj
                0x10000f68                irq_set_mask_enabled
 .text.irq_set_enabled
                0x10000f88        0xe CMakeFiles/ProjetoU7T.dir/C_/Users/Guilherme_Blanco/.pico-sdk/sdk/1.5.1/src/rp2_common/hardware_irq/irq.c.obj
                0x10000f88                irq_set_enabled
 *fill*         0x10000f96        0x2 
 .text.irq_set_pending
                0x10000f98       0x10 CMakeFiles/ProjetoU7T.dir/C_/Users/Guilherme_Blanco/.pico-sdk/sdk/1.5.1/src/rp2_common/hardware_irq/irq.c.obj
                0x10000f98                irq_set_pending
 .text.irq_get_vtable_handler
                0x10000fa8       0x10 CMakeFiles/ProjetoU7T.dir/C_/Users/Guilherme_Blanco/.pico-sdk/sdk/1.5.1/src/rp2_common/hardware_irq/irq.c.obj
                0x10000fa8                irq_get_vtable_handler
 .text.irq_has_shared_handler
                0x10000fb8       0x24 CMakeFiles/ProjetoU7T.dir/C_/Users/Guilherme_Blanco/.pico-sdk/sdk/1.5.1/src/rp2_common/hardware_irq/irq.c.obj
                0x10000fb8                irq_has_shared_handler
 .text.irq_set_exclusive_handler
                0x10000fdc       0x54 CMakeFiles/ProjetoU7T.dir/C_/Users/Guilherme_Blanco/.pico-sdk/sdk/1.5.1/src/rp2_common/hardware_irq/irq.c.obj
                0x10000fdc                irq_set_exclusive_handler
 .text.irq_add_shared_handler
                0x10001030      0x210 CMakeFiles/ProjetoU7T.dir/C_/Users/Guilherme_Blanco/.pico-sdk/sdk/1.5.1/src/rp2_common/hardware_irq/irq.c.obj
                0x10001030                irq_add_shared_handler
 .text.irq_remove_handler
                0x10001240      0x188 CMakeFiles/ProjetoU7T.dir/C_/Users/Guilherme_Blanco/.pico-sdk/sdk/1.5.1/src/rp2_common/hardware_irq/irq.c.obj
                0x10001240                irq_remove_handler
 .text.irq_add_tail_to_free_list
                0x100013c8       0xf0 CMakeFiles/ProjetoU7T.dir/C_/Users/Guilherme_Blanco/.pico-sdk/sdk/1.5.1/src/rp2_common/hardware_irq/irq.c.obj
                0x100013c8                irq_add_tail_to_free_list
 .text.irq_init_priorities
                0x100014b8       0x1c CMakeFiles/ProjetoU7T.dir/C_/Users/Guilherme_Blanco/.pico-sdk/sdk/1.5.1/src/rp2_common/hardware_irq/irq.c.obj
                0x100014b8                irq_init_priorities
 .text.user_irq_claim_unused
                0x100014d4       0x2c CMakeFiles/ProjetoU7T.dir/C_/Users/Guilherme_Blanco/.pico-sdk/sdk/1.5.1/src/rp2_common/hardware_irq/irq.c.obj
                0x100014d4                user_irq_claim_unused
 .text.lock_init
                0x10001500       0x10 CMakeFiles/ProjetoU7T.dir/C_/Users/Guilherme_Blanco/.pico-sdk/sdk/1.5.1/src/common/pico_sync/lock_core.c.obj
                0x10001500                lock_init
 .text.update_us_since_boot
                0x10001510       0x24 CMakeFiles/ProjetoU7T.dir/C_/Users/Guilherme_Blanco/.pico-sdk/sdk/1.5.1/src/common/pico_sync/mutex.c.obj
 .text.delayed_by_ms
                0x10001534       0x44 CMakeFiles/ProjetoU7T.dir/C_/Users/Guilherme_Blanco/.pico-sdk/sdk/1.5.1/src/common/pico_sync/mutex.c.obj
 .text.get_absolute_time
                0x10001578       0x22 CMakeFiles/ProjetoU7T.dir/C_/Users/Guilherme_Blanco/.pico-sdk/sdk/1.5.1/src/common/pico_sync/mutex.c.obj
 .text.make_timeout_time_ms
                0x1000159a       0x20 CMakeFiles/ProjetoU7T.dir/C_/Users/Guilherme_Blanco/.pico-sdk/sdk/1.5.1/src/common/pico_sync/mutex.c.obj
 .text.mutex_init
                0x100015ba       0x1a CMakeFiles/ProjetoU7T.dir/C_/Users/Guilherme_Blanco/.pico-sdk/sdk/1.5.1/src/common/pico_sync/mutex.c.obj
                0x100015ba                mutex_init
 .text.recursive_mutex_init
                0x100015d4       0x1e CMakeFiles/ProjetoU7T.dir/C_/Users/Guilherme_Blanco/.pico-sdk/sdk/1.5.1/src/common/pico_sync/mutex.c.obj
                0x100015d4                recursive_mutex_init
 *fill*         0x100015f2        0x2 
 .text.critical_section_init_with_lock_num
                0x100015f4       0x14 CMakeFiles/ProjetoU7T.dir/C_/Users/Guilherme_Blanco/.pico-sdk/sdk/1.5.1/src/common/pico_sync/critical_section.c.obj
                0x100015f4                critical_section_init_with_lock_num
 .text.critical_section_init
                0x10001608       0x14 CMakeFiles/ProjetoU7T.dir/C_/Users/Guilherme_Blanco/.pico-sdk/sdk/1.5.1/src/common/pico_sync/critical_section.c.obj
                0x10001608                critical_section_init
 .text.time_reached
                0x1000161c       0x28 CMakeFiles/ProjetoU7T.dir/C_/Users/Guilherme_Blanco/.pico-sdk/sdk/1.5.1/src/common/pico_time/time.c.obj
 .text.get_entry
                0x10001644       0x38 CMakeFiles/ProjetoU7T.dir/C_/Users/Guilherme_Blanco/.pico-sdk/sdk/1.5.1/src/common/pico_time/time.c.obj
 .text.timer_pool_entry_comparator
                0x1000167c       0x2e CMakeFiles/ProjetoU7T.dir/C_/Users/Guilherme_Blanco/.pico-sdk/sdk/1.5.1/src/common/pico_time/time.c.obj
                0x1000167c                timer_pool_entry_comparator
 *fill*         0x100016aa        0x2 
 .text.update_us_since_boot
                0x100016ac       0x24 CMakeFiles/ProjetoU7T.dir/C_/Users/Guilherme_Blanco/.pico-sdk/sdk/1.5.1/src/common/pico_time/time.c.obj
 .text.delayed_by_us
                0x100016d0       0x34 CMakeFiles/ProjetoU7T.dir/C_/Users/Guilherme_Blanco/.pico-sdk/sdk/1.5.1/src/common/pico_time/time.c.obj
 .text.ph_get_node
                0x10001704       0x30 CMakeFiles/ProjetoU7T.dir/C_/Users/Guilherme_Blanco/.pico-sdk/sdk/1.5.1/src/common/pico_time/time.c.obj
 .text.ph_contains_node
                0x10001734       0x1e CMakeFiles/ProjetoU7T.dir/C_/Users/Guilherme_Blanco/.pico-sdk/sdk/1.5.1/src/common/pico_time/time.c.obj
 .text.ph_new_node
                0x10001752       0x28 CMakeFiles/ProjetoU7T.dir/C_/Users/Guilherme_Blanco/.pico-sdk/sdk/1.5.1/src/common/pico_time/time.c.obj
 *fill*         0x1000177a        0x2 
 .text.ph_add_child_node
                0x1000177c       0x6c CMakeFiles/ProjetoU7T.dir/C_/Users/Guilherme_Blanco/.pico-sdk/sdk/1.5.1/src/common/pico_time/time.c.obj
 .text.ph_merge_nodes
                0x100017e8       0x3e CMakeFiles/ProjetoU7T.dir/C_/Users/Guilherme_Blanco/.pico-sdk/sdk/1.5.1/src/common/pico_time/time.c.obj
 *fill*         0x10001826        0x2 
 .text.ph_insert_node
                0x10001828       0x3c CMakeFiles/ProjetoU7T.dir/C_/Users/Guilherme_Blanco/.pico-sdk/sdk/1.5.1/src/common/pico_time/time.c.obj
 .text.ph_free_node
                0x10001864       0x5c CMakeFiles/ProjetoU7T.dir/C_/Users/Guilherme_Blanco/.pico-sdk/sdk/1.5.1/src/common/pico_time/time.c.obj
 .text.get_entry_id_high
                0x100018c0       0x30 CMakeFiles/ProjetoU7T.dir/C_/Users/Guilherme_Blanco/.pico-sdk/sdk/1.5.1/src/common/pico_time/time.c.obj
 .text.alarm_pool_post_alloc_init
                0x100018f0       0x40 CMakeFiles/ProjetoU7T.dir/C_/Users/Guilherme_Blanco/.pico-sdk/sdk/1.5.1/src/common/pico_time/time.c.obj
 .text.sleep_until_callback
                0x10001930       0x30 CMakeFiles/ProjetoU7T.dir/C_/Users/Guilherme_Blanco/.pico-sdk/sdk/1.5.1/src/common/pico_time/time.c.obj
 .text.get_absolute_time
                0x10001960       0x22 CMakeFiles/ProjetoU7T.dir/C_/Users/Guilherme_Blanco/.pico-sdk/sdk/1.5.1/src/common/pico_time/time.c.obj
 .text.make_timeout_time_us
                0x10001982       0x24 CMakeFiles/ProjetoU7T.dir/C_/Users/Guilherme_Blanco/.pico-sdk/sdk/1.5.1/src/common/pico_time/time.c.obj
 *fill*         0x100019a6        0x2 
 .text.add_alarm_under_lock
                0x100019a8       0x94 CMakeFiles/ProjetoU7T.dir/C_/Users/Guilherme_Blanco/.pico-sdk/sdk/1.5.1/src/common/pico_time/time.c.obj
 .text.alarm_pool_alarm_callback
                0x10001a3c      0x210 CMakeFiles/ProjetoU7T.dir/C_/Users/Guilherme_Blanco/.pico-sdk/sdk/1.5.1/src/common/pico_time/time.c.obj
 .text.alarm_pool_init_default
                0x10001c4c       0x40 CMakeFiles/ProjetoU7T.dir/C_/Users/Guilherme_Blanco/.pico-sdk/sdk/1.5.1/src/common/pico_time/time.c.obj
                0x10001c4c                alarm_pool_init_default
 .text.alarm_pool_get_default
                0x10001c8c       0x2c CMakeFiles/ProjetoU7T.dir/C_/Users/Guilherme_Blanco/.pico-sdk/sdk/1.5.1/src/common/pico_time/time.c.obj
                0x10001c8c                alarm_pool_get_default
 .text.alarm_pool_add_alarm_at
                0x10001cb8      0x10e CMakeFiles/ProjetoU7T.dir/C_/Users/Guilherme_Blanco/.pico-sdk/sdk/1.5.1/src/common/pico_time/time.c.obj
                0x10001cb8                alarm_pool_add_alarm_at
 .text.add_alarm_at
                0x10001dc6       0x2e CMakeFiles/ProjetoU7T.dir/C_/Users/Guilherme_Blanco/.pico-sdk/sdk/1.5.1/src/common/pico_time/time.c.obj
 .text.alarm_pool_cancel_alarm
                0x10001df4       0xa8 CMakeFiles/ProjetoU7T.dir/C_/Users/Guilherme_Blanco/.pico-sdk/sdk/1.5.1/src/common/pico_time/time.c.obj
                0x10001df4                alarm_pool_cancel_alarm
 .text.cancel_alarm
                0x10001e9c       0x10 CMakeFiles/ProjetoU7T.dir/C_/Users/Guilherme_Blanco/.pico-sdk/sdk/1.5.1/src/common/pico_time/time.c.obj
 .text.alarm_pool_core_num
                0x10001eac        0x4 CMakeFiles/ProjetoU7T.dir/C_/Users/Guilherme_Blanco/.pico-sdk/sdk/1.5.1/src/common/pico_time/time.c.obj
                0x10001eac                alarm_pool_core_num
 .text.sleep_until
                0x10001eb0       0xb0 CMakeFiles/ProjetoU7T.dir/C_/Users/Guilherme_Blanco/.pico-sdk/sdk/1.5.1/src/common/pico_time/time.c.obj
                0x10001eb0                sleep_until
 .text.sleep_us
                0x10001f60       0x1a CMakeFiles/ProjetoU7T.dir/C_/Users/Guilherme_Blanco/.pico-sdk/sdk/1.5.1/src/common/pico_time/time.c.obj
                0x10001f60                sleep_us
 .text.sleep_ms
                0x10001f7a       0x14 CMakeFiles/ProjetoU7T.dir/C_/Users/Guilherme_Blanco/.pico-sdk/sdk/1.5.1/src/common/pico_time/time.c.obj
                0x10001f7a                sleep_ms
 *fill*         0x10001f8e        0x2 
 .text.best_effort_wfe_or_timeout
                0x10001f90       0x44 CMakeFiles/ProjetoU7T.dir/C_/Users/Guilherme_Blanco/.pico-sdk/sdk/1.5.1/src/common/pico_time/time.c.obj
                0x10001f90                best_effort_wfe_or_timeout
 .text.hardware_alarm_irq_handler
                0x10001fd4       0x8c CMakeFiles/ProjetoU7T.dir/C_/Users/Guilherme_Blanco/.pico-sdk/sdk/1.5.1/src/rp2_common/hardware_timer/timer.c.obj
 .text.hardware_alarm_claim
                0x10002060       0x18 CMakeFiles/ProjetoU7T.dir/C_/Users/Guilherme_Blanco/.pico-sdk/sdk/1.5.1/src/rp2_common/hardware_timer/timer.c.obj
                0x10002060                hardware_alarm_claim
 .text.time_us_64
                0x10002078       0x18 CMakeFiles/ProjetoU7T.dir/C_/Users/Guilherme_Blanco/.pico-sdk/sdk/1.5.1/src/rp2_common/hardware_timer/timer.c.obj
                0x10002078                time_us_64
 .text.busy_wait_until
                0x10002090       0x28 CMakeFiles/ProjetoU7T.dir/C_/Users/Guilherme_Blanco/.pico-sdk/sdk/1.5.1/src/rp2_common/hardware_timer/timer.c.obj
                0x10002090                busy_wait_until
 .text.hardware_alarm_set_callback
                0x100020b8       0x90 CMakeFiles/ProjetoU7T.dir/C_/Users/Guilherme_Blanco/.pico-sdk/sdk/1.5.1/src/rp2_common/hardware_timer/timer.c.obj
                0x100020b8                hardware_alarm_set_callback
 .text.hardware_alarm_set_target
                0x10002148       0xe8 CMakeFiles/ProjetoU7T.dir/C_/Users/Guilherme_Blanco/.pico-sdk/sdk/1.5.1/src/rp2_common/hardware_timer/timer.c.obj
                0x10002148                hardware_alarm_set_target
 .text.hardware_alarm_cancel
                0x10002230       0x40 CMakeFiles/ProjetoU7T.dir/C_/Users/Guilherme_Blanco/.pico-sdk/sdk/1.5.1/src/rp2_common/hardware_timer/timer.c.obj
                0x10002230                hardware_alarm_cancel
 .text.ph_get_node
                0x10002270       0x30 CMakeFiles/ProjetoU7T.dir/C_/Users/Guilherme_Blanco/.pico-sdk/sdk/1.5.1/src/common/pico_util/pheap.c.obj
 .text.ph_add_child_node
                0x100022a0       0x6c CMakeFiles/ProjetoU7T.dir/C_/Users/Guilherme_Blanco/.pico-sdk/sdk/1.5.1/src/common/pico_util/pheap.c.obj
 .text.ph_merge_nodes
                0x1000230c       0x3e CMakeFiles/ProjetoU7T.dir/C_/Users/Guilherme_Blanco/.pico-sdk/sdk/1.5.1/src/common/pico_util/pheap.c.obj
 .text.ph_clear
                0x1000234a       0x34 CMakeFiles/ProjetoU7T.dir/C_/Users/Guilherme_Blanco/.pico-sdk/sdk/1.5.1/src/common/pico_util/pheap.c.obj
                0x1000234a                ph_clear
 .text.ph_post_alloc_init
                0x1000237e        0xe CMakeFiles/ProjetoU7T.dir/C_/Users/Guilherme_Blanco/.pico-sdk/sdk/1.5.1/src/common/pico_util/pheap.c.obj
                0x1000237e                ph_post_alloc_init
 .text.ph_merge_two_pass
                0x1000238c       0x5c CMakeFiles/ProjetoU7T.dir/C_/Users/Guilherme_Blanco/.pico-sdk/sdk/1.5.1/src/common/pico_util/pheap.c.obj
                0x1000238c                ph_merge_two_pass
 .text.ph_remove_any_head
                0x100023e8       0xc0 CMakeFiles/ProjetoU7T.dir/C_/Users/Guilherme_Blanco/.pico-sdk/sdk/1.5.1/src/common/pico_util/pheap.c.obj
 .text.ph_remove_head
                0x100024a8       0x14 CMakeFiles/ProjetoU7T.dir/C_/Users/Guilherme_Blanco/.pico-sdk/sdk/1.5.1/src/common/pico_util/pheap.c.obj
                0x100024a8                ph_remove_head
 .text.ph_remove_and_free_node
                0x100024bc       0xa0 CMakeFiles/ProjetoU7T.dir/C_/Users/Guilherme_Blanco/.pico-sdk/sdk/1.5.1/src/common/pico_util/pheap.c.obj
                0x100024bc                ph_remove_and_free_node
 .text.clock_configure
                0x1000255c      0x108 CMakeFiles/ProjetoU7T.dir/C_/Users/Guilherme_Blanco/.pico-sdk/sdk/1.5.1/src/rp2_common/hardware_clocks/clocks.c.obj
                0x1000255c                clock_configure
 .text.clocks_init
                0x10002664      0x100 CMakeFiles/ProjetoU7T.dir/C_/Users/Guilherme_Blanco/.pico-sdk/sdk/1.5.1/src/rp2_common/hardware_clocks/clocks.c.obj
                0x10002664                clocks_init
 .text.clock_get_hz
                0x10002764        0xc CMakeFiles/ProjetoU7T.dir/C_/Users/Guilherme_Blanco/.pico-sdk/sdk/1.5.1/src/rp2_common/hardware_clocks/clocks.c.obj
                0x10002764                clock_get_hz
 .text.pll_init
                0x10002770      0x120 CMakeFiles/ProjetoU7T.dir/C_/Users/Guilherme_Blanco/.pico-sdk/sdk/1.5.1/src/rp2_common/hardware_pll/pll.c.obj
                0x10002770                pll_init
 .text.watchdog_start_tick
                0x10002890       0x10 CMakeFiles/ProjetoU7T.dir/C_/Users/Guilherme_Blanco/.pico-sdk/sdk/1.5.1/src/rp2_common/hardware_watchdog/watchdog.c.obj
                0x10002890                watchdog_start_tick
 .text.watchdog_update
                0x100028a0       0x14 CMakeFiles/ProjetoU7T.dir/C_/Users/Guilherme_Blanco/.pico-sdk/sdk/1.5.1/src/rp2_common/hardware_watchdog/watchdog.c.obj
                0x100028a0                watchdog_update
 .text._watchdog_enable
                0x100028b4       0x78 CMakeFiles/ProjetoU7T.dir/C_/Users/Guilherme_Blanco/.pico-sdk/sdk/1.5.1/src/rp2_common/hardware_watchdog/watchdog.c.obj
                0x100028b4                _watchdog_enable
 .text.watchdog_reboot
                0x1000292c       0x48 CMakeFiles/ProjetoU7T.dir/C_/Users/Guilherme_Blanco/.pico-sdk/sdk/1.5.1/src/rp2_common/hardware_watchdog/watchdog.c.obj
                0x1000292c                watchdog_reboot
 .text.xosc_init
                0x10002974       0x28 CMakeFiles/ProjetoU7T.dir/C_/Users/Guilherme_Blanco/.pico-sdk/sdk/1.5.1/src/rp2_common/hardware_xosc/xosc.c.obj
                0x10002974                xosc_init
 .text._exit    0x1000299c        0x4 CMakeFiles/ProjetoU7T.dir/C_/Users/Guilherme_Blanco/.pico-sdk/sdk/1.5.1/src/rp2_common/pico_runtime/runtime.c.obj
                0x1000299c                _exit
 .text._sbrk    0x100029a0       0x38 CMakeFiles/ProjetoU7T.dir/C_/Users/Guilherme_Blanco/.pico-sdk/sdk/1.5.1/src/rp2_common/pico_runtime/runtime.c.obj
                0x100029a0                _sbrk
 .text.exit     0x100029d8        0x6 CMakeFiles/ProjetoU7T.dir/C_/Users/Guilherme_Blanco/.pico-sdk/sdk/1.5.1/src/rp2_common/pico_runtime/runtime.c.obj
                0x100029d8                exit
 *fill*         0x100029de        0x2 
 .text.__assert_func
                0x100029e0       0x38 CMakeFiles/ProjetoU7T.dir/C_/Users/Guilherme_Blanco/.pico-sdk/sdk/1.5.1/src/rp2_common/pico_runtime/runtime.c.obj
                0x100029e0                __assert_func
 .text.runtime_init
                0x10002a18       0xf8 CMakeFiles/ProjetoU7T.dir/C_/Users/Guilherme_Blanco/.pico-sdk/sdk/1.5.1/src/rp2_common/pico_runtime/runtime.c.obj
                0x10002a18                runtime_init
 .text.panic    0x10002b10       0x30 CMakeFiles/ProjetoU7T.dir/C_/Users/Guilherme_Blanco/.pico-sdk/sdk/1.5.1/src/rp2_common/pico_runtime/runtime.c.obj
                0x10002b10                panic
 .text._out_null
                0x10002b40        0x2 CMakeFiles/ProjetoU7T.dir/C_/Users/Guilherme_Blanco/.pico-sdk/sdk/1.5.1/src/rp2_common/pico_printf/printf.c.obj
 .text._out_fct
                0x10002b42        0xe CMakeFiles/ProjetoU7T.dir/C_/Users/Guilherme_Blanco/.pico-sdk/sdk/1.5.1/src/rp2_common/pico_printf/printf.c.obj
 .text._atoi    0x10002b50       0x24 CMakeFiles/ProjetoU7T.dir/C_/Users/Guilherme_Blanco/.pico-sdk/sdk/1.5.1/src/rp2_common/pico_printf/printf.c.obj
 .text._out_rev
                0x10002b74       0xae CMakeFiles/ProjetoU7T.dir/C_/Users/Guilherme_Blanco/.pico-sdk/sdk/1.5.1/src/rp2_common/pico_printf/printf.c.obj
 .text._ntoa_format
                0x10002c22      0x110 CMakeFiles/ProjetoU7T.dir/C_/Users/Guilherme_Blanco/.pico-sdk/sdk/1.5.1/src/rp2_common/pico_printf/printf.c.obj
 .text._ntoa_long
                0x10002d32       0xbc CMakeFiles/ProjetoU7T.dir/C_/Users/Guilherme_Blanco/.pico-sdk/sdk/1.5.1/src/rp2_common/pico_printf/printf.c.obj
 .text._ntoa_long_long
                0x10002dee      0x10e CMakeFiles/ProjetoU7T.dir/C_/Users/Guilherme_Blanco/.pico-sdk/sdk/1.5.1/src/rp2_common/pico_printf/printf.c.obj
 .text._etoa    0x10002efc      0x420 CMakeFiles/ProjetoU7T.dir/C_/Users/Guilherme_Blanco/.pico-sdk/sdk/1.5.1/src/rp2_common/pico_printf/printf.c.obj
 .text._ftoa    0x1000331c      0x354 CMakeFiles/ProjetoU7T.dir/C_/Users/Guilherme_Blanco/.pico-sdk/sdk/1.5.1/src/rp2_common/pico_printf/printf.c.obj
 .text._vsnprintf
                0x10003670      0x668 CMakeFiles/ProjetoU7T.dir/C_/Users/Guilherme_Blanco/.pico-sdk/sdk/1.5.1/src/rp2_common/pico_printf/printf.c.obj
 .text.vfctprintf
                0x10003cd8       0x20 CMakeFiles/ProjetoU7T.dir/C_/Users/Guilherme_Blanco/.pico-sdk/sdk/1.5.1/src/rp2_common/pico_printf/printf.c.obj
                0x10003cd8                vfctprintf
 .text          0x10003cf8       0x10 CMakeFiles/ProjetoU7T.dir/C_/Users/Guilherme_Blanco/.pico-sdk/sdk/1.5.1/src/rp2_common/pico_bit_ops/bit_ops_aeabi.S.obj
 .text.rom_func_lookup
                0x10003d08       0x10 CMakeFiles/ProjetoU7T.dir/C_/Users/Guilherme_Blanco/.pico-sdk/sdk/1.5.1/src/rp2_common/pico_bootrom/bootrom.c.obj
                0x10003d08                rom_func_lookup
 .text.rom_data_lookup
                0x10003d18       0x10 CMakeFiles/ProjetoU7T.dir/C_/Users/Guilherme_Blanco/.pico-sdk/sdk/1.5.1/src/rp2_common/pico_bootrom/bootrom.c.obj
                0x10003d18                rom_data_lookup
 .text.rom_funcs_lookup
                0x10003d28       0x36 CMakeFiles/ProjetoU7T.dir/C_/Users/Guilherme_Blanco/.pico-sdk/sdk/1.5.1/src/rp2_common/pico_bootrom/bootrom.c.obj
                0x10003d28                rom_funcs_lookup
 *fill*         0x10003d5e        0x2 
 .text.__wrap___aeabi_idiv
                0x10003d60       0x50 CMakeFiles/ProjetoU7T.dir/C_/Users/Guilherme_Blanco/.pico-sdk/sdk/1.5.1/src/rp2_common/pico_divider/divider.S.obj
                0x10003d60                __wrap___aeabi_idivmod
                0x10003d60                divmod_s32s32
                0x10003d60                div_s32s32
                0x10003d60                __wrap___aeabi_idiv
                0x10003d68                divmod_s32s32_unsafe
                0x10003d94                divmod_s32s32_savestate
 .text.__wrap___aeabi_uidiv
                0x10003db0       0x4c CMakeFiles/ProjetoU7T.dir/C_/Users/Guilherme_Blanco/.pico-sdk/sdk/1.5.1/src/rp2_common/pico_divider/divider.S.obj
                0x10003db0                __wrap___aeabi_uidiv
                0x10003db0                __wrap___aeabi_uidivmod
                0x10003db0                div_u32u32
                0x10003db0                divmod_u32u32
                0x10003db8                divmod_u32u32_unsafe
                0x10003de0                divmod_u32u32_savestate
 .text.__wrap___aeabi_ldiv
                0x10003dfc      0x424 CMakeFiles/ProjetoU7T.dir/C_/Users/Guilherme_Blanco/.pico-sdk/sdk/1.5.1/src/rp2_common/pico_divider/divider.S.obj
                0x10003dfc                div_s64s64
                0x10003dfc                divmod_s64s64
                0x10003dfc                __wrap___aeabi_ldivmod
                0x10003e2c                divmod_u64u64
                0x10003e2c                div_u64u64
                0x10003e2c                __wrap___aeabi_uldivmod
                0x10003e3c                divmod_u64u64_savestate
                0x10003e5c                divmod_s64s64_unsafe
                0x10003ee4                divmod_u64u64_unsafe
 .text.__wrap___aeabi_darithmetic
                0x10004220       0x60 CMakeFiles/ProjetoU7T.dir/C_/Users/Guilherme_Blanco/.pico-sdk/sdk/1.5.1/src/rp2_common/pico_double/double_aeabi.S.obj
                0x10004220                __wrap___aeabi_drsub
                0x10004226                __wrap___aeabi_dsub
                0x10004230                __wrap___aeabi_dadd
                0x1000423a                __wrap___aeabi_ddiv
                0x1000426e                __wrap___aeabi_dmul
 .text.__wrap___aeabi_cdcmple
                0x10004280       0x6c CMakeFiles/ProjetoU7T.dir/C_/Users/Guilherme_Blanco/.pico-sdk/sdk/1.5.1/src/rp2_common/pico_double/double_aeabi.S.obj
                0x10004280                __wrap___aeabi_cdrcmple
                0x10004290                __wrap___aeabi_cdcmpeq
                0x10004290                __wrap___aeabi_cdcmple
 .text.__wrap___aeabi_dcmplt
                0x100042ec        0xc CMakeFiles/ProjetoU7T.dir/C_/Users/Guilherme_Blanco/.pico-sdk/sdk/1.5.1/src/rp2_common/pico_double/double_aeabi.S.obj
                0x100042ec                __wrap___aeabi_dcmplt
 .text.__wrap___aeabi_dcmple
                0x100042f8       0x10 CMakeFiles/ProjetoU7T.dir/C_/Users/Guilherme_Blanco/.pico-sdk/sdk/1.5.1/src/rp2_common/pico_double/double_aeabi.S.obj
                0x100042f8                __wrap___aeabi_dcmple
 .text.__wrap___aeabi_dcmpge
                0x10004308       0x10 CMakeFiles/ProjetoU7T.dir/C_/Users/Guilherme_Blanco/.pico-sdk/sdk/1.5.1/src/rp2_common/pico_double/double_aeabi.S.obj
                0x10004308                __wrap___aeabi_dcmpge
 .text.__wrap___aeabi_dcmpgt
                0x10004318        0xa CMakeFiles/ProjetoU7T.dir/C_/Users/Guilherme_Blanco/.pico-sdk/sdk/1.5.1/src/rp2_common/pico_double/double_aeabi.S.obj
                0x10004318                __wrap___aeabi_dcmpgt
 .text.__wrap___aeabi_dcmpun
                0x10004322       0x1c CMakeFiles/ProjetoU7T.dir/C_/Users/Guilherme_Blanco/.pico-sdk/sdk/1.5.1/src/rp2_common/pico_double/double_aeabi.S.obj
                0x10004322                __wrap___aeabi_dcmpun
 *fill*         0x1000433e        0x2 
 .text.__wrap___aeabi_i2d
                0x10004340       0x38 CMakeFiles/ProjetoU7T.dir/C_/Users/Guilherme_Blanco/.pico-sdk/sdk/1.5.1/src/rp2_common/pico_double/double_aeabi.S.obj
                0x10004340                __wrap___aeabi_ui2d
                0x10004348                __wrap___aeabi_i2d
 .text.__wrap___aeabi_d2iz
                0x10004378       0x48 CMakeFiles/ProjetoU7T.dir/C_/Users/Guilherme_Blanco/.pico-sdk/sdk/1.5.1/src/rp2_common/pico_double/double_aeabi.S.obj
                0x10004378                double2int_z
                0x10004378                __wrap___aeabi_d2iz
 .text.__wrap___aeabi_d2uiz
                0x100043c0       0x10 CMakeFiles/ProjetoU7T.dir/C_/Users/Guilherme_Blanco/.pico-sdk/sdk/1.5.1/src/rp2_common/pico_double/double_aeabi.S.obj
                0x100043c0                __wrap___aeabi_d2uiz
                0x100043c0                double2uint
 .text.__wrap___aeabi_d2f
                0x100043d0       0x10 CMakeFiles/ProjetoU7T.dir/C_/Users/Guilherme_Blanco/.pico-sdk/sdk/1.5.1/src/rp2_common/pico_double/double_aeabi.S.obj
                0x100043d0                __wrap___aeabi_d2f
 .text.missing_double_func_shim
                0x100043e0        0xc CMakeFiles/ProjetoU7T.dir/C_/Users/Guilherme_Blanco/.pico-sdk/sdk/1.5.1/src/rp2_common/pico_double/double_init_rom.c.obj
 .text.__aeabi_double_init
                0x100043ec       0xd0 CMakeFiles/ProjetoU7T.dir/C_/Users/Guilherme_Blanco/.pico-sdk/sdk/1.5.1/src/rp2_common/pico_double/double_init_rom.c.obj
                0x100043ec                __aeabi_double_init
 .text.double_table_shim_on_use_helper
                0x100044bc       0x34 CMakeFiles/ProjetoU7T.dir/C_/Users/Guilherme_Blanco/.pico-sdk/sdk/1.5.1/src/rp2_common/pico_double/double_v1_rom_shim.S.obj
                0x100044bc                double_table_shim_on_use_helper
 .text.__aeabi_lmul
                0x100044f0       0x32 CMakeFiles/ProjetoU7T.dir/C_/Users/Guilherme_Blanco/.pico-sdk/sdk/1.5.1/src/rp2_common/pico_int64_ops/pico_int64_ops_aeabi.S.obj
                0x100044f0                __wrap___aeabi_lmul
 *fill*         0x10004522        0x2 
 .text.__wrap___aeabi_farithmetic
                0x10004524       0x48 CMakeFiles/ProjetoU7T.dir/C_/Users/Guilherme_Blanco/.pico-sdk/sdk/1.5.1/src/rp2_common/pico_float/float_aeabi.S.obj
                0x10004524                __wrap___aeabi_frsub
                0x1000452a                __wrap___aeabi_fsub
                0x10004530                __wrap___aeabi_fadd
                0x10004536                __wrap___aeabi_fdiv
                0x1000455e                __wrap___aeabi_fmul
 .text.__wrap___aeabi_i2f
                0x1000456c       0x44 CMakeFiles/ProjetoU7T.dir/C_/Users/Guilherme_Blanco/.pico-sdk/sdk/1.5.1/src/rp2_common/pico_float/float_aeabi.S.obj
                0x1000456c                __wrap___aeabi_i2f
 .text.__wrap___aeabi_f2uiz
                0x100045b0        0xc CMakeFiles/ProjetoU7T.dir/C_/Users/Guilherme_Blanco/.pico-sdk/sdk/1.5.1/src/rp2_common/pico_float/float_aeabi.S.obj
                0x100045b0                __wrap___aeabi_f2uiz
 .text.__wrap___aeabi_f2d
                0x100045bc        0xc CMakeFiles/ProjetoU7T.dir/C_/Users/Guilherme_Blanco/.pico-sdk/sdk/1.5.1/src/rp2_common/pico_float/float_aeabi.S.obj
                0x100045bc                __wrap___aeabi_f2d
 .text.missing_float_func_shim
                0x100045c8        0xc CMakeFiles/ProjetoU7T.dir/C_/Users/Guilherme_Blanco/.pico-sdk/sdk/1.5.1/src/rp2_common/pico_float/float_init_rom.c.obj
 .text.__aeabi_float_init
                0x100045d4       0x88 CMakeFiles/ProjetoU7T.dir/C_/Users/Guilherme_Blanco/.pico-sdk/sdk/1.5.1/src/rp2_common/pico_float/float_init_rom.c.obj
                0x100045d4                __aeabi_float_init
 .text.check_alloc
                0x1000465c       0x20 CMakeFiles/ProjetoU7T.dir/C_/Users/Guilherme_Blanco/.pico-sdk/sdk/1.5.1/src/rp2_common/pico_malloc/pico_malloc.c.obj
 .text.__wrap_malloc
                0x1000467c       0x14 CMakeFiles/ProjetoU7T.dir/C_/Users/Guilherme_Blanco/.pico-sdk/sdk/1.5.1/src/rp2_common/pico_malloc/pico_malloc.c.obj
                0x1000467c                __wrap_malloc
 .text.__wrap_free
                0x10004690        0x8 CMakeFiles/ProjetoU7T.dir/C_/Users/Guilherme_Blanco/.pico-sdk/sdk/1.5.1/src/rp2_common/pico_malloc/pico_malloc.c.obj
                0x10004690                __wrap_free
 .text          0x10004698       0x10 CMakeFiles/ProjetoU7T.dir/C_/Users/Guilherme_Blanco/.pico-sdk/sdk/1.5.1/src/rp2_common/pico_mem_ops/mem_ops_aeabi.S.obj
                0x10004698                __aeabi_mem_init
 .text.memset   0x100046a8        0xc CMakeFiles/ProjetoU7T.dir/C_/Users/Guilherme_Blanco/.pico-sdk/sdk/1.5.1/src/rp2_common/pico_mem_ops/mem_ops_aeabi.S.obj
                0x100046a8                __wrap_memset
 .text.memcpy   0x100046b4        0xc CMakeFiles/ProjetoU7T.dir/C_/Users/Guilherme_Blanco/.pico-sdk/sdk/1.5.1/src/rp2_common/pico_mem_ops/mem_ops_aeabi.S.obj
                0x100046b4                __wrap_memcpy
                0x100046b4                __wrap___aeabi_memcpy
 .text.stdio_out_chars_no_crlf
                0x100046c0        0xe CMakeFiles/ProjetoU7T.dir/C_/Users/Guilherme_Blanco/.pico-sdk/sdk/1.5.1/src/rp2_common/pico_stdio/stdio.c.obj
 *fill*         0x100046ce        0x2 
 .text.stdio_out_chars_crlf
                0x100046d0       0x80 CMakeFiles/ProjetoU7T.dir/C_/Users/Guilherme_Blanco/.pico-sdk/sdk/1.5.1/src/rp2_common/pico_stdio/stdio.c.obj
 .text.stdio_stack_buffer_flush
                0x10004750       0x44 CMakeFiles/ProjetoU7T.dir/C_/Users/Guilherme_Blanco/.pico-sdk/sdk/1.5.1/src/rp2_common/pico_stdio/stdio.c.obj
 .text.stdio_buffered_printer
                0x10004794       0x20 CMakeFiles/ProjetoU7T.dir/C_/Users/Guilherme_Blanco/.pico-sdk/sdk/1.5.1/src/rp2_common/pico_stdio/stdio.c.obj
 .text.update_us_since_boot
                0x100047b4       0x24 CMakeFiles/ProjetoU7T.dir/C_/Users/Guilherme_Blanco/.pico-sdk/sdk/1.5.1/src/rp2_common/pico_stdio/stdio.c.obj
 .text.get_absolute_time
                0x100047d8       0x22 CMakeFiles/ProjetoU7T.dir/C_/Users/Guilherme_Blanco/.pico-sdk/sdk/1.5.1/src/rp2_common/pico_stdio/stdio.c.obj
 *fill*         0x100047fa        0x2 
 .text.delayed_by_ms
                0x100047fc       0x44 CMakeFiles/ProjetoU7T.dir/C_/Users/Guilherme_Blanco/.pico-sdk/sdk/1.5.1/src/rp2_common/pico_stdio/stdio.c.obj
 .text.make_timeout_time_ms
                0x10004840       0x20 CMakeFiles/ProjetoU7T.dir/C_/Users/Guilherme_Blanco/.pico-sdk/sdk/1.5.1/src/rp2_common/pico_stdio/stdio.c.obj
 .text.stdout_serialize_begin
                0x10004860       0x20 CMakeFiles/ProjetoU7T.dir/C_/Users/Guilherme_Blanco/.pico-sdk/sdk/1.5.1/src/rp2_common/pico_stdio/stdio.c.obj
                0x10004860                stdout_serialize_begin
 .text.stdout_serialize_end
                0x10004880       0x10 CMakeFiles/ProjetoU7T.dir/C_/Users/Guilherme_Blanco/.pico-sdk/sdk/1.5.1/src/rp2_common/pico_stdio/stdio.c.obj
                0x10004880                stdout_serialize_end
 .text.stdio_put_string
                0x10004890       0x98 CMakeFiles/ProjetoU7T.dir/C_/Users/Guilherme_Blanco/.pico-sdk/sdk/1.5.1/src/rp2_common/pico_stdio/stdio.c.obj
 .text.stdio_set_driver_enabled
                0x10004928       0x2c CMakeFiles/ProjetoU7T.dir/C_/Users/Guilherme_Blanco/.pico-sdk/sdk/1.5.1/src/rp2_common/pico_stdio/stdio.c.obj
                0x10004928                stdio_set_driver_enabled
 .text.stdio_flush
                0x10004954       0x20 CMakeFiles/ProjetoU7T.dir/C_/Users/Guilherme_Blanco/.pico-sdk/sdk/1.5.1/src/rp2_common/pico_stdio/stdio.c.obj
                0x10004954                stdio_flush
 .text.__wrap_puts
                0x10004974       0x1e CMakeFiles/ProjetoU7T.dir/C_/Users/Guilherme_Blanco/.pico-sdk/sdk/1.5.1/src/rp2_common/pico_stdio/stdio.c.obj
                0x10004974                __wrap_puts
 *fill*         0x10004992        0x2 
 .text.__wrap_vprintf
                0x10004994       0x40 CMakeFiles/ProjetoU7T.dir/C_/Users/Guilherme_Blanco/.pico-sdk/sdk/1.5.1/src/rp2_common/pico_stdio/stdio.c.obj
                0x10004994                __wrap_vprintf
 .text.__wrap_printf
                0x100049d4       0x18 CMakeFiles/ProjetoU7T.dir/C_/Users/Guilherme_Blanco/.pico-sdk/sdk/1.5.1/src/rp2_common/pico_stdio/stdio.c.obj
                0x100049d4                __wrap_printf
 .text.stdio_init_all
                0x100049ec        0x8 CMakeFiles/ProjetoU7T.dir/C_/Users/Guilherme_Blanco/.pico-sdk/sdk/1.5.1/src/rp2_common/pico_stdio/stdio.c.obj
                0x100049ec                stdio_init_all
 .text.resetd_init
                0x100049f4        0x2 CMakeFiles/ProjetoU7T.dir/C_/Users/Guilherme_Blanco/.pico-sdk/sdk/1.5.1/src/rp2_common/pico_stdio_usb/reset_interface.c.obj
 *fill*         0x100049f6        0x2 
 .text.resetd_reset
                0x100049f8        0xc CMakeFiles/ProjetoU7T.dir/C_/Users/Guilherme_Blanco/.pico-sdk/sdk/1.5.1/src/rp2_common/pico_stdio_usb/reset_interface.c.obj
 .text.resetd_open
                0x10004a04       0x34 CMakeFiles/ProjetoU7T.dir/C_/Users/Guilherme_Blanco/.pico-sdk/sdk/1.5.1/src/rp2_common/pico_stdio_usb/reset_interface.c.obj
 .text.resetd_xfer_cb
                0x10004a38        0x4 CMakeFiles/ProjetoU7T.dir/C_/Users/Guilherme_Blanco/.pico-sdk/sdk/1.5.1/src/rp2_common/pico_stdio_usb/reset_interface.c.obj
 .text.reset_usb_boot
                0x10004a3c       0x18 CMakeFiles/ProjetoU7T.dir/C_/Users/Guilherme_Blanco/.pico-sdk/sdk/1.5.1/src/rp2_common/pico_stdio_usb/reset_interface.c.obj
 .text.resetd_control_xfer_cb
                0x10004a54       0x5c CMakeFiles/ProjetoU7T.dir/C_/Users/Guilherme_Blanco/.pico-sdk/sdk/1.5.1/src/rp2_common/pico_stdio_usb/reset_interface.c.obj
 .text.usbd_app_driver_get_cb
                0x10004ab0        0xc CMakeFiles/ProjetoU7T.dir/C_/Users/Guilherme_Blanco/.pico-sdk/sdk/1.5.1/src/rp2_common/pico_stdio_usb/reset_interface.c.obj
                0x10004ab0                usbd_app_driver_get_cb
 .text.tud_cdc_line_coding_cb
                0x10004abc       0x28 CMakeFiles/ProjetoU7T.dir/C_/Users/Guilherme_Blanco/.pico-sdk/sdk/1.5.1/src/rp2_common/pico_stdio_usb/reset_interface.c.obj
                0x10004abc                tud_cdc_line_coding_cb
 .text.stdio_usb_set_chars_available_callback
                0x10004ae4       0x14 CMakeFiles/ProjetoU7T.dir/C_/Users/Guilherme_Blanco/.pico-sdk/sdk/1.5.1/src/rp2_common/pico_stdio_usb/stdio_usb.c.obj
                0x10004ae4                stdio_usb_set_chars_available_callback
 .text.update_us_since_boot
                0x10004af8       0x24 CMakeFiles/ProjetoU7T.dir/C_/Users/Guilherme_Blanco/.pico-sdk/sdk/1.5.1/src/rp2_common/pico_stdio_usb/stdio_usb.c.obj
 .text.get_absolute_time
                0x10004b1c       0x22 CMakeFiles/ProjetoU7T.dir/C_/Users/Guilherme_Blanco/.pico-sdk/sdk/1.5.1/src/rp2_common/pico_stdio_usb/stdio_usb.c.obj
 *fill*         0x10004b3e        0x2 
 .text.delayed_by_ms
                0x10004b40       0x44 CMakeFiles/ProjetoU7T.dir/C_/Users/Guilherme_Blanco/.pico-sdk/sdk/1.5.1/src/rp2_common/pico_stdio_usb/stdio_usb.c.obj
 .text.make_timeout_time_ms
                0x10004b84       0x20 CMakeFiles/ProjetoU7T.dir/C_/Users/Guilherme_Blanco/.pico-sdk/sdk/1.5.1/src/rp2_common/pico_stdio_usb/stdio_usb.c.obj
 .text.delayed_by_us
                0x10004ba4       0x34 CMakeFiles/ProjetoU7T.dir/C_/Users/Guilherme_Blanco/.pico-sdk/sdk/1.5.1/src/rp2_common/pico_stdio_usb/stdio_usb.c.obj
 .text.usb_irq  0x10004bd8       0x10 CMakeFiles/ProjetoU7T.dir/C_/Users/Guilherme_Blanco/.pico-sdk/sdk/1.5.1/src/rp2_common/pico_stdio_usb/stdio_usb.c.obj
 .text.critical_section_enter_blocking
                0x10004be8       0x16 CMakeFiles/ProjetoU7T.dir/C_/Users/Guilherme_Blanco/.pico-sdk/sdk/1.5.1/src/rp2_common/pico_stdio_usb/stdio_usb.c.obj
 *fill*         0x10004bfe        0x2 
 .text.timer_task
                0x10004c00       0x4c CMakeFiles/ProjetoU7T.dir/C_/Users/Guilherme_Blanco/.pico-sdk/sdk/1.5.1/src/rp2_common/pico_stdio_usb/stdio_usb.c.obj
 .text.alarm_pool_add_alarm_in_us
                0x10004c4c       0x3a CMakeFiles/ProjetoU7T.dir/C_/Users/Guilherme_Blanco/.pico-sdk/sdk/1.5.1/src/rp2_common/pico_stdio_usb/stdio_usb.c.obj
 .text.add_alarm_in_us
                0x10004c86       0x2e CMakeFiles/ProjetoU7T.dir/C_/Users/Guilherme_Blanco/.pico-sdk/sdk/1.5.1/src/rp2_common/pico_stdio_usb/stdio_usb.c.obj
 .text.low_priority_worker_irq
                0x10004cb4       0x7c CMakeFiles/ProjetoU7T.dir/C_/Users/Guilherme_Blanco/.pico-sdk/sdk/1.5.1/src/rp2_common/pico_stdio_usb/stdio_usb.c.obj
 .text.tud_cdc_rx_cb
                0x10004d30       0x20 CMakeFiles/ProjetoU7T.dir/C_/Users/Guilherme_Blanco/.pico-sdk/sdk/1.5.1/src/rp2_common/pico_stdio_usb/stdio_usb.c.obj
                0x10004d30                tud_cdc_rx_cb
 .text.stdio_usb_init
                0x10004d50       0xd0 CMakeFiles/ProjetoU7T.dir/C_/Users/Guilherme_Blanco/.pico-sdk/sdk/1.5.1/src/rp2_common/pico_stdio_usb/stdio_usb.c.obj
                0x10004d50                stdio_usb_init
 .text.stdio_usb_connected
                0x10004e20        0xa CMakeFiles/ProjetoU7T.dir/C_/Users/Guilherme_Blanco/.pico-sdk/sdk/1.5.1/src/rp2_common/pico_stdio_usb/stdio_usb.c.obj
                0x10004e20                stdio_usb_connected
 *fill*         0x10004e2a        0x2 
 .text.stdio_usb_in_chars
                0x10004e2c       0x88 CMakeFiles/ProjetoU7T.dir/C_/Users/Guilherme_Blanco/.pico-sdk/sdk/1.5.1/src/rp2_common/pico_stdio_usb/stdio_usb.c.obj
                0x10004e2c                stdio_usb_in_chars
 .text.stdio_usb_out_chars
                0x10004eb4       0xd8 CMakeFiles/ProjetoU7T.dir/C_/Users/Guilherme_Blanco/.pico-sdk/sdk/1.5.1/src/rp2_common/pico_stdio_usb/stdio_usb.c.obj
 .text.tud_descriptor_device_cb
                0x10004f8c        0x8 CMakeFiles/ProjetoU7T.dir/C_/Users/Guilherme_Blanco/.pico-sdk/sdk/1.5.1/src/rp2_common/pico_stdio_usb/stdio_usb_descriptors.c.obj
                0x10004f8c                tud_descriptor_device_cb
 .text.tud_descriptor_configuration_cb
                0x10004f94        0x8 CMakeFiles/ProjetoU7T.dir/C_/Users/Guilherme_Blanco/.pico-sdk/sdk/1.5.1/src/rp2_common/pico_stdio_usb/stdio_usb_descriptors.c.obj
                0x10004f94                tud_descriptor_configuration_cb
 .text.tud_descriptor_string_cb
                0x10004f9c       0x6c CMakeFiles/ProjetoU7T.dir/C_/Users/Guilherme_Blanco/.pico-sdk/sdk/1.5.1/src/rp2_common/pico_stdio_usb/stdio_usb_descriptors.c.obj
                0x10004f9c                tud_descriptor_string_cb
 .text._retrieve_unique_id_on_boot
                0x10005008       0x10 CMakeFiles/ProjetoU7T.dir/C_/Users/Guilherme_Blanco/.pico-sdk/sdk/1.5.1/src/rp2_common/pico_unique_id/unique_id.c.obj
 .text.pico_get_unique_board_id_string
                0x10005018       0x5c CMakeFiles/ProjetoU7T.dir/C_/Users/Guilherme_Blanco/.pico-sdk/sdk/1.5.1/src/rp2_common/pico_unique_id/unique_id.c.obj
                0x10005018                pico_get_unique_board_id_string
 .text.flash_get_unique_id
                0x10005074       0x40 CMakeFiles/ProjetoU7T.dir/C_/Users/Guilherme_Blanco/.pico-sdk/sdk/1.5.1/src/rp2_common/hardware_flash/flash.c.obj
                0x10005074                flash_get_unique_id
 .text.hw_endpoint_get_by_addr
                0x100050b4       0x18 CMakeFiles/ProjetoU7T.dir/C_/Users/Guilherme_Blanco/.pico-sdk/sdk/1.5.1/lib/tinyusb/src/portable/raspberrypi/rp2040/dcd_rp2040.c.obj
 .text._hw_endpoint_alloc
                0x100050cc       0x70 CMakeFiles/ProjetoU7T.dir/C_/Users/Guilherme_Blanco/.pico-sdk/sdk/1.5.1/lib/tinyusb/src/portable/raspberrypi/rp2040/dcd_rp2040.c.obj
 .text.hw_endpoint_init
                0x1000513c       0x88 CMakeFiles/ProjetoU7T.dir/C_/Users/Guilherme_Blanco/.pico-sdk/sdk/1.5.1/lib/tinyusb/src/portable/raspberrypi/rp2040/dcd_rp2040.c.obj
 .text.dcd_event_sof
                0x100051c4       0x2c CMakeFiles/ProjetoU7T.dir/C_/Users/Guilherme_Blanco/.pico-sdk/sdk/1.5.1/lib/tinyusb/src/portable/raspberrypi/rp2040/dcd_rp2040.c.obj
 .text.hw_endpoint_xfer
                0x100051f0       0x14 CMakeFiles/ProjetoU7T.dir/C_/Users/Guilherme_Blanco/.pico-sdk/sdk/1.5.1/lib/tinyusb/src/portable/raspberrypi/rp2040/dcd_rp2040.c.obj
 .text.dcd_int_enable
                0x10005204       0x2c CMakeFiles/ProjetoU7T.dir/C_/Users/Guilherme_Blanco/.pico-sdk/sdk/1.5.1/lib/tinyusb/src/portable/raspberrypi/rp2040/dcd_rp2040.c.obj
                0x10005204                dcd_int_enable
 .text.dcd_set_address
                0x10005230       0x2c CMakeFiles/ProjetoU7T.dir/C_/Users/Guilherme_Blanco/.pico-sdk/sdk/1.5.1/lib/tinyusb/src/portable/raspberrypi/rp2040/dcd_rp2040.c.obj
                0x10005230                dcd_set_address
 .text.dcd_connect
                0x1000525c       0x10 CMakeFiles/ProjetoU7T.dir/C_/Users/Guilherme_Blanco/.pico-sdk/sdk/1.5.1/lib/tinyusb/src/portable/raspberrypi/rp2040/dcd_rp2040.c.obj
                0x1000525c                dcd_connect
 .text.dcd_init
                0x1000526c       0x80 CMakeFiles/ProjetoU7T.dir/C_/Users/Guilherme_Blanco/.pico-sdk/sdk/1.5.1/lib/tinyusb/src/portable/raspberrypi/rp2040/dcd_rp2040.c.obj
                0x1000526c                dcd_init
 .text.dcd_edpt0_status_complete
                0x100052ec       0x1c CMakeFiles/ProjetoU7T.dir/C_/Users/Guilherme_Blanco/.pico-sdk/sdk/1.5.1/lib/tinyusb/src/portable/raspberrypi/rp2040/dcd_rp2040.c.obj
                0x100052ec                dcd_edpt0_status_complete
 .text.dcd_edpt_open
                0x10005308       0x40 CMakeFiles/ProjetoU7T.dir/C_/Users/Guilherme_Blanco/.pico-sdk/sdk/1.5.1/lib/tinyusb/src/portable/raspberrypi/rp2040/dcd_rp2040.c.obj
                0x10005308                dcd_edpt_open
 .text.dcd_edpt_close_all
                0x10005348        0x8 CMakeFiles/ProjetoU7T.dir/C_/Users/Guilherme_Blanco/.pico-sdk/sdk/1.5.1/lib/tinyusb/src/portable/raspberrypi/rp2040/dcd_rp2040.c.obj
                0x10005348                dcd_edpt_close_all
 .text.dcd_edpt_xfer
                0x10005350       0x34 CMakeFiles/ProjetoU7T.dir/C_/Users/Guilherme_Blanco/.pico-sdk/sdk/1.5.1/lib/tinyusb/src/portable/raspberrypi/rp2040/dcd_rp2040.c.obj
                0x10005350                dcd_edpt_xfer
 .text.dcd_edpt_stall
                0x10005384       0x2c CMakeFiles/ProjetoU7T.dir/C_/Users/Guilherme_Blanco/.pico-sdk/sdk/1.5.1/lib/tinyusb/src/portable/raspberrypi/rp2040/dcd_rp2040.c.obj
                0x10005384                dcd_edpt_stall
 .text.dcd_edpt_clear_stall
                0x100053b0       0x20 CMakeFiles/ProjetoU7T.dir/C_/Users/Guilherme_Blanco/.pico-sdk/sdk/1.5.1/lib/tinyusb/src/portable/raspberrypi/rp2040/dcd_rp2040.c.obj
                0x100053b0                dcd_edpt_clear_stall
 .text.rp2040_usb_init
                0x100053d0       0x4c CMakeFiles/ProjetoU7T.dir/C_/Users/Guilherme_Blanco/.pico-sdk/sdk/1.5.1/lib/tinyusb/src/portable/raspberrypi/rp2040/rp2040_usb.c.obj
                0x100053d0                rp2040_usb_init
 .text.hw_endpoint_xfer_start
                0x1000541c       0x50 CMakeFiles/ProjetoU7T.dir/C_/Users/Guilherme_Blanco/.pico-sdk/sdk/1.5.1/lib/tinyusb/src/portable/raspberrypi/rp2040/rp2040_usb.c.obj
                0x1000541c                hw_endpoint_xfer_start
 .text.configuration_reset
                0x1000546c       0x84 CMakeFiles/ProjetoU7T.dir/C_/Users/Guilherme_Blanco/.pico-sdk/sdk/1.5.1/lib/tinyusb/src/device/usbd.c.obj
 .text.critical_section_enter_blocking
                0x100054f0       0x16 CMakeFiles/ProjetoU7T.dir/C_/Users/Guilherme_Blanco/.pico-sdk/sdk/1.5.1/lib/tinyusb/src/device/usbd.c.obj
 .text.usbd_reset
                0x10005506        0xc CMakeFiles/ProjetoU7T.dir/C_/Users/Guilherme_Blanco/.pico-sdk/sdk/1.5.1/lib/tinyusb/src/device/usbd.c.obj
 .text.invoke_class_control
                0x10005512       0x1a CMakeFiles/ProjetoU7T.dir/C_/Users/Guilherme_Blanco/.pico-sdk/sdk/1.5.1/lib/tinyusb/src/device/usbd.c.obj
 .text.process_set_config
                0x1000552c      0x178 CMakeFiles/ProjetoU7T.dir/C_/Users/Guilherme_Blanco/.pico-sdk/sdk/1.5.1/lib/tinyusb/src/device/usbd.c.obj
 .text.process_get_descriptor
                0x100056a4       0xdc CMakeFiles/ProjetoU7T.dir/C_/Users/Guilherme_Blanco/.pico-sdk/sdk/1.5.1/lib/tinyusb/src/device/usbd.c.obj
 .text.tud_mounted
                0x10005780       0x10 CMakeFiles/ProjetoU7T.dir/C_/Users/Guilherme_Blanco/.pico-sdk/sdk/1.5.1/lib/tinyusb/src/device/usbd.c.obj
                0x10005780                tud_mounted
 .text.tud_suspended
                0x10005790       0x10 CMakeFiles/ProjetoU7T.dir/C_/Users/Guilherme_Blanco/.pico-sdk/sdk/1.5.1/lib/tinyusb/src/device/usbd.c.obj
                0x10005790                tud_suspended
 .text.tud_inited
                0x100057a0       0x14 CMakeFiles/ProjetoU7T.dir/C_/Users/Guilherme_Blanco/.pico-sdk/sdk/1.5.1/lib/tinyusb/src/device/usbd.c.obj
                0x100057a0                tud_inited
 .text.tud_init
                0x100057b4       0xcc CMakeFiles/ProjetoU7T.dir/C_/Users/Guilherme_Blanco/.pico-sdk/sdk/1.5.1/lib/tinyusb/src/device/usbd.c.obj
                0x100057b4                tud_init
 .text.usbd_defer_func
                0x10005880       0x2a CMakeFiles/ProjetoU7T.dir/C_/Users/Guilherme_Blanco/.pico-sdk/sdk/1.5.1/lib/tinyusb/src/device/usbd.c.obj
                0x10005880                usbd_defer_func
 *fill*         0x100058aa        0x2 
 .text.usbd_edpt_open
                0x100058ac       0x34 CMakeFiles/ProjetoU7T.dir/C_/Users/Guilherme_Blanco/.pico-sdk/sdk/1.5.1/lib/tinyusb/src/device/usbd.c.obj
                0x100058ac                usbd_edpt_open
 .text.usbd_open_edpt_pair
                0x100058e0       0x62 CMakeFiles/ProjetoU7T.dir/C_/Users/Guilherme_Blanco/.pico-sdk/sdk/1.5.1/lib/tinyusb/src/device/usbd.c.obj
                0x100058e0                usbd_open_edpt_pair
 *fill*         0x10005942        0x2 
 .text.usbd_edpt_claim
                0x10005944       0x28 CMakeFiles/ProjetoU7T.dir/C_/Users/Guilherme_Blanco/.pico-sdk/sdk/1.5.1/lib/tinyusb/src/device/usbd.c.obj
                0x10005944                usbd_edpt_claim
 .text.usbd_edpt_release
                0x1000596c       0x28 CMakeFiles/ProjetoU7T.dir/C_/Users/Guilherme_Blanco/.pico-sdk/sdk/1.5.1/lib/tinyusb/src/device/usbd.c.obj
                0x1000596c                usbd_edpt_release
 .text.usbd_edpt_xfer
                0x10005994       0x78 CMakeFiles/ProjetoU7T.dir/C_/Users/Guilherme_Blanco/.pico-sdk/sdk/1.5.1/lib/tinyusb/src/device/usbd.c.obj
                0x10005994                usbd_edpt_xfer
 .text.usbd_edpt_stall
                0x10005a0c       0x48 CMakeFiles/ProjetoU7T.dir/C_/Users/Guilherme_Blanco/.pico-sdk/sdk/1.5.1/lib/tinyusb/src/device/usbd.c.obj
                0x10005a0c                usbd_edpt_stall
 .text.usbd_edpt_clear_stall
                0x10005a54       0x48 CMakeFiles/ProjetoU7T.dir/C_/Users/Guilherme_Blanco/.pico-sdk/sdk/1.5.1/lib/tinyusb/src/device/usbd.c.obj
                0x10005a54                usbd_edpt_clear_stall
 .text.usbd_edpt_stalled
                0x10005a9c       0x1c CMakeFiles/ProjetoU7T.dir/C_/Users/Guilherme_Blanco/.pico-sdk/sdk/1.5.1/lib/tinyusb/src/device/usbd.c.obj
                0x10005a9c                usbd_edpt_stalled
 .text.process_control_request
                0x10005ab8      0x374 CMakeFiles/ProjetoU7T.dir/C_/Users/Guilherme_Blanco/.pico-sdk/sdk/1.5.1/lib/tinyusb/src/device/usbd.c.obj
 .text.tud_task_ext
                0x10005e2c      0x1a8 CMakeFiles/ProjetoU7T.dir/C_/Users/Guilherme_Blanco/.pico-sdk/sdk/1.5.1/lib/tinyusb/src/device/usbd.c.obj
                0x10005e2c                tud_task_ext
 .text._status_stage_xact
                0x10005fd4       0x1a CMakeFiles/ProjetoU7T.dir/C_/Users/Guilherme_Blanco/.pico-sdk/sdk/1.5.1/lib/tinyusb/src/device/usbd_control.c.obj
 *fill*         0x10005fee        0x2 
 .text._data_stage_xact
                0x10005ff0       0x58 CMakeFiles/ProjetoU7T.dir/C_/Users/Guilherme_Blanco/.pico-sdk/sdk/1.5.1/lib/tinyusb/src/device/usbd_control.c.obj
 .text.tud_control_status
                0x10006048       0x28 CMakeFiles/ProjetoU7T.dir/C_/Users/Guilherme_Blanco/.pico-sdk/sdk/1.5.1/lib/tinyusb/src/device/usbd_control.c.obj
                0x10006048                tud_control_status
 .text.tud_control_xfer
                0x10006070       0x68 CMakeFiles/ProjetoU7T.dir/C_/Users/Guilherme_Blanco/.pico-sdk/sdk/1.5.1/lib/tinyusb/src/device/usbd_control.c.obj
                0x10006070                tud_control_xfer
 .text.usbd_control_reset
                0x100060d8       0x14 CMakeFiles/ProjetoU7T.dir/C_/Users/Guilherme_Blanco/.pico-sdk/sdk/1.5.1/lib/tinyusb/src/device/usbd_control.c.obj
                0x100060d8                usbd_control_reset
 .text.usbd_control_set_complete_callback
                0x100060ec        0xc CMakeFiles/ProjetoU7T.dir/C_/Users/Guilherme_Blanco/.pico-sdk/sdk/1.5.1/lib/tinyusb/src/device/usbd_control.c.obj
                0x100060ec                usbd_control_set_complete_callback
 .text.usbd_control_set_request
                0x100060f8       0x1c CMakeFiles/ProjetoU7T.dir/C_/Users/Guilherme_Blanco/.pico-sdk/sdk/1.5.1/lib/tinyusb/src/device/usbd_control.c.obj
                0x100060f8                usbd_control_set_request
 .text.usbd_control_xfer_cb
                0x10006114       0xbc CMakeFiles/ProjetoU7T.dir/C_/Users/Guilherme_Blanco/.pico-sdk/sdk/1.5.1/lib/tinyusb/src/device/usbd_control.c.obj
                0x10006114                usbd_control_xfer_cb
 .text._prep_out_transaction
                0x100061d0       0x4a CMakeFiles/ProjetoU7T.dir/C_/Users/Guilherme_Blanco/.pico-sdk/sdk/1.5.1/lib/tinyusb/src/class/cdc/cdc_device.c.obj
 *fill*         0x1000621a        0x2 
 .text.tud_cdc_n_connected
                0x1000621c       0x38 CMakeFiles/ProjetoU7T.dir/C_/Users/Guilherme_Blanco/.pico-sdk/sdk/1.5.1/lib/tinyusb/src/class/cdc/cdc_device.c.obj
                0x1000621c                tud_cdc_n_connected
 .text.tud_cdc_n_available
                0x10006254       0x18 CMakeFiles/ProjetoU7T.dir/C_/Users/Guilherme_Blanco/.pico-sdk/sdk/1.5.1/lib/tinyusb/src/class/cdc/cdc_device.c.obj
                0x10006254                tud_cdc_n_available
 .text.tud_cdc_n_read
                0x1000626c       0x28 CMakeFiles/ProjetoU7T.dir/C_/Users/Guilherme_Blanco/.pico-sdk/sdk/1.5.1/lib/tinyusb/src/class/cdc/cdc_device.c.obj
                0x1000626c                tud_cdc_n_read
 .text.tud_cdc_n_write_flush
                0x10006294       0xb8 CMakeFiles/ProjetoU7T.dir/C_/Users/Guilherme_Blanco/.pico-sdk/sdk/1.5.1/lib/tinyusb/src/class/cdc/cdc_device.c.obj
                0x10006294                tud_cdc_n_write_flush
 .text.tud_cdc_n_write
                0x1000634c       0x38 CMakeFiles/ProjetoU7T.dir/C_/Users/Guilherme_Blanco/.pico-sdk/sdk/1.5.1/lib/tinyusb/src/class/cdc/cdc_device.c.obj
                0x1000634c                tud_cdc_n_write
 .text.tud_cdc_n_write_available
                0x10006384       0x1c CMakeFiles/ProjetoU7T.dir/C_/Users/Guilherme_Blanco/.pico-sdk/sdk/1.5.1/lib/tinyusb/src/class/cdc/cdc_device.c.obj
                0x10006384                tud_cdc_n_write_available
 .text.cdcd_init
                0x100063a0       0xbc CMakeFiles/ProjetoU7T.dir/C_/Users/Guilherme_Blanco/.pico-sdk/sdk/1.5.1/lib/tinyusb/src/class/cdc/cdc_device.c.obj
                0x100063a0                cdcd_init
 .text.cdcd_reset
                0x1000645c       0x44 CMakeFiles/ProjetoU7T.dir/C_/Users/Guilherme_Blanco/.pico-sdk/sdk/1.5.1/lib/tinyusb/src/class/cdc/cdc_device.c.obj
                0x1000645c                cdcd_reset
 .text.cdcd_open
                0x100064a0       0xc4 CMakeFiles/ProjetoU7T.dir/C_/Users/Guilherme_Blanco/.pico-sdk/sdk/1.5.1/lib/tinyusb/src/class/cdc/cdc_device.c.obj
                0x100064a0                cdcd_open
 .text.cdcd_control_xfer_cb
                0x10006564      0x134 CMakeFiles/ProjetoU7T.dir/C_/Users/Guilherme_Blanco/.pico-sdk/sdk/1.5.1/lib/tinyusb/src/class/cdc/cdc_device.c.obj
                0x10006564                cdcd_control_xfer_cb
 .text.cdcd_xfer_cb
                0x10006698      0x130 CMakeFiles/ProjetoU7T.dir/C_/Users/Guilherme_Blanco/.pico-sdk/sdk/1.5.1/lib/tinyusb/src/class/cdc/cdc_device.c.obj
                0x10006698                cdcd_xfer_cb
 .text.tusb_init
                0x100067c8        0xa CMakeFiles/ProjetoU7T.dir/C_/Users/Guilherme_Blanco/.pico-sdk/sdk/1.5.1/lib/tinyusb/src/tusb.c.obj
                0x100067c8                tusb_init
 .text.tusb_inited
                0x100067d2        0xe CMakeFiles/ProjetoU7T.dir/C_/Users/Guilherme_Blanco/.pico-sdk/sdk/1.5.1/lib/tinyusb/src/tusb.c.obj
                0x100067d2                tusb_inited
 .text.tu_edpt_claim
                0x100067e0       0x50 CMakeFiles/ProjetoU7T.dir/C_/Users/Guilherme_Blanco/.pico-sdk/sdk/1.5.1/lib/tinyusb/src/tusb.c.obj
                0x100067e0                tu_edpt_claim
 .text.tu_edpt_release
                0x10006830       0x38 CMakeFiles/ProjetoU7T.dir/C_/Users/Guilherme_Blanco/.pico-sdk/sdk/1.5.1/lib/tinyusb/src/tusb.c.obj
                0x10006830                tu_edpt_release
 .text.tu_edpt_validate
                0x10006868       0x78 CMakeFiles/ProjetoU7T.dir/C_/Users/Guilherme_Blanco/.pico-sdk/sdk/1.5.1/lib/tinyusb/src/tusb.c.obj
                0x10006868                tu_edpt_validate
 .text.tu_edpt_bind_driver
                0x100068e0       0x26 CMakeFiles/ProjetoU7T.dir/C_/Users/Guilherme_Blanco/.pico-sdk/sdk/1.5.1/lib/tinyusb/src/tusb.c.obj
                0x100068e0                tu_edpt_bind_driver
 .text.advance_index
                0x10006906       0x1a CMakeFiles/ProjetoU7T.dir/C_/Users/Guilherme_Blanco/.pico-sdk/sdk/1.5.1/lib/tinyusb/src/common/tusb_fifo.c.obj
 .text._tu_fifo_peek
                0x10006920       0x56 CMakeFiles/ProjetoU7T.dir/C_/Users/Guilherme_Blanco/.pico-sdk/sdk/1.5.1/lib/tinyusb/src/common/tusb_fifo.c.obj
 .text._ff_pull_const_addr
                0x10006976       0x4c CMakeFiles/ProjetoU7T.dir/C_/Users/Guilherme_Blanco/.pico-sdk/sdk/1.5.1/lib/tinyusb/src/common/tusb_fifo.c.obj
 .text._ff_pull_n
                0x100069c2      0x110 CMakeFiles/ProjetoU7T.dir/C_/Users/Guilherme_Blanco/.pico-sdk/sdk/1.5.1/lib/tinyusb/src/common/tusb_fifo.c.obj
 .text._tu_fifo_peek_n
                0x10006ad2       0x6a CMakeFiles/ProjetoU7T.dir/C_/Users/Guilherme_Blanco/.pico-sdk/sdk/1.5.1/lib/tinyusb/src/common/tusb_fifo.c.obj
 .text._tu_fifo_read_n
                0x10006b3c       0x4e CMakeFiles/ProjetoU7T.dir/C_/Users/Guilherme_Blanco/.pico-sdk/sdk/1.5.1/lib/tinyusb/src/common/tusb_fifo.c.obj
 .text._ff_push_const_addr
                0x10006b8a       0x40 CMakeFiles/ProjetoU7T.dir/C_/Users/Guilherme_Blanco/.pico-sdk/sdk/1.5.1/lib/tinyusb/src/common/tusb_fifo.c.obj
 .text._ff_push_n
                0x10006bca      0x10c CMakeFiles/ProjetoU7T.dir/C_/Users/Guilherme_Blanco/.pico-sdk/sdk/1.5.1/lib/tinyusb/src/common/tusb_fifo.c.obj
 .text._tu_fifo_write_n
                0x10006cd6       0xf0 CMakeFiles/ProjetoU7T.dir/C_/Users/Guilherme_Blanco/.pico-sdk/sdk/1.5.1/lib/tinyusb/src/common/tusb_fifo.c.obj
 .text.tu_fifo_config
                0x10006dc6       0x7c CMakeFiles/ProjetoU7T.dir/C_/Users/Guilherme_Blanco/.pico-sdk/sdk/1.5.1/lib/tinyusb/src/common/tusb_fifo.c.obj
                0x10006dc6                tu_fifo_config
 .text.tu_fifo_count
                0x10006e42       0x2a CMakeFiles/ProjetoU7T.dir/C_/Users/Guilherme_Blanco/.pico-sdk/sdk/1.5.1/lib/tinyusb/src/common/tusb_fifo.c.obj
                0x10006e42                tu_fifo_count
 .text.tu_fifo_empty
                0x10006e6c        0xe CMakeFiles/ProjetoU7T.dir/C_/Users/Guilherme_Blanco/.pico-sdk/sdk/1.5.1/lib/tinyusb/src/common/tusb_fifo.c.obj
                0x10006e6c                tu_fifo_empty
 .text.tu_fifo_full
                0x10006e7a       0x28 CMakeFiles/ProjetoU7T.dir/C_/Users/Guilherme_Blanco/.pico-sdk/sdk/1.5.1/lib/tinyusb/src/common/tusb_fifo.c.obj
                0x10006e7a                tu_fifo_full
 .text.tu_fifo_remaining
                0x10006ea2       0x2c CMakeFiles/ProjetoU7T.dir/C_/Users/Guilherme_Blanco/.pico-sdk/sdk/1.5.1/lib/tinyusb/src/common/tusb_fifo.c.obj
                0x10006ea2                tu_fifo_remaining
 .text.tu_fifo_read
                0x10006ece       0x42 CMakeFiles/ProjetoU7T.dir/C_/Users/Guilherme_Blanco/.pico-sdk/sdk/1.5.1/lib/tinyusb/src/common/tusb_fifo.c.obj
                0x10006ece                tu_fifo_read
 .text.tu_fifo_read_n
                0x10006f10        0xa CMakeFiles/ProjetoU7T.dir/C_/Users/Guilherme_Blanco/.pico-sdk/sdk/1.5.1/lib/tinyusb/src/common/tusb_fifo.c.obj
                0x10006f10                tu_fifo_read_n
 .text.tu_fifo_write
                0x10006f1a       0x64 CMakeFiles/ProjetoU7T.dir/C_/Users/Guilherme_Blanco/.pico-sdk/sdk/1.5.1/lib/tinyusb/src/common/tusb_fifo.c.obj
                0x10006f1a                tu_fifo_write
 .text.tu_fifo_write_n
                0x10006f7e        0xa CMakeFiles/ProjetoU7T.dir/C_/Users/Guilherme_Blanco/.pico-sdk/sdk/1.5.1/lib/tinyusb/src/common/tusb_fifo.c.obj
                0x10006f7e                tu_fifo_write_n
 .text.tu_fifo_clear
                0x10006f88       0x3e CMakeFiles/ProjetoU7T.dir/C_/Users/Guilherme_Blanco/.pico-sdk/sdk/1.5.1/lib/tinyusb/src/common/tusb_fifo.c.obj
                0x10006f88                tu_fifo_clear
 .text.tu_fifo_set_overwritable
                0x10006fc6       0x46 CMakeFiles/ProjetoU7T.dir/C_/Users/Guilherme_Blanco/.pico-sdk/sdk/1.5.1/lib/tinyusb/src/common/tusb_fifo.c.obj
                0x10006fc6                tu_fifo_set_overwritable
 .text.adc_init
                0x1000700c       0x34 CMakeFiles/ProjetoU7T.dir/C_/Users/Guilherme_Blanco/.pico-sdk/sdk/1.5.1/src/rp2_common/hardware_adc/adc.c.obj
                0x1000700c                adc_init
 .text.i2c_write_blocking_internal
                0x10007040      0x146 CMakeFiles/ProjetoU7T.dir/C_/Users/Guilherme_Blanco/.pico-sdk/sdk/1.5.1/src/rp2_common/hardware_i2c/i2c.c.obj
 *fill*         0x10007186        0x2 
 .text.i2c_set_baudrate
                0x10007188       0xf0 CMakeFiles/ProjetoU7T.dir/C_/Users/Guilherme_Blanco/.pico-sdk/sdk/1.5.1/src/rp2_common/hardware_i2c/i2c.c.obj
                0x10007188                i2c_set_baudrate
 .text.i2c_init
                0x10007278       0x58 CMakeFiles/ProjetoU7T.dir/C_/Users/Guilherme_Blanco/.pico-sdk/sdk/1.5.1/src/rp2_common/hardware_i2c/i2c.c.obj
                0x10007278                i2c_init
 .text.i2c_write_blocking
                0x100072d0       0x18 CMakeFiles/ProjetoU7T.dir/C_/Users/Guilherme_Blanco/.pico-sdk/sdk/1.5.1/src/rp2_common/hardware_i2c/i2c.c.obj
                0x100072d0                i2c_write_blocking
 .text.malloc   0x100072e8       0x14 C:/Users/GUILHE~1/PICO-S~1/TOOLCH~1/13_3_R~1/bin/../lib/gcc/arm-none-eabi/13.3.1/thumb/v6-m/nofp\libg.a(libc_a-malloc.o)
                0x100072e8                malloc
 .text.free     0x100072fc       0x14 C:/Users/GUILHE~1/PICO-S~1/TOOLCH~1/13_3_R~1/bin/../lib/gcc/arm-none-eabi/13.3.1/thumb/v6-m/nofp\libg.a(libc_a-malloc.o)
                0x100072fc                free
 .text._malloc_r
                0x10007310      0x5c4 C:/Users/GUILHE~1/PICO-S~1/TOOLCH~1/13_3_R~1/bin/../lib/gcc/arm-none-eabi/13.3.1/thumb/v6-m/nofp\libg.a(libc_a-mallocr.o)
                0x10007310                _malloc_r
 .text.__malloc_lock
                0x100078d4       0x10 C:/Users/GUILHE~1/PICO-S~1/TOOLCH~1/13_3_R~1/bin/../lib/gcc/arm-none-eabi/13.3.1/thumb/v6-m/nofp\libg.a(libc_a-mlock.o)
                0x100078d4                __malloc_lock
 .text.__malloc_unlock
                0x100078e4       0x10 C:/Users/GUILHE~1/PICO-S~1/TOOLCH~1/13_3_R~1/bin/../lib/gcc/arm-none-eabi/13.3.1/thumb/v6-m/nofp\libg.a(libc_a-mlock.o)
                0x100078e4                __malloc_unlock
 .text._sbrk_r  0x100078f4       0x24 C:/Users/GUILHE~1/PICO-S~1/TOOLCH~1/13_3_R~1/bin/../lib/gcc/arm-none-eabi/13.3.1/thumb/v6-m/nofp\libg.a(libc_a-sbrkr.o)
                0x100078f4                _sbrk_r
 .text.__errno  0x10007918        0xc C:/Users/GUILHE~1/PICO-S~1/TOOLCH~1/13_3_R~1/bin/../lib/gcc/arm-none-eabi/13.3.1/thumb/v6-m/nofp\libg.a(libc_a-errno.o)
                0x10007918                __errno
 .text.__retarget_lock_acquire_recursive
                0x10007924        0x4 C:/Users/GUILHE~1/PICO-S~1/TOOLCH~1/13_3_R~1/bin/../lib/gcc/arm-none-eabi/13.3.1/thumb/v6-m/nofp\libg.a(libc_a-lock.o)
                0x10007924                __retarget_lock_acquire_recursive
 .text.__retarget_lock_release_recursive
                0x10007928        0x4 C:/Users/GUILHE~1/PICO-S~1/TOOLCH~1/13_3_R~1/bin/../lib/gcc/arm-none-eabi/13.3.1/thumb/v6-m/nofp\libg.a(libc_a-lock.o)
                0x10007928                __retarget_lock_release_recursive
 .text.sysconf  0x1000792c       0x1c C:/Users/GUILHE~1/PICO-S~1/TOOLCH~1/13_3_R~1/bin/../lib/gcc/arm-none-eabi/13.3.1/thumb/v6-m/nofp\libg.a(libc_a-sysconf.o)
                0x1000792c                sysconf
 .text.strlen   0x10007948       0x5c C:/Users/GUILHE~1/PICO-S~1/TOOLCH~1/13_3_R~1/bin/../lib/gcc/arm-none-eabi/13.3.1/thumb/v6-m/nofp\libg.a(libc_a-strlen-stub.o)
                0x10007948                strlen
 .text._malloc_trim_r
                0x100079a4       0xb4 C:/Users/GUILHE~1/PICO-S~1/TOOLCH~1/13_3_R~1/bin/../lib/gcc/arm-none-eabi/13.3.1/thumb/v6-m/nofp\libg.a(libc_a-freer.o)
                0x100079a4                _malloc_trim_r
 .text._free_r  0x10007a58      0x1d4 C:/Users/GUILHE~1/PICO-S~1/TOOLCH~1/13_3_R~1/bin/../lib/gcc/arm-none-eabi/13.3.1/thumb/v6-m/nofp\libg.a(libc_a-freer.o)
                0x10007a58                _free_r
 *(.fini)
 .fini          0x10007c2c        0x4 C:/Users/GUILHE~1/PICO-S~1/TOOLCH~1/13_3_R~1/bin/../lib/gcc/arm-none-eabi/13.3.1/thumb/v6-m/nofp/crti.o
                0x10007c2c                _fini
 .fini.__stub   0x10007c30       0xe0 linker stubs
 *crtbegin.o(.ctors)
 *crtbegin?.o(.ctors)
 *(EXCLUDE_FILE(*crtend.o *crtend?.o) .ctors)
 *(SORT_BY_NAME(.ctors.*))
 *(.ctors)
 *crtbegin.o(.dtors)
 *crtbegin?.o(.dtors)
 *(EXCLUDE_FILE(*crtend.o *crtend?.o) .dtors)
 *(SORT_BY_NAME(.dtors.*))
 *(.dtors)
 *(.eh_frame*)
 .eh_frame      0x10007d10        0x0 C:/Users/GUILHE~1/PICO-S~1/TOOLCH~1/13_3_R~1/bin/../lib/gcc/arm-none-eabi/13.3.1/thumb/v6-m/nofp/crtbegin.o
                0x10007d10                        . = ALIGN (0x4)

.glue_7         0x10007d10        0x0
 .glue_7        0x10007d10        0x0 linker stubs

.glue_7t        0x10007d10        0x0
 .glue_7t       0x10007d10        0x0 linker stubs

.vfp11_veneer   0x10007d10        0x0
 .vfp11_veneer  0x10007d10        0x0 linker stubs

.v4_bx          0x10007d10        0x0
 .v4_bx         0x10007d10        0x0 linker stubs

.iplt           0x10007d10        0x0
 .iplt          0x10007d10        0x0 C:/Users/GUILHE~1/PICO-S~1/TOOLCH~1/13_3_R~1/bin/../lib/gcc/arm-none-eabi/13.3.1/thumb/v6-m/nofp/crtbegin.o

.rodata         0x10007d10     0x1a0c
 *(EXCLUDE_FILE(*libm.a: *libc.a:*lib_a-mem*.o *libgcc.a:) .rodata*)
 .rodata.update_us_since_boot.str1.4
                0x10007d10     0x10b4 CMakeFiles/ProjetoU7T.dir/ProjetoU7T.c.obj
                                 0x74 (size before relaxing)
 .rodata.main.str1.4
                0x10008dc4       0x1e CMakeFiles/ProjetoU7T.dir/ProjetoU7T.c.obj
 .rodata.__func__.6
                0x10008dc4       0x15 CMakeFiles/ProjetoU7T.dir/ProjetoU7T.c.obj
 .rodata.str1.4
                0x10008dd9       0x6f CMakeFiles/ProjetoU7T.dir/ProjetoU7T.c.obj
 *fill*         0x10008dd9        0x3 
 .rodata        0x10008ddc       0x30 CMakeFiles/ProjetoU7T.dir/ProjetoU7T.c.obj
 .rodata.font   0x10008e0c      0x128 CMakeFiles/ProjetoU7T.dir/ssd1306_i2c.c.obj
 .rodata        0x10008f34       0x1a CMakeFiles/ProjetoU7T.dir/ssd1306_i2c.c.obj
 .rodata.spin_lock_claim_unused.str1.4
                0x10008f4e       0x1b CMakeFiles/ProjetoU7T.dir/C_/Users/Guilherme_Blanco/.pico-sdk/sdk/1.5.1/src/rp2_common/hardware_sync/sync.c.obj
 .rodata.resolve_branch.str1.4
                0x10008f4e       0x68 CMakeFiles/ProjetoU7T.dir/C_/Users/Guilherme_Blanco/.pico-sdk/sdk/1.5.1/src/rp2_common/hardware_irq/irq.c.obj
 .rodata.make_branch.str1.4
                0x10008f4e       0x30 CMakeFiles/ProjetoU7T.dir/C_/Users/Guilherme_Blanco/.pico-sdk/sdk/1.5.1/src/rp2_common/hardware_irq/irq.c.obj
 .rodata.insert_branch_and_link.str1.4
                0x10008f4e       0x10 CMakeFiles/ProjetoU7T.dir/C_/Users/Guilherme_Blanco/.pico-sdk/sdk/1.5.1/src/rp2_common/hardware_irq/irq.c.obj
 .rodata.irq_set_exclusive_handler.str1.4
                0x10008f4e       0x36 CMakeFiles/ProjetoU7T.dir/C_/Users/Guilherme_Blanco/.pico-sdk/sdk/1.5.1/src/rp2_common/hardware_irq/irq.c.obj
 .rodata.irq_add_shared_handler.str1.4
                0x10008f4e       0xc2 CMakeFiles/ProjetoU7T.dir/C_/Users/Guilherme_Blanco/.pico-sdk/sdk/1.5.1/src/rp2_common/hardware_irq/irq.c.obj
 .rodata.irq_remove_handler.str1.4
                0x10008f4e       0x3a CMakeFiles/ProjetoU7T.dir/C_/Users/Guilherme_Blanco/.pico-sdk/sdk/1.5.1/src/rp2_common/hardware_irq/irq.c.obj
 .rodata.irq_add_tail_to_free_list.str1.4
                0x10008f4e       0x3a CMakeFiles/ProjetoU7T.dir/C_/Users/Guilherme_Blanco/.pico-sdk/sdk/1.5.1/src/rp2_common/hardware_irq/irq.c.obj
 .rodata.user_irq_claim_unused.str1.4
                0x10008f4e       0x1b CMakeFiles/ProjetoU7T.dir/C_/Users/Guilherme_Blanco/.pico-sdk/sdk/1.5.1/src/rp2_common/hardware_irq/irq.c.obj
 *fill*         0x10008f4e        0x2 
 .rodata.__func__.0
                0x10008f50       0x1a CMakeFiles/ProjetoU7T.dir/C_/Users/Guilherme_Blanco/.pico-sdk/sdk/1.5.1/src/rp2_common/hardware_irq/irq.c.obj
 *fill*         0x10008f6a        0x2 
 .rodata.__func__.1
                0x10008f6c       0x17 CMakeFiles/ProjetoU7T.dir/C_/Users/Guilherme_Blanco/.pico-sdk/sdk/1.5.1/src/rp2_common/hardware_irq/irq.c.obj
 *fill*         0x10008f83        0x1 
 .rodata.__func__.2
                0x10008f84       0x13 CMakeFiles/ProjetoU7T.dir/C_/Users/Guilherme_Blanco/.pico-sdk/sdk/1.5.1/src/rp2_common/hardware_irq/irq.c.obj
 *fill*         0x10008f97        0x1 
 .rodata.__func__.3
                0x10008f98        0xc CMakeFiles/ProjetoU7T.dir/C_/Users/Guilherme_Blanco/.pico-sdk/sdk/1.5.1/src/rp2_common/hardware_irq/irq.c.obj
 .rodata.__func__.4
                0x10008fa4        0xf CMakeFiles/ProjetoU7T.dir/C_/Users/Guilherme_Blanco/.pico-sdk/sdk/1.5.1/src/rp2_common/hardware_irq/irq.c.obj
 *fill*         0x10008fb3        0x1 
 .rodata.__func__.5
                0x10008fb4       0x17 CMakeFiles/ProjetoU7T.dir/C_/Users/Guilherme_Blanco/.pico-sdk/sdk/1.5.1/src/rp2_common/hardware_irq/irq.c.obj
 *fill*         0x10008fcb        0x1 
 .rodata.__func__.6
                0x10008fcc       0x1a CMakeFiles/ProjetoU7T.dir/C_/Users/Guilherme_Blanco/.pico-sdk/sdk/1.5.1/src/rp2_common/hardware_irq/irq.c.obj
 .rodata.update_us_since_boot.str1.4
                0x10008fe6       0x74 CMakeFiles/ProjetoU7T.dir/C_/Users/Guilherme_Blanco/.pico-sdk/sdk/1.5.1/src/common/pico_sync/mutex.c.obj
 .rodata.str1.4
                0x10008fe6       0x9d CMakeFiles/ProjetoU7T.dir/C_/Users/Guilherme_Blanco/.pico-sdk/sdk/1.5.1/src/common/pico_sync/mutex.c.obj
 *fill*         0x10008fe6        0x2 
 .rodata.__func__.1
                0x10008fe8        0xb CMakeFiles/ProjetoU7T.dir/C_/Users/Guilherme_Blanco/.pico-sdk/sdk/1.5.1/src/common/pico_sync/mutex.c.obj
 *fill*         0x10008ff3        0x1 
 .rodata.__func__.3
                0x10008ff4       0x18 CMakeFiles/ProjetoU7T.dir/C_/Users/Guilherme_Blanco/.pico-sdk/sdk/1.5.1/src/common/pico_sync/mutex.c.obj
 .rodata.__func__.4
                0x1000900c       0x15 CMakeFiles/ProjetoU7T.dir/C_/Users/Guilherme_Blanco/.pico-sdk/sdk/1.5.1/src/common/pico_sync/mutex.c.obj
 .rodata.get_entry.str1.4
                0x10009021       0x6e CMakeFiles/ProjetoU7T.dir/C_/Users/Guilherme_Blanco/.pico-sdk/sdk/1.5.1/src/common/pico_time/time.c.obj
 .rodata.update_us_since_boot.str1.4
                0x10009021       0x74 CMakeFiles/ProjetoU7T.dir/C_/Users/Guilherme_Blanco/.pico-sdk/sdk/1.5.1/src/common/pico_time/time.c.obj
 .rodata.ph_get_node.str1.4
                0x10009021       0x79 CMakeFiles/ProjetoU7T.dir/C_/Users/Guilherme_Blanco/.pico-sdk/sdk/1.5.1/src/common/pico_time/time.c.obj
 .rodata.ph_add_child_node.str1.4
                0x10009021       0x2e CMakeFiles/ProjetoU7T.dir/C_/Users/Guilherme_Blanco/.pico-sdk/sdk/1.5.1/src/common/pico_time/time.c.obj
 .rodata.ph_insert_node.str1.4
                0x10009021        0x3 CMakeFiles/ProjetoU7T.dir/C_/Users/Guilherme_Blanco/.pico-sdk/sdk/1.5.1/src/common/pico_time/time.c.obj
 .rodata.ph_free_node.str1.4
                0x10009021       0x38 CMakeFiles/ProjetoU7T.dir/C_/Users/Guilherme_Blanco/.pico-sdk/sdk/1.5.1/src/common/pico_time/time.c.obj
 .rodata.add_alarm_under_lock.str1.4
                0x10009021       0x28 CMakeFiles/ProjetoU7T.dir/C_/Users/Guilherme_Blanco/.pico-sdk/sdk/1.5.1/src/common/pico_time/time.c.obj
 .rodata.alarm_pool_alarm_callback.str1.4
                0x10009021       0x60 CMakeFiles/ProjetoU7T.dir/C_/Users/Guilherme_Blanco/.pico-sdk/sdk/1.5.1/src/common/pico_time/time.c.obj
 .rodata.alarm_pool_get_default.str1.4
                0x10009021       0x21 CMakeFiles/ProjetoU7T.dir/C_/Users/Guilherme_Blanco/.pico-sdk/sdk/1.5.1/src/common/pico_time/time.c.obj
 .rodata.alarm_pool_cancel_alarm.str1.4
                0x10009021       0x27 CMakeFiles/ProjetoU7T.dir/C_/Users/Guilherme_Blanco/.pico-sdk/sdk/1.5.1/src/common/pico_time/time.c.obj
 .rodata.sleep_until.str1.4
                0x10009021       0x4d CMakeFiles/ProjetoU7T.dir/C_/Users/Guilherme_Blanco/.pico-sdk/sdk/1.5.1/src/common/pico_time/time.c.obj
 *fill*         0x10009021        0x3 
 .rodata.__func__.1
                0x10009024       0x18 CMakeFiles/ProjetoU7T.dir/C_/Users/Guilherme_Blanco/.pico-sdk/sdk/1.5.1/src/common/pico_time/time.c.obj
 .rodata.__func__.3
                0x1000903c       0x17 CMakeFiles/ProjetoU7T.dir/C_/Users/Guilherme_Blanco/.pico-sdk/sdk/1.5.1/src/common/pico_time/time.c.obj
 *fill*         0x10009053        0x1 
 .rodata.__func__.4
                0x10009054       0x12 CMakeFiles/ProjetoU7T.dir/C_/Users/Guilherme_Blanco/.pico-sdk/sdk/1.5.1/src/common/pico_time/time.c.obj
 *fill*         0x10009066        0x2 
 .rodata.__func__.5
                0x10009068        0xd CMakeFiles/ProjetoU7T.dir/C_/Users/Guilherme_Blanco/.pico-sdk/sdk/1.5.1/src/common/pico_time/time.c.obj
 *fill*         0x10009075        0x3 
 .rodata.__func__.6
                0x10009078       0x12 CMakeFiles/ProjetoU7T.dir/C_/Users/Guilherme_Blanco/.pico-sdk/sdk/1.5.1/src/common/pico_time/time.c.obj
 *fill*         0x1000908a        0x2 
 .rodata.__func__.7
                0x1000908c        0xf CMakeFiles/ProjetoU7T.dir/C_/Users/Guilherme_Blanco/.pico-sdk/sdk/1.5.1/src/common/pico_time/time.c.obj
 *fill*         0x1000909b        0x1 
 .rodata.__func__.8
                0x1000909c        0xc CMakeFiles/ProjetoU7T.dir/C_/Users/Guilherme_Blanco/.pico-sdk/sdk/1.5.1/src/common/pico_time/time.c.obj
 .rodata.__func__.9
                0x100090a8       0x15 CMakeFiles/ProjetoU7T.dir/C_/Users/Guilherme_Blanco/.pico-sdk/sdk/1.5.1/src/common/pico_time/time.c.obj
 *fill*         0x100090bd        0x3 
 .rodata.__func__.10
                0x100090c0       0x15 CMakeFiles/ProjetoU7T.dir/C_/Users/Guilherme_Blanco/.pico-sdk/sdk/1.5.1/src/common/pico_time/time.c.obj
 *fill*         0x100090d5        0x3 
 .rodata.__func__.11
                0x100090d8       0x1a CMakeFiles/ProjetoU7T.dir/C_/Users/Guilherme_Blanco/.pico-sdk/sdk/1.5.1/src/common/pico_time/time.c.obj
 *fill*         0x100090f2        0x2 
 .rodata.__func__.12
                0x100090f4        0xa CMakeFiles/ProjetoU7T.dir/C_/Users/Guilherme_Blanco/.pico-sdk/sdk/1.5.1/src/common/pico_time/time.c.obj
 .rodata.hardware_alarm_claim.str1.4
                0x100090fe       0x22 CMakeFiles/ProjetoU7T.dir/C_/Users/Guilherme_Blanco/.pico-sdk/sdk/1.5.1/src/rp2_common/hardware_timer/timer.c.obj
 .rodata.hardware_alarm_set_target.str1.4
                0x100090fe       0x78 CMakeFiles/ProjetoU7T.dir/C_/Users/Guilherme_Blanco/.pico-sdk/sdk/1.5.1/src/rp2_common/hardware_timer/timer.c.obj
 *fill*         0x100090fe        0x2 
 .rodata.__func__.0
                0x10009100       0x1a CMakeFiles/ProjetoU7T.dir/C_/Users/Guilherme_Blanco/.pico-sdk/sdk/1.5.1/src/rp2_common/hardware_timer/timer.c.obj
 .rodata.ph_get_node.str1.4
                0x1000911a       0x79 CMakeFiles/ProjetoU7T.dir/C_/Users/Guilherme_Blanco/.pico-sdk/sdk/1.5.1/src/common/pico_util/pheap.c.obj
 .rodata.ph_add_child_node.str1.4
                0x1000911a       0x2e CMakeFiles/ProjetoU7T.dir/C_/Users/Guilherme_Blanco/.pico-sdk/sdk/1.5.1/src/common/pico_util/pheap.c.obj
 .rodata.ph_remove_any_head.str1.4
                0x1000911a       0xb4 CMakeFiles/ProjetoU7T.dir/C_/Users/Guilherme_Blanco/.pico-sdk/sdk/1.5.1/src/common/pico_util/pheap.c.obj
 .rodata.ph_remove_and_free_node.str1.4
                0x1000911a       0x26 CMakeFiles/ProjetoU7T.dir/C_/Users/Guilherme_Blanco/.pico-sdk/sdk/1.5.1/src/common/pico_util/pheap.c.obj
 *fill*         0x1000911a        0x2 
 .rodata.__func__.0
                0x1000911c       0x18 CMakeFiles/ProjetoU7T.dir/C_/Users/Guilherme_Blanco/.pico-sdk/sdk/1.5.1/src/common/pico_util/pheap.c.obj
 .rodata.__func__.1
                0x10009134       0x13 CMakeFiles/ProjetoU7T.dir/C_/Users/Guilherme_Blanco/.pico-sdk/sdk/1.5.1/src/common/pico_util/pheap.c.obj
 *fill*         0x10009147        0x1 
 .rodata.__func__.2
                0x10009148       0x12 CMakeFiles/ProjetoU7T.dir/C_/Users/Guilherme_Blanco/.pico-sdk/sdk/1.5.1/src/common/pico_util/pheap.c.obj
 *fill*         0x1000915a        0x2 
 .rodata.__func__.3
                0x1000915c        0xc CMakeFiles/ProjetoU7T.dir/C_/Users/Guilherme_Blanco/.pico-sdk/sdk/1.5.1/src/common/pico_util/pheap.c.obj
 .rodata.clock_configure.str1.4
                0x10009168       0x6a CMakeFiles/ProjetoU7T.dir/C_/Users/Guilherme_Blanco/.pico-sdk/sdk/1.5.1/src/rp2_common/hardware_clocks/clocks.c.obj
 .rodata.__func__.1
                0x10009168       0x10 CMakeFiles/ProjetoU7T.dir/C_/Users/Guilherme_Blanco/.pico-sdk/sdk/1.5.1/src/rp2_common/hardware_clocks/clocks.c.obj
 .rodata.pll_init.str1.4
                0x10009178      0x134 CMakeFiles/ProjetoU7T.dir/C_/Users/Guilherme_Blanco/.pico-sdk/sdk/1.5.1/src/rp2_common/hardware_pll/pll.c.obj
 .rodata.__func__.0
                0x10009178        0x9 CMakeFiles/ProjetoU7T.dir/C_/Users/Guilherme_Blanco/.pico-sdk/sdk/1.5.1/src/rp2_common/hardware_pll/pll.c.obj
 .rodata.__assert_func.str1.4
                0x10009181       0x43 CMakeFiles/ProjetoU7T.dir/C_/Users/Guilherme_Blanco/.pico-sdk/sdk/1.5.1/src/rp2_common/pico_runtime/runtime.c.obj
 .rodata.runtime_init.str1.4
                0x10009181       0x74 CMakeFiles/ProjetoU7T.dir/C_/Users/Guilherme_Blanco/.pico-sdk/sdk/1.5.1/src/rp2_common/pico_runtime/runtime.c.obj
 .rodata.panic.str1.4
                0x10009181       0x12 CMakeFiles/ProjetoU7T.dir/C_/Users/Guilherme_Blanco/.pico-sdk/sdk/1.5.1/src/rp2_common/pico_runtime/runtime.c.obj
 *fill*         0x10009181        0x3 
 .rodata.__func__.2
                0x10009184        0xd CMakeFiles/ProjetoU7T.dir/C_/Users/Guilherme_Blanco/.pico-sdk/sdk/1.5.1/src/rp2_common/pico_runtime/runtime.c.obj
 .rodata._ftoa.str1.4
                0x10009191       0x15 CMakeFiles/ProjetoU7T.dir/C_/Users/Guilherme_Blanco/.pico-sdk/sdk/1.5.1/src/rp2_common/pico_printf/printf.c.obj
 *fill*         0x10009191        0x3 
 .rodata._vsnprintf
                0x10009194      0x19c CMakeFiles/ProjetoU7T.dir/C_/Users/Guilherme_Blanco/.pico-sdk/sdk/1.5.1/src/rp2_common/pico_printf/printf.c.obj
 .rodata.pow10.0
                0x10009330       0x50 CMakeFiles/ProjetoU7T.dir/C_/Users/Guilherme_Blanco/.pico-sdk/sdk/1.5.1/src/rp2_common/pico_printf/printf.c.obj
 .rodata.missing_double_func_shim.str1.4
                0x10009380       0x18 CMakeFiles/ProjetoU7T.dir/C_/Users/Guilherme_Blanco/.pico-sdk/sdk/1.5.1/src/rp2_common/pico_double/double_init_rom.c.obj
 .rodata.__aeabi_double_init.str1.4
                0x10009380       0xaf CMakeFiles/ProjetoU7T.dir/C_/Users/Guilherme_Blanco/.pico-sdk/sdk/1.5.1/src/rp2_common/pico_double/double_init_rom.c.obj
 .rodata.__func__.0
                0x10009380       0x14 CMakeFiles/ProjetoU7T.dir/C_/Users/Guilherme_Blanco/.pico-sdk/sdk/1.5.1/src/rp2_common/pico_double/double_init_rom.c.obj
 .rodata.missing_float_func_shim.str1.4
                0x10009394        0x1 CMakeFiles/ProjetoU7T.dir/C_/Users/Guilherme_Blanco/.pico-sdk/sdk/1.5.1/src/rp2_common/pico_float/float_init_rom.c.obj
 .rodata.__aeabi_float_init.str1.4
                0x10009394       0x8d CMakeFiles/ProjetoU7T.dir/C_/Users/Guilherme_Blanco/.pico-sdk/sdk/1.5.1/src/rp2_common/pico_float/float_init_rom.c.obj
 .rodata.__func__.0
                0x10009394       0x13 CMakeFiles/ProjetoU7T.dir/C_/Users/Guilherme_Blanco/.pico-sdk/sdk/1.5.1/src/rp2_common/pico_float/float_init_rom.c.obj
 .rodata.check_alloc.str1.4
                0x100093a7        0xe CMakeFiles/ProjetoU7T.dir/C_/Users/Guilherme_Blanco/.pico-sdk/sdk/1.5.1/src/rp2_common/pico_malloc/pico_malloc.c.obj
 .rodata.str1.4
                0x100093a7       0x44 CMakeFiles/ProjetoU7T.dir/C_/Users/Guilherme_Blanco/.pico-sdk/sdk/1.5.1/src/rp2_common/pico_standard_link/binary_info.c.obj
 *fill*         0x100093a7        0x1 
 .rodata.__bi_81
                0x100093a8        0xc CMakeFiles/ProjetoU7T.dir/C_/Users/Guilherme_Blanco/.pico-sdk/sdk/1.5.1/src/rp2_common/pico_standard_link/binary_info.c.obj
 .rodata.__bi_75
                0x100093b4        0xc CMakeFiles/ProjetoU7T.dir/C_/Users/Guilherme_Blanco/.pico-sdk/sdk/1.5.1/src/rp2_common/pico_standard_link/binary_info.c.obj
 .rodata.__bi_56
                0x100093c0        0xc CMakeFiles/ProjetoU7T.dir/C_/Users/Guilherme_Blanco/.pico-sdk/sdk/1.5.1/src/rp2_common/pico_standard_link/binary_info.c.obj
 .rodata.__bi_44
                0x100093cc        0xc CMakeFiles/ProjetoU7T.dir/C_/Users/Guilherme_Blanco/.pico-sdk/sdk/1.5.1/src/rp2_common/pico_standard_link/binary_info.c.obj
 .rodata.update_us_since_boot.str1.4
                0x100093d8       0x74 CMakeFiles/ProjetoU7T.dir/C_/Users/Guilherme_Blanco/.pico-sdk/sdk/1.5.1/src/rp2_common/pico_stdio/stdio.c.obj
 .rodata.crlf_str.2
                0x100093d8        0x2 CMakeFiles/ProjetoU7T.dir/C_/Users/Guilherme_Blanco/.pico-sdk/sdk/1.5.1/src/rp2_common/pico_stdio/stdio.c.obj
 *fill*         0x100093da        0x2 
 .rodata.__func__.3
                0x100093dc       0x15 CMakeFiles/ProjetoU7T.dir/C_/Users/Guilherme_Blanco/.pico-sdk/sdk/1.5.1/src/rp2_common/pico_stdio/stdio.c.obj
 *fill*         0x100093f1        0x3 
 .rodata._resetd_driver
                0x100093f4       0x18 CMakeFiles/ProjetoU7T.dir/C_/Users/Guilherme_Blanco/.pico-sdk/sdk/1.5.1/src/rp2_common/pico_stdio_usb/reset_interface.c.obj
 .rodata.update_us_since_boot.str1.4
                0x1000940c       0x74 CMakeFiles/ProjetoU7T.dir/C_/Users/Guilherme_Blanco/.pico-sdk/sdk/1.5.1/src/rp2_common/pico_stdio_usb/stdio_usb.c.obj
 .rodata.stdio_usb_init.str1.4
                0x1000940c       0x60 CMakeFiles/ProjetoU7T.dir/C_/Users/Guilherme_Blanco/.pico-sdk/sdk/1.5.1/src/rp2_common/pico_stdio_usb/stdio_usb.c.obj
 .rodata.str1.4
                0x1000940c       0x13 CMakeFiles/ProjetoU7T.dir/C_/Users/Guilherme_Blanco/.pico-sdk/sdk/1.5.1/src/rp2_common/pico_stdio_usb/stdio_usb.c.obj
 .rodata.__bi_182.0
                0x1000940c        0xc CMakeFiles/ProjetoU7T.dir/C_/Users/Guilherme_Blanco/.pico-sdk/sdk/1.5.1/src/rp2_common/pico_stdio_usb/stdio_usb.c.obj
 .rodata.__func__.1
                0x10009418        0xf CMakeFiles/ProjetoU7T.dir/C_/Users/Guilherme_Blanco/.pico-sdk/sdk/1.5.1/src/rp2_common/pico_stdio_usb/stdio_usb.c.obj
 *fill*         0x10009427        0x1 
 .rodata.__func__.3
                0x10009428       0x15 CMakeFiles/ProjetoU7T.dir/C_/Users/Guilherme_Blanco/.pico-sdk/sdk/1.5.1/src/rp2_common/pico_stdio_usb/stdio_usb.c.obj
 .rodata.str1.4
                0x1000943d       0x2a CMakeFiles/ProjetoU7T.dir/C_/Users/Guilherme_Blanco/.pico-sdk/sdk/1.5.1/src/rp2_common/pico_stdio_usb/stdio_usb_descriptors.c.obj
 *fill*         0x1000943d        0x3 
 .rodata.usbd_desc_str
                0x10009440       0x18 CMakeFiles/ProjetoU7T.dir/C_/Users/Guilherme_Blanco/.pico-sdk/sdk/1.5.1/src/rp2_common/pico_stdio_usb/stdio_usb_descriptors.c.obj
 .rodata.usbd_desc_cfg
                0x10009458       0x54 CMakeFiles/ProjetoU7T.dir/C_/Users/Guilherme_Blanco/.pico-sdk/sdk/1.5.1/src/rp2_common/pico_stdio_usb/stdio_usb_descriptors.c.obj
 .rodata.usbd_desc_device