Archive member included to satisfy reference by file (symbol)

C:/Users/GUILHE~1/PICO-S~1/TOOLCH~1/13_3_R~1/bin/../lib/gcc/arm-none-eabi/13.3.1/thumb/v6-m/nofp\libgcc.a(_dvmd_tls.o)
                              CMakeFiles/ProjetoU7T.dir/C_/Users/Guilherme_Blanco/.pico-sdk/sdk/1.5.1/src/rp2_common/pico_divider/divider.S.obj (__aeabi_idiv0)
C:/Users/GUILHE~1/PICO-S~1/TOOLCH~1/13_3_R~1/bin/../lib/gcc/arm-none-eabi/13.3.1/thumb/v6-m/nofp\libg.a(libc_a-calloc.o)
                              CMakeFiles/ProjetoU7T.dir/C_/Users/Guilherme_Blanco/.pico-sdk/sdk/1.5.1/src/rp2_common/pico_malloc/pico_malloc.c.obj (calloc)
C:/Users/GUILHE~1/PICO-S~1/TOOLCH~1/13_3_R~1/bin/../lib/gcc/arm-none-eabi/13.3.1/thumb/v6-m/nofp\libg.a(libc_a-callocr.o)
                              C:/Users/GUILHE~1/PICO-S~1/TOOLCH~1/13_3_R~1/bin/../lib/gcc/arm-none-eabi/13.3.1/thumb/v6-m/nofp\libg.a(libc_a-calloc.o) (_calloc_r)
C:/Users/GUILHE~1/PICO-S~1/TOOLCH~1/13_3_R~1/bin/../lib/gcc/arm-none-eabi/13.3.1/thumb/v6-m/nofp\libg.a(libc_a-malloc.o)
                              CMakeFiles/ProjetoU7T.dir/C_/Users/Guilherme_Blanco/.pico-sdk/sdk/1.5.1/src/rp2_common/pico_malloc/pico_malloc.c.obj (malloc)
C:/Users/GUILHE~1/PICO-S~1/TOOLCH~1/13_3_R~1/bin/../lib/gcc/arm-none-eabi/13.3.1/thumb/v6-m/nofp\libg.a(libc_a-mallocr.o)
                              C:/Users/GUILHE~1/PICO-S~1/TOOLCH~1/13_3_R~1/bin/../lib/gcc/arm-none-eabi/13.3.1/thumb/v6-m/nofp\libg.a(libc_a-callocr.o) (_malloc_r)
C:/Users/GUILHE~1/PICO-S~1/TOOLCH~1/13_3_R~1/bin/../lib/gcc/arm-none-eabi/13.3.1/thumb/v6-m/nofp\libg.a(libc_a-mlock.o)
                              C:/Users/GUILHE~1/PICO-S~1/TOOLCH~1/13_3_R~1/bin/../lib/gcc/arm-none-eabi/13.3.1/thumb/v6-m/nofp\libg.a(libc_a-mallocr.o) (__malloc_lock)
C:/Users/GUILHE~1/PICO-S~1/TOOLCH~1/13_3_R~1/bin/../lib/gcc/arm-none-eabi/13.3.1/thumb/v6-m/nofp\libg.a(libc_a-realloc.o)
                              CMakeFiles/ProjetoU7T.dir/C_/Users/Guilherme_Blanco/.pico-sdk/sdk/1.5.1/src/rp2_common/pico_malloc/pico_malloc.c.obj (realloc)
C:/Users/GUILHE~1/PICO-S~1/TOOLCH~1/13_3_R~1/bin/../lib/gcc/arm-none-eabi/13.3.1/thumb/v6-m/nofp\libg.a(libc_a-reallocr.o)
                              C:/Users/GUILHE~1/PICO-S~1/TOOLCH~1/13_3_R~1/bin/../lib/gcc/arm-none-eabi/13.3.1/thumb/v6-m/nofp\libg.a(libc_a-realloc.o) (_realloc_r)
C:/Users/GUILHE~1/PICO-S~1/TOOLCH~1/13_3_R~1/bin/../lib/gcc/arm-none-eabi/13.3.1/thumb/v6-m/nofp\libg.a(libc_a-ctype_.o)
                              CMakeFiles/ProjetoU7T.dir/ssd1306_i2c.c.obj (_ctype_)
C:/Users/GUILHE~1/PICO-S~1/TOOLCH~1/13_3_R~1/bin/../lib/gcc/arm-none-eabi/13.3.1/thumb/v6-m/nofp\libg.a(libc_a-memmove.o)
                              C:/Users/GUILHE~1/PICO-S~1/TOOLCH~1/13_3_R~1/bin/../lib/gcc/arm-none-eabi/13.3.1/thumb/v6-m/nofp\libg.a(libc_a-reallocr.o) (memmove)
C:/Users/GUILHE~1/PICO-S~1/TOOLCH~1/13_3_R~1/bin/../lib/gcc/arm-none-eabi/13.3.1/thumb/v6-m/nofp\libg.a(libc_a-impure.o)
                              C:/Users/GUILHE~1/PICO-S~1/TOOLCH~1/13_3_R~1/bin/../lib/gcc/arm-none-eabi/13.3.1/thumb/v6-m/nofp\libg.a(libc_a-calloc.o) (_impure_ptr)
C:/Users/GUILHE~1/PICO-S~1/TOOLCH~1/13_3_R~1/bin/../lib/gcc/arm-none-eabi/13.3.1/thumb/v6-m/nofp\libg.a(libc_a-sbrkr.o)
                              C:/Users/GUILHE~1/PICO-S~1/TOOLCH~1/13_3_R~1/bin/../lib/gcc/arm-none-eabi/13.3.1/thumb/v6-m/nofp\libg.a(libc_a-mallocr.o) (_sbrk_r)
C:/Users/GUILHE~1/PICO-S~1/TOOLCH~1/13_3_R~1/bin/../lib/gcc/arm-none-eabi/13.3.1/thumb/v6-m/nofp\libg.a(libc_a-errno.o)
                              C:/Users/GUILHE~1/PICO-S~1/TOOLCH~1/13_3_R~1/bin/../lib/gcc/arm-none-eabi/13.3.1/thumb/v6-m/nofp\libg.a(libc_a-callocr.o) (__errno)
C:/Users/GUILHE~1/PICO-S~1/TOOLCH~1/13_3_R~1/bin/../lib/gcc/arm-none-eabi/13.3.1/thumb/v6-m/nofp\libg.a(libc_a-init.o)
                              C:/Users/GUILHE~1/PICO-S~1/TOOLCH~1/13_3_R~1/bin/../lib/gcc/arm-none-eabi/13.3.1/thumb/v6-m/nofp/crt0.o (__libc_init_array)
C:/Users/GUILHE~1/PICO-S~1/TOOLCH~1/13_3_R~1/bin/../lib/gcc/arm-none-eabi/13.3.1/thumb/v6-m/nofp\libg.a(libc_a-lock.o)
                              C:/Users/GUILHE~1/PICO-S~1/TOOLCH~1/13_3_R~1/bin/../lib/gcc/arm-none-eabi/13.3.1/thumb/v6-m/nofp\libg.a(libc_a-mlock.o) (__retarget_lock_acquire_recursive)
C:/Users/GUILHE~1/PICO-S~1/TOOLCH~1/13_3_R~1/bin/../lib/gcc/arm-none-eabi/13.3.1/thumb/v6-m/nofp\libg.a(libc_a-sysconf.o)
                              C:/Users/GUILHE~1/PICO-S~1/TOOLCH~1/13_3_R~1/bin/../lib/gcc/arm-none-eabi/13.3.1/thumb/v6-m/nofp\libg.a(libc_a-mallocr.o) (sysconf)
C:/Users/GUILHE~1/PICO-S~1/TOOLCH~1/13_3_R~1/bin/../lib/gcc/arm-none-eabi/13.3.1/thumb/v6-m/nofp\libg.a(libc_a-strlen-stub.o)
                              CMakeFiles/ProjetoU7T.dir/C_/Users/Guilherme_Blanco/.pico-sdk/sdk/1.5.1/src/rp2_common/pico_stdio/stdio.c.obj (strlen)
C:/Users/GUILHE~1/PICO-S~1/TOOLCH~1/13_3_R~1/bin/../lib/gcc/arm-none-eabi/13.3.1/thumb/v6-m/nofp\libg.a(libc_a-freer.o)
[...]
Memory Configuration

Name             Origin             Length             Attributes
FLASH            0x10000000         0x00200000         xr
RAM              0x20000000         0x00040000         xrw
SCRATCH_X        0x20040000         0x00001000         xrw
SCRATCH_Y        0x20041000         0x00001000         xrw
*default*        0x00000000         0xffffffff

Linker script and memory map

LOAD C:/Users/GUILHE~1/PICO-S~1/TOOLCH~1/13_3_R~1/bin/../lib/gcc/arm-none-eabi/13.3.1/thumb/v6-m/nofp/crti.o
LOAD C:/Users/GUILHE~1/PICO-S~1/TOOLCH~1/13_3_R~1/bin/../lib/gcc/arm-none-eabi/13.3.1/thumb/v6-m/nofp/crtbegin.o
LOAD C:/Users/GUILHE~1/PICO-S~1/TOOLCH~1/13_3_R~1/bin/../lib/gcc/arm-none-eabi/13.3.1/thumb/v6-m/nofp/crt0.o

.flash_begin    0x10000000        0x0
                0x10000000                        __flash_binary_start = .

.boot2          0x10000000      0x100
                0x10000000                        __boot2_start__ = .
 *(.boot2)
 .boot2         0x10000000      0x100 C:\Users\GUILHE~1\AppData\Local\Temp\cca2I0SK.o
                0x10000100                        __boot2_end__ = .
                0x00000001                        ASSERT (((__boot2_end__ - __boot2_start__) == 0x100), ERROR: Pico second stage bootloader must be 256 bytes in size)

.text           0x10000100     0x82f8
                0x10000100                        __logical_binary_start = .
 *(.vectors)
 .vectors       0x10000100       0xd4 CMakeFiles/ProjetoU7T.dir/C_/Users/Guilherme_Blanco/.pico-sdk/sdk/1.5.1/src/rp2_common/pico_standard_link/crt0.S.obj
                0x10000100                __VECTOR_TABLE
                0x10000100                __vectors
                0x100001c0                isr_invalid
                0x100001c0                __default_isrs_start
                0x100001c2                isr_nmi
                0x100001c4                isr_hardfault
                0x100001c6                isr_svcall
                0x100001c8                isr_pendsv
                0x100001ca                isr_systick
                0x100001cc                isr_irq23
                0x100001cc                isr_irq18
                0x100001cc                isr_irq11
                0x100001cc                isr_irq28
                0x100001cc                isr_irq19
                0x100001cc                isr_irq0
                0x100001cc                isr_irq6
                0x100001cc                isr_irq5
                0x100001cc                isr_irq12
                0x100001cc                isr_irq22
                0x100001cc                isr_irq31
                0x100001cc                isr_irq17
                0x100001cc                isr_irq27
                0x100001cc                isr_irq30
                0x100001cc                isr_irq2
                0x100001cc                isr_irq10
                0x100001cc                isr_irq8
                0x100001cc                isr_irq24
                0x100001cc                isr_irq1
                0x100001cc                isr_irq7
                0x100001cc                isr_irq21
                0x100001cc                isr_irq20
                0x100001cc                isr_irq15
                0x100001cc                isr_irq25
                0x100001cc                isr_irq13
                0x100001cc                __unhandled_user_irq
                0x100001cc                isr_irq4
                0x100001cc                isr_irq16
                0x100001cc                isr_irq29
                0x100001cc                isr_irq26
                0x100001cc                __default_isrs_end
                0x100001cc                isr_irq3
                0x100001cc                isr_irq14
                0x100001cc                isr_irq9
                0x100001d2                unhandled_user_irq_num_in_r0
 *(.binary_info_header)
 .binary_info_header
                0x100001d4       0x14 CMakeFiles/ProjetoU7T.dir/C_/Users/Guilherme_Blanco/.pico-sdk/sdk/1.5.1/src/rp2_common/pico_standard_link/crt0.S.obj
                0x100001e8                        __binary_info_header_end = .
 *(.reset)
 .reset         0x100001e8       0xa0 CMakeFiles/ProjetoU7T.dir/C_/Users/Guilherme_Blanco/.pico-sdk/sdk/1.5.1/src/rp2_common/pico_standard_link/crt0.S.obj
                0x100001e8                _entry_point
 .reset         0x10000288       0x30 CMakeFiles/ProjetoU7T.dir/C_/Users/Guilherme_Blanco/.pico-sdk/sdk/1.5.1/src/rp2_common/pico_standard_link/binary_info.c.obj
 *(.init)
 .init          0x100002b8        0x4 C:/Users/GUILHE~1/PICO-S~1/TOOLCH~1/13_3_R~1/bin/../lib/gcc/arm-none-eabi/13.3.1/thumb/v6-m/nofp/crti.o
                0x100002b8                _init
 *(EXCLUDE_FILE(*libm.a: *libc.a:*lib_a-mem*.o *libgcc.a:) .text*)
 .text.register_tm_clones
                0x100002bc       0x28 C:/Users/GUILHE~1/PICO-S~1/TOOLCH~1/13_3_R~1/bin/../lib/gcc/arm-none-eabi/13.3.1/thumb/v6-m/nofp/crtbegin.o
 .text.frame_dummy
                0x100002e4       0x24 C:/Users/GUILHE~1/PICO-S~1/TOOLCH~1/13_3_R~1/bin/../lib/gcc/arm-none-eabi/13.3.1/thumb/v6-m/nofp/crtbegin.o
 .text.to_ms_since_boot
                0x10000308       0x1c CMakeFiles/ProjetoU7T.dir/ProjetoU7T.c.obj
 .text.pwm_init
                0x10000324       0x34 CMakeFiles/ProjetoU7T.dir/ProjetoU7T.c.obj
 .text.pwm_get_default_config
                0x10000358       0x18 CMakeFiles/ProjetoU7T.dir/ProjetoU7T.c.obj
 .text.pwm_set_chan_level
                0x10000370       0x40 CMakeFiles/ProjetoU7T.dir/ProjetoU7T.c.obj
 .text.sm_config_set_clkdiv
                0x100003b0       0x3c CMakeFiles/ProjetoU7T.dir/ProjetoU7T.c.obj
 .text.pio_get_default_sm_config
                0x100003ec       0x28 CMakeFiles/ProjetoU7T.dir/ProjetoU7T.c.obj
 .text.ws2818b_program_get_default_config
                0x10000414       0x3c CMakeFiles/ProjetoU7T.dir/ProjetoU7T.c.obj
 .text.update_us_since_boot
                0x10000450       0x24 CMakeFiles/ProjetoU7T.dir/ProjetoU7T.c.obj
 .text.get_absolute_time
                0x10000474       0x22 CMakeFiles/ProjetoU7T.dir/ProjetoU7T.c.obj
 .text.adc_gpio_init
                0x10000496       0x1e CMakeFiles/ProjetoU7T.dir/ProjetoU7T.c.obj
 .text.ws2818b_program_init
                0x100004b4       0xb8 CMakeFiles/ProjetoU7T.dir/ProjetoU7T.c.obj
                0x100004b4                ws2818b_program_init
 .text.inverter_byte
                0x1000056c       0x20 CMakeFiles/ProjetoU7T.dir/ProjetoU7T.c.obj
                0x1000056c                inverter_byte
 .text.npInit   0x1000058c       0x68 CMakeFiles/ProjetoU7T.dir/ProjetoU7T.c.obj
                0x1000058c                npInit
 .text.npSetLED
                0x100005f4       0x34 CMakeFiles/ProjetoU7T.dir/ProjetoU7T.c.obj
                0x100005f4                npSetLED
 .text.npClear  0x10000628       0x1a CMakeFiles/ProjetoU7T.dir/ProjetoU7T.c.obj
                0x10000628                npClear
 *fill*         0x10000642        0x2 
 .text.npWrite  0x10000644       0x6c CMakeFiles/ProjetoU7T.dir/ProjetoU7T.c.obj
                0x10000644                npWrite
 .text.ativarLedADC
                0x100006b0      0x188 CMakeFiles/ProjetoU7T.dir/ProjetoU7T.c.obj
                0x100006b0                ativarLedADC
 .text.outputOLED
                0x10000838       0xbc CMakeFiles/ProjetoU7T.dir/ProjetoU7T.c.obj
                0x10000838                outputOLED
 .text.updateOLED
                0x100008f4       0x88 CMakeFiles/ProjetoU7T.dir/ProjetoU7T.c.obj
                0x100008f4                updateOLED
 .text.apertarBotao
                0x1000097c       0xc0 CMakeFiles/ProjetoU7T.dir/ProjetoU7T.c.obj
 .text.setupBuzzer
                0x10000a3c       0x6a CMakeFiles/ProjetoU7T.dir/ProjetoU7T.c.obj
                0x10000a3c                setupBuzzer
 *fill*         0x10000aa6        0x2 
 .text.setupI2C
                0x10000aa8       0xe8 CMakeFiles/ProjetoU7T.dir/ProjetoU7T.c.obj
                0x10000aa8                setupI2C
 .text.setup    0x10000b90       0x80 CMakeFiles/ProjetoU7T.dir/ProjetoU7T.c.obj
                0x10000b90                setup
 .text.pwmBuzzer
                0x10000c10       0x88 CMakeFiles/ProjetoU7T.dir/ProjetoU7T.c.obj
                0x10000c10                pwmBuzzer
 .text.loopLeitura
                0x10000c98       0x7c CMakeFiles/ProjetoU7T.dir/ProjetoU7T.c.obj
                0x10000c98                loopLeitura
 .text.main     0x10000d14       0x14 CMakeFiles/ProjetoU7T.dir/ProjetoU7T.c.obj
                0x10000d14                main
 .text.calc_render_area_buflen
                0x10000d28       0x16 CMakeFiles/ProjetoU7T.dir/ssd1306_i2c.c.obj
                0x10000d28                calc_render_area_buflen
 *fill*         0x10000d3e        0x2 
 .text.SSD1306_send_cmd
                0x10000d40       0x24 CMakeFiles/ProjetoU7T.dir/ssd1306_i2c.c.obj
                0x10000d40                SSD1306_send_cmd
 .text.SSD1306_send_cmd_list
                0x10000d64       0x18 CMakeFiles/ProjetoU7T.dir/ssd1306_i2c.c.obj
                0x10000d64                SSD1306_send_cmd_list
 .text.SSD1306_send_buf
                0x10000d7c       0x40 CMakeFiles/ProjetoU7T.dir/ssd1306_i2c.c.obj
                0x10000d7c                SSD1306_send_buf
 .text.SSD1306_init
                0x10000dbc       0x2c CMakeFiles/ProjetoU7T.dir/ssd1306_i2c.c.obj
                0x10000dbc                SSD1306_init
 .text.SSD1306_scroll
                0x10000de8       0x38 CMakeFiles/ProjetoU7T.dir/ssd1306_i2c.c.obj
                0x10000de8                SSD1306_scroll
 .text.render   0x10000e20       0x36 CMakeFiles/ProjetoU7T.dir/ssd1306_i2c.c.obj
                0x10000e20                render
 *fill*         0x10000e56        0x2 
 .text.WriteChar
                0x10000e58       0x70 CMakeFiles/ProjetoU7T.dir/ssd1306_i2c.c.obj
                0x10000e58                WriteChar
 .text.WriteString
                0x10000ec8       0x2c CMakeFiles/ProjetoU7T.dir/ssd1306_i2c.c.obj
                0x10000ec8                WriteString
 .text.gpio_set_function
                0x10000ef4       0x30 CMakeFiles/ProjetoU7T.dir/C_/Users/Guilherme_Blanco/.pico-sdk/sdk/1.5.1/src/rp2_common/hardware_gpio/gpio.c.obj
                0x10000ef4                gpio_set_function
 .text.gpio_set_pulls
                0x10000f24       0x34 CMakeFiles/ProjetoU7T.dir/C_/Users/Guilherme_Blanco/.pico-sdk/sdk/1.5.1/src/rp2_common/hardware_gpio/gpio.c.obj
                0x10000f24                gpio_set_pulls
 .text.gpio_set_irq_callback
                0x10000f58       0x48 CMakeFiles/ProjetoU7T.dir/C_/Users/Guilherme_Blanco/.pico-sdk/sdk/1.5.1/src/rp2_common/hardware_gpio/gpio.c.obj
                0x10000f58                gpio_set_irq_callback
 .text.gpio_acknowledge_irq
                0x10000fa0       0x18 CMakeFiles/ProjetoU7T.dir/C_/Users/Guilherme_Blanco/.pico-sdk/sdk/1.5.1/src/rp2_common/hardware_gpio/gpio.c.obj
                0x10000fa0                gpio_acknowledge_irq
 .text._gpio_set_irq_enabled
                0x10000fb8       0x34 CMakeFiles/ProjetoU7T.dir/C_/Users/Guilherme_Blanco/.pico-sdk/sdk/1.5.1/src/rp2_common/hardware_gpio/gpio.c.obj
 .text.gpio_set_irq_enabled
                0x10000fec       0x20 CMakeFiles/ProjetoU7T.dir/C_/Users/Guilherme_Blanco/.pico-sdk/sdk/1.5.1/src/rp2_common/hardware_gpio/gpio.c.obj
                0x10000fec                gpio_set_irq_enabled
 .text.gpio_set_irq_enabled_with_callback
                0x1000100c       0x20 CMakeFiles/ProjetoU7T.dir/C_/Users/Guilherme_Blanco/.pico-sdk/sdk/1.5.1/src/rp2_common/hardware_gpio/gpio.c.obj
                0x1000100c                gpio_set_irq_enabled_with_callback
 .text.gpio_default_irq_handler
                0x1000102c       0x98 CMakeFiles/ProjetoU7T.dir/C_/Users/Guilherme_Blanco/.pico-sdk/sdk/1.5.1/src/rp2_common/hardware_gpio/gpio.c.obj
 .text.gpio_set_input_enabled
                0x100010c4       0x30 CMakeFiles/ProjetoU7T.dir/C_/Users/Guilherme_Blanco/.pico-sdk/sdk/1.5.1/src/rp2_common/hardware_gpio/gpio.c.obj
                0x100010c4                gpio_set_input_enabled
 .text.gpio_init
                0x100010f4       0x16 CMakeFiles/ProjetoU7T.dir/C_/Users/Guilherme_Blanco/.pico-sdk/sdk/1.5.1/src/rp2_common/hardware_gpio/gpio.c.obj
                0x100010f4                gpio_init
 *fill*         0x1000110a        0x2 
 .text.running_on_fpga
                0x1000110c       0x14 CMakeFiles/ProjetoU7T.dir/C_/Users/Guilherme_Blanco/.pico-sdk/sdk/1.5.1/src/rp2_common/pico_platform/platform.c.obj
                0x1000110c                running_on_fpga
 .text.hw_claim_lock
                0x10001120       0x18 CMakeFiles/ProjetoU7T.dir/C_/Users/Guilherme_Blanco/.pico-sdk/sdk/1.5.1/src/rp2_common/hardware_claim/claim.c.obj
                0x10001120                hw_claim_lock
 .text.hw_claim_unlock
                0x10001138       0x14 CMakeFiles/ProjetoU7T.dir/C_/Users/Guilherme_Blanco/.pico-sdk/sdk/1.5.1/src/rp2_common/hardware_claim/claim.c.obj
                0x10001138                hw_claim_unlock
 .text.hw_claim_or_assert
                0x1000114c       0x32 CMakeFiles/ProjetoU7T.dir/C_/Users/Guilherme_Blanco/.pico-sdk/sdk/1.5.1/src/rp2_common/hardware_claim/claim.c.obj
                0x1000114c                hw_claim_or_assert
 .text.hw_claim_unused_from_range
                0x1000117e       0x50 CMakeFiles/ProjetoU7T.dir/C_/Users/Guilherme_Blanco/.pico-sdk/sdk/1.5.1/src/rp2_common/hardware_claim/claim.c.obj
                0x1000117e                hw_claim_unused_from_range
 *fill*         0x100011ce        0x2 
 .text.spin_locks_reset
                0x100011d0       0x20 CMakeFiles/ProjetoU7T.dir/C_/Users/Guilherme_Blanco/.pico-sdk/sdk/1.5.1/src/rp2_common/hardware_sync/sync.c.obj
                0x100011d0                spin_locks_reset
 .text.next_striped_spin_lock_num
                0x100011f0       0x1c CMakeFiles/ProjetoU7T.dir/C_/Users/Guilherme_Blanco/.pico-sdk/sdk/1.5.1/src/rp2_common/hardware_sync/sync.c.obj
                0x100011f0                next_striped_spin_lock_num
 .text.spin_lock_claim_unused
                0x1000120c       0x24 CMakeFiles/ProjetoU7T.dir/C_/Users/Guilherme_Blanco/.pico-sdk/sdk/1.5.1/src/rp2_common/hardware_sync/sync.c.obj
                0x1000120c                spin_lock_claim_unused
 .text.set_raw_irq_handler_and_unlock
                0x10001230       0x28 CMakeFiles/ProjetoU7T.dir/C_/Users/Guilherme_Blanco/.pico-sdk/sdk/1.5.1/src/rp2_common/hardware_irq/irq.c.obj
 .text.resolve_branch
                0x10001258       0x30 CMakeFiles/ProjetoU7T.dir/C_/Users/Guilherme_Blanco/.pico-sdk/sdk/1.5.1/src/rp2_common/hardware_irq/irq.c.obj
 .text.make_branch
                0x10001288       0x48 CMakeFiles/ProjetoU7T.dir/C_/Users/Guilherme_Blanco/.pico-sdk/sdk/1.5.1/src/rp2_common/hardware_irq/irq.c.obj
 .text.insert_branch_and_link
                0x100012d0       0x40 CMakeFiles/ProjetoU7T.dir/C_/Users/Guilherme_Blanco/.pico-sdk/sdk/1.5.1/src/rp2_common/hardware_irq/irq.c.obj
 .text.irq_is_enabled
                0x10001310       0x18 CMakeFiles/ProjetoU7T.dir/C_/Users/Guilherme_Blanco/.pico-sdk/sdk/1.5.1/src/rp2_common/hardware_irq/irq.c.obj
                0x10001310                irq_is_enabled
 .text.irq_set_mask_enabled
                0x10001328       0x20 CMakeFiles/ProjetoU7T.dir/C_/Users/Guilherme_Blanco/.pico-sdk/sdk/1.5.1/src/rp2_common/hardware_irq/irq.c.obj
                0x10001328                irq_set_mask_enabled
 .text.irq_set_enabled
                0x10001348        0xe CMakeFiles/ProjetoU7T.dir/C_/Users/Guilherme_Blanco/.pico-sdk/sdk/1.5.1/src/rp2_common/hardware_irq/irq.c.obj
                0x10001348                irq_set_enabled
 *fill*         0x10001356        0x2 
 .text.irq_set_pending
                0x10001358       0x10 CMakeFiles/ProjetoU7T.dir/C_/Users/Guilherme_Blanco/.pico-sdk/sdk/1.5.1/src/rp2_common/hardware_irq/irq.c.obj
                0x10001358                irq_set_pending
 .text.irq_get_vtable_handler
                0x10001368       0x10 CMakeFiles/ProjetoU7T.dir/C_/Users/Guilherme_Blanco/.pico-sdk/sdk/1.5.1/src/rp2_common/hardware_irq/irq.c.obj
                0x10001368                irq_get_vtable_handler
 .text.irq_has_shared_handler
                0x10001378       0x24 CMakeFiles/ProjetoU7T.dir/C_/Users/Guilherme_Blanco/.pico-sdk/sdk/1.5.1/src/rp2_common/hardware_irq/irq.c.obj
                0x10001378                irq_has_shared_handler
 .text.irq_set_exclusive_handler
                0x1000139c       0x54 CMakeFiles/ProjetoU7T.dir/C_/Users/Guilherme_Blanco/.pico-sdk/sdk/1.5.1/src/rp2_common/hardware_irq/irq.c.obj
                0x1000139c                irq_set_exclusive_handler
 .text.irq_add_shared_handler
                0x100013f0      0x210 CMakeFiles/ProjetoU7T.dir/C_/Users/Guilherme_Blanco/.pico-sdk/sdk/1.5.1/src/rp2_common/hardware_irq/irq.c.obj
                0x100013f0                irq_add_shared_handler
 .text.irq_remove_handler
                0x10001600      0x188 CMakeFiles/ProjetoU7T.dir/C_/Users/Guilherme_Blanco/.pico-sdk/sdk/1.5.1/src/rp2_common/hardware_irq/irq.c.obj
                0x10001600                irq_remove_handler
 .text.irq_add_tail_to_free_list
                0x10001788       0xf0 CMakeFiles/ProjetoU7T.dir/C_/Users/Guilherme_Blanco/.pico-sdk/sdk/1.5.1/src/rp2_common/hardware_irq/irq.c.obj
                0x10001788                irq_add_tail_to_free_list
 .text.irq_init_priorities
                0x10001878       0x1c CMakeFiles/ProjetoU7T.dir/C_/Users/Guilherme_Blanco/.pico-sdk/sdk/1.5.1/src/rp2_common/hardware_irq/irq.c.obj
                0x10001878                irq_init_priorities
 .text.user_irq_claim_unused
                0x10001894       0x2c CMakeFiles/ProjetoU7T.dir/C_/Users/Guilherme_Blanco/.pico-sdk/sdk/1.5.1/src/rp2_common/hardware_irq/irq.c.obj
                0x10001894                user_irq_claim_unused
 .text.lock_init
                0x100018c0       0x10 CMakeFiles/ProjetoU7T.dir/C_/Users/Guilherme_Blanco/.pico-sdk/sdk/1.5.1/src/common/pico_sync/lock_core.c.obj
                0x100018c0                lock_init
 .text.update_us_since_boot
                0x100018d0       0x24 CMakeFiles/ProjetoU7T.dir/C_/Users/Guilherme_Blanco/.pico-sdk/sdk/1.5.1/src/common/pico_sync/mutex.c.obj
 .text.delayed_by_ms
                0x100018f4       0x44 CMakeFiles/ProjetoU7T.dir/C_/Users/Guilherme_Blanco/.pico-sdk/sdk/1.5.1/src/common/pico_sync/mutex.c.obj
 .text.get_absolute_time
                0x10001938       0x22 CMakeFiles/ProjetoU7T.dir/C_/Users/Guilherme_Blanco/.pico-sdk/sdk/1.5.1/src/common/pico_sync/mutex.c.obj
 .text.make_timeout_time_ms
                0x1000195a       0x20 CMakeFiles/ProjetoU7T.dir/C_/Users/Guilherme_Blanco/.pico-sdk/sdk/1.5.1/src/common/pico_sync/mutex.c.obj
 .text.mutex_init
                0x1000197a       0x1a CMakeFiles/ProjetoU7T.dir/C_/Users/Guilherme_Blanco/.pico-sdk/sdk/1.5.1/src/common/pico_sync/mutex.c.obj
                0x1000197a                mutex_init
 .text.recursive_mutex_init
                0x10001994       0x1e CMakeFiles/ProjetoU7T.dir/C_/Users/Guilherme_Blanco/.pico-sdk/sdk/1.5.1/src/common/pico_sync/mutex.c.obj
                0x10001994                recursive_mutex_init
 *fill*         0x100019b2        0x2 
 .text.critical_section_init_with_lock_num
                0x100019b4       0x14 CMakeFiles/ProjetoU7T.dir/C_/Users/Guilherme_Blanco/.pico-sdk/sdk/1.5.1/src/common/pico_sync/critical_section.c.obj
                0x100019b4                critical_section_init_with_lock_num
 .text.critical_section_init
                0x100019c8       0x14 CMakeFiles/ProjetoU7T.dir/C_/Users/Guilherme_Blanco/.pico-sdk/sdk/1.5.1/src/common/pico_sync/critical_section.c.obj
                0x100019c8                critical_section_init
 .text.time_reached
                0x100019dc       0x28 CMakeFiles/ProjetoU7T.dir/C_/Users/Guilherme_Blanco/.pico-sdk/sdk/1.5.1/src/common/pico_time/time.c.obj
 .text.get_entry
                0x10001a04       0x38 CMakeFiles/ProjetoU7T.dir/C_/Users/Guilherme_Blanco/.pico-sdk/sdk/1.5.1/src/common/pico_time/time.c.obj
 .text.timer_pool_entry_comparator
                0x10001a3c       0x2e CMakeFiles/ProjetoU7T.dir/C_/Users/Guilherme_Blanco/.pico-sdk/sdk/1.5.1/src/common/pico_time/time.c.obj
                0x10001a3c                timer_pool_entry_comparator
 *fill*         0x10001a6a        0x2 
 .text.update_us_since_boot
                0x10001a6c       0x24 CMakeFiles/ProjetoU7T.dir/C_/Users/Guilherme_Blanco/.pico-sdk/sdk/1.5.1/src/common/pico_time/time.c.obj
 .text.delayed_by_us
                0x10001a90       0x34 CMakeFiles/ProjetoU7T.dir/C_/Users/Guilherme_Blanco/.pico-sdk/sdk/1.5.1/src/common/pico_time/time.c.obj
 .text.ph_get_node
                0x10001ac4       0x30 CMakeFiles/ProjetoU7T.dir/C_/Users/Guilherme_Blanco/.pico-sdk/sdk/1.5.1/src/common/pico_time/time.c.obj
 .text.ph_contains_node
                0x10001af4       0x1e CMakeFiles/ProjetoU7T.dir/C_/Users/Guilherme_Blanco/.pico-sdk/sdk/1.5.1/src/common/pico_time/time.c.obj
 .text.ph_new_node
                0x10001b12       0x28 CMakeFiles/ProjetoU7T.dir/C_/Users/Guilherme_Blanco/.pico-sdk/sdk/1.5.1/src/common/pico_time/time.c.obj
 *fill*         0x10001b3a        0x2 
 .text.ph_add_child_node
                0x10001b3c       0x6c CMakeFiles/ProjetoU7T.dir/C_/Users/Guilherme_Blanco/.pico-sdk/sdk/1.5.1/src/common/pico_time/time.c.obj
 .text.ph_merge_nodes
                0x10001ba8       0x3e CMakeFiles/ProjetoU7T.dir/C_/Users/Guilherme_Blanco/.pico-sdk/sdk/1.5.1/src/common/pico_time/time.c.obj
 *fill*         0x10001be6        0x2 
 .text.ph_insert_node
                0x10001be8       0x3c CMakeFiles/ProjetoU7T.dir/C_/Users/Guilherme_Blanco/.pico-sdk/sdk/1.5.1/src/common/pico_time/time.c.obj
 .text.ph_free_node
                0x10001c24       0x5c CMakeFiles/ProjetoU7T.dir/C_/Users/Guilherme_Blanco/.pico-sdk/sdk/1.5.1/src/common/pico_time/time.c.obj
 .text.get_entry_id_high
                0x10001c80       0x30 CMakeFiles/ProjetoU7T.dir/C_/Users/Guilherme_Blanco/.pico-sdk/sdk/1.5.1/src/common/pico_time/time.c.obj
 .text.alarm_pool_post_alloc_init
                0x10001cb0       0x40 CMakeFiles/ProjetoU7T.dir/C_/Users/Guilherme_Blanco/.pico-sdk/sdk/1.5.1/src/common/pico_time/time.c.obj
 .text.sleep_until_callback
                0x10001cf0       0x30 CMakeFiles/ProjetoU7T.dir/C_/Users/Guilherme_Blanco/.pico-sdk/sdk/1.5.1/src/common/pico_time/time.c.obj
 .text.get_absolute_time
                0x10001d20       0x22 CMakeFiles/ProjetoU7T.dir/C_/Users/Guilherme_Blanco/.pico-sdk/sdk/1.5.1/src/common/pico_time/time.c.obj
 .text.make_timeout_time_us
                0x10001d42       0x24 CMakeFiles/ProjetoU7T.dir/C_/Users/Guilherme_Blanco/.pico-sdk/sdk/1.5.1/src/common/pico_time/time.c.obj
 *fill*         0x10001d66        0x2 
 .text.add_alarm_under_lock
                0x10001d68       0x94 CMakeFiles/ProjetoU7T.dir/C_/Users/Guilherme_Blanco/.pico-sdk/sdk/1.5.1/src/common/pico_time/time.c.obj
 .text.alarm_pool_alarm_callback
                0x10001dfc      0x210 CMakeFiles/ProjetoU7T.dir/C_/Users/Guilherme_Blanco/.pico-sdk/sdk/1.5.1/src/common/pico_time/time.c.obj
 .text.alarm_pool_init_default
                0x1000200c       0x40 CMakeFiles/ProjetoU7T.dir/C_/Users/Guilherme_Blanco/.pico-sdk/sdk/1.5.1/src/common/pico_time/time.c.obj
                0x1000200c                alarm_pool_init_default
 .text.alarm_pool_get_default
                0x1000204c       0x2c CMakeFiles/ProjetoU7T.dir/C_/Users/Guilherme_Blanco/.pico-sdk/sdk/1.5.1/src/common/pico_time/time.c.obj
                0x1000204c                alarm_pool_get_default
 .text.alarm_pool_add_alarm_at
                0x10002078      0x10e CMakeFiles/ProjetoU7T.dir/C_/Users/Guilherme_Blanco/.pico-sdk/sdk/1.5.1/src/common/pico_time/time.c.obj
                0x10002078                alarm_pool_add_alarm_at
 .text.add_alarm_at
                0x10002186       0x2e CMakeFiles/ProjetoU7T.dir/C_/Users/Guilherme_Blanco/.pico-sdk/sdk/1.5.1/src/common/pico_time/time.c.obj
 .text.alarm_pool_cancel_alarm
                0x100021b4       0xa8 CMakeFiles/ProjetoU7T.dir/C_/Users/Guilherme_Blanco/.pico-sdk/sdk/1.5.1/src/common/pico_time/time.c.obj
                0x100021b4                alarm_pool_cancel_alarm
 .text.cancel_alarm
                0x1000225c       0x10 CMakeFiles/ProjetoU7T.dir/C_/Users/Guilherme_Blanco/.pico-sdk/sdk/1.5.1/src/common/pico_time/time.c.obj
 .text.alarm_pool_core_num
                0x1000226c        0x4 CMakeFiles/ProjetoU7T.dir/C_/Users/Guilherme_Blanco/.pico-sdk/sdk/1.5.1/src/common/pico_time/time.c.obj
                0x1000226c                alarm_pool_core_num
 .text.sleep_until
                0x10002270       0xb0 CMakeFiles/ProjetoU7T.dir/C_/Users/Guilherme_Blanco/.pico-sdk/sdk/1.5.1/src/common/pico_time/time.c.obj
                0x10002270                sleep_until
 .text.sleep_us
                0x10002320       0x1a CMakeFiles/ProjetoU7T.dir/C_/Users/Guilherme_Blanco/.pico-sdk/sdk/1.5.1/src/common/pico_time/time.c.obj
                0x10002320                sleep_us
 .text.sleep_ms
                0x1000233a       0x14 CMakeFiles/ProjetoU7T.dir/C_/Users/Guilherme_Blanco/.pico-sdk/sdk/1.5.1/src/common/pico_time/time.c.obj
                0x1000233a                sleep_ms
 *fill*         0x1000234e        0x2 
 .text.best_effort_wfe_or_timeout
                0x10002350       0x44 CMakeFiles/ProjetoU7T.dir/C_/Users/Guilherme_Blanco/.pico-sdk/sdk/1.5.1/src/common/pico_time/time.c.obj
                0x10002350                best_effort_wfe_or_timeout
 .text.hardware_alarm_irq_handler
                0x10002394       0x8c CMakeFiles/ProjetoU7T.dir/C_/Users/Guilherme_Blanco/.pico-sdk/sdk/1.5.1/src/rp2_common/hardware_timer/timer.c.obj
 .text.hardware_alarm_claim
                0x10002420       0x18 CMakeFiles/ProjetoU7T.dir/C_/Users/Guilherme_Blanco/.pico-sdk/sdk/1.5.1/src/rp2_common/hardware_timer/timer.c.obj
                0x10002420                hardware_alarm_claim
 .text.time_us_64
                0x10002438       0x18 CMakeFiles/ProjetoU7T.dir/C_/Users/Guilherme_Blanco/.pico-sdk/sdk/1.5.1/src/rp2_common/hardware_timer/timer.c.obj
                0x10002438                time_us_64
 .text.busy_wait_until
                0x10002450       0x28 CMakeFiles/ProjetoU7T.dir/C_/Users/Guilherme_Blanco/.pico-sdk/sdk/1.5.1/src/rp2_common/hardware_timer/timer.c.obj
                0x10002450                busy_wait_until
 .text.hardware_alarm_set_callback
                0x10002478       0x90 CMakeFiles/ProjetoU7T.dir/C_/Users/Guilherme_Blanco/.pico-sdk/sdk/1.5.1/src/rp2_common/hardware_timer/timer.c.obj
                0x10002478                hardware_alarm_set_callback
 .text.hardware_alarm_set_target
                0x10002508       0xe8 CMakeFiles/ProjetoU7T.dir/C_/Users/Guilherme_Blanco/.pico-sdk/sdk/1.5.1/src/rp2_common/hardware_timer/timer.c.obj
                0x10002508                hardware_alarm_set_target
 .text.hardware_alarm_cancel
                0x100025f0       0x40 CMakeFiles/ProjetoU7T.dir/C_/Users/Guilherme_Blanco/.pico-sdk/sdk/1.5.1/src/rp2_common/hardware_timer/timer.c.obj
                0x100025f0                hardware_alarm_cancel
 .text.ph_get_node
                0x10002630       0x30 CMakeFiles/ProjetoU7T.dir/C_/Users/Guilherme_Blanco/.pico-sdk/sdk/1.5.1/src/common/pico_util/pheap.c.obj
 .text.ph_add_child_node
                0x10002660       0x6c CMakeFiles/ProjetoU7T.dir/C_/Users/Guilherme_Blanco/.pico-sdk/sdk/1.5.1/src/common/pico_util/pheap.c.obj
 .text.ph_merge_nodes
                0x100026cc       0x3e CMakeFiles/ProjetoU7T.dir/C_/Users/Guilherme_Blanco/.pico-sdk/sdk/1.5.1/src/common/pico_util/pheap.c.obj
 .text.ph_clear
                0x1000270a       0x34 CMakeFiles/ProjetoU7T.dir/C_/Users/Guilherme_Blanco/.pico-sdk/sdk/1.5.1/src/common/pico_util/pheap.c.obj
                0x1000270a                ph_clear
 .text.ph_post_alloc_init
                0x1000273e        0xe CMakeFiles/ProjetoU7T.dir/C_/Users/Guilherme_Blanco/.pico-sdk/sdk/1.5.1/src/common/pico_util/pheap.c.obj
                0x1000273e                ph_post_alloc_init
 .text.ph_merge_two_pass
                0x1000274c       0x5c CMakeFiles/ProjetoU7T.dir/C_/Users/Guilherme_Blanco/.pico-sdk/sdk/1.5.1/src/common/pico_util/pheap.c.obj
                0x1000274c                ph_merge_two_pass
 .text.ph_remove_any_head
                0x100027a8       0xc0 CMakeFiles/ProjetoU7T.dir/C_/Users/Guilherme_Blanco/.pico-sdk/sdk/1.5.1/src/common/pico_util/pheap.c.obj
 .text.ph_remove_head
                0x10002868       0x14 CMakeFiles/ProjetoU7T.dir/C_/Users/Guilherme_Blanco/.pico-sdk/sdk/1.5.1/src/common/pico_util/pheap.c.obj
                0x10002868                ph_remove_head
 .text.ph_remove_and_free_node
                0x1000287c       0xa0 CMakeFiles/ProjetoU7T.dir/C_/Users/Guilherme_Blanco/.pico-sdk/sdk/1.5.1/src/common/pico_util/pheap.c.obj
                0x1000287c                ph_remove_and_free_node
 .text.clock_configure
                0x1000291c      0x108 CMakeFiles/ProjetoU7T.dir/C_/Users/Guilherme_Blanco/.pico-sdk/sdk/1.5.1/src/rp2_common/hardware_clocks/clocks.c.obj
                0x1000291c                clock_configure
 .text.clocks_init
                0x10002a24      0x100 CMakeFiles/ProjetoU7T.dir/C_/Users/Guilherme_Blanco/.pico-sdk/sdk/1.5.1/src/rp2_common/hardware_clocks/clocks.c.obj
                0x10002a24                clocks_init
 .text.clock_get_hz
                0x10002b24        0xc CMakeFiles/ProjetoU7T.dir/C_/Users/Guilherme_Blanco/.pico-sdk/sdk/1.5.1/src/rp2_common/hardware_clocks/clocks.c.obj
                0x10002b24                clock_get_hz
 .text.pll_init
                0x10002b30      0x120 CMakeFiles/ProjetoU7T.dir/C_/Users/Guilherme_Blanco/.pico-sdk/sdk/1.5.1/src/rp2_common/hardware_pll/pll.c.obj
                0x10002b30                pll_init
 .text.watchdog_start_tick
                0x10002c50       0x10 CMakeFiles/ProjetoU7T.dir/C_/Users/Guilherme_Blanco/.pico-sdk/sdk/1.5.1/src/rp2_common/hardware_watchdog/watchdog.c.obj
                0x10002c50                watchdog_start_tick
 .text.watchdog_update
                0x10002c60       0x14 CMakeFiles/ProjetoU7T.dir/C_/Users/Guilherme_Blanco/.pico-sdk/sdk/1.5.1/src/rp2_common/hardware_watchdog/watchdog.c.obj
                0x10002c60                watchdog_update
 .text._watchdog_enable
                0x10002c74       0x78 CMakeFiles/ProjetoU7T.dir/C_/Users/Guilherme_Blanco/.pico-sdk/sdk/1.5.1/src/rp2_common/hardware_watchdog/watchdog.c.obj
                0x10002c74                _watchdog_enable
 .text.watchdog_reboot
                0x10002cec       0x48 CMakeFiles/ProjetoU7T.dir/C_/Users/Guilherme_Blanco/.pico-sdk/sdk/1.5.1/src/rp2_common/hardware_watchdog/watchdog.c.obj
                0x10002cec                watchdog_reboot
 .text.xosc_init
                0x10002d34       0x28 CMakeFiles/ProjetoU7T.dir/C_/Users/Guilherme_Blanco/.pico-sdk/sdk/1.5.1/src/rp2_common/hardware_xosc/xosc.c.obj
                0x10002d34                xosc_init
 .text._exit    0x10002d5c        0x4 CMakeFiles/ProjetoU7T.dir/C_/Users/Guilherme_Blanco/.pico-sdk/sdk/1.5.1/src/rp2_common/pico_runtime/runtime.c.obj
                0x10002d5c                _exit
 .text._sbrk    0x10002d60       0x38 CMakeFiles/ProjetoU7T.dir/C_/Users/Guilherme_Blanco/.pico-sdk/sdk/1.5.1/src/rp2_common/pico_runtime/runtime.c.obj
                0x10002d60                _sbrk
 .text.exit     0x10002d98        0x6 CMakeFiles/ProjetoU7T.dir/C_/Users/Guilherme_Blanco/.pico-sdk/sdk/1.5.1/src/rp2_common/pico_runtime/runtime.c.obj
                0x10002d98                exit
 *fill*         0x10002d9e        0x2 
 .text.__assert_func
                0x10002da0       0x38 CMakeFiles/ProjetoU7T.dir/C_/Users/Guilherme_Blanco/.pico-sdk/sdk/1.5.1/src/rp2_common/pico_runtime/runtime.c.obj
                0x10002da0                __assert_func
 .text.runtime_init
                0x10002dd8       0xf8 CMakeFiles/ProjetoU7T.dir/C_/Users/Guilherme_Blanco/.pico-sdk/sdk/1.5.1/src/rp2_common/pico_runtime/runtime.c.obj
                0x10002dd8                runtime_init
 .text.panic    0x10002ed0       0x30 CMakeFiles/ProjetoU7T.dir/C_/Users/Guilherme_Blanco/.pico-sdk/sdk/1.5.1/src/rp2_common/pico_runtime/runtime.c.obj
                0x10002ed0                panic
 .text._out_null
                0x10002f00        0x2 CMakeFiles/ProjetoU7T.dir/C_/Users/Guilherme_Blanco/.pico-sdk/sdk/1.5.1/src/rp2_common/pico_printf/printf.c.obj
 .text._out_fct
                0x10002f02        0xe CMakeFiles/ProjetoU7T.dir/C_/Users/Guilherme_Blanco/.pico-sdk/sdk/1.5.1/src/rp2_common/pico_printf/printf.c.obj
 .text._atoi    0x10002f10       0x24 CMakeFiles/ProjetoU7T.dir/C_/Users/Guilherme_Blanco/.pico-sdk/sdk/1.5.1/src/rp2_common/pico_printf/printf.c.obj
 .text._out_rev
                0x10002f34       0xae CMakeFiles/ProjetoU7T.dir/C_/Users/Guilherme_Blanco/.pico-sdk/sdk/1.5.1/src/rp2_common/pico_printf/printf.c.obj
 .text._ntoa_format
                0x10002fe2      0x110 CMakeFiles/ProjetoU7T.dir/C_/Users/Guilherme_Blanco/.pico-sdk/sdk/1.5.1/src/rp2_common/pico_printf/printf.c.obj
 .text._ntoa_long
                0x100030f2       0xbc CMakeFiles/ProjetoU7T.dir/C_/Users/Guilherme_Blanco/.pico-sdk/sdk/1.5.1/src/rp2_common/pico_printf/printf.c.obj
 .text._ntoa_long_long
                0x100031ae      0x10e CMakeFiles/ProjetoU7T.dir/C_/Users/Guilherme_Blanco/.pico-sdk/sdk/1.5.1/src/rp2_common/pico_printf/printf.c.obj
 .text._etoa    0x100032bc      0x420 CMakeFiles/ProjetoU7T.dir/C_/Users/Guilherme_Blanco/.pico-sdk/sdk/1.5.1/src/rp2_common/pico_printf/printf.c.obj
 .text._ftoa    0x100036dc      0x354 CMakeFiles/ProjetoU7T.dir/C_/Users/Guilherme_Blanco/.pico-sdk/sdk/1.5.1/src/rp2_common/pico_printf/printf.c.obj
 .text._vsnprintf
                0x10003a30      0x668 CMakeFiles/ProjetoU7T.dir/C_/Users/Guilherme_Blanco/.pico-sdk/sdk/1.5.1/src/rp2_common/pico_printf/printf.c.obj
 .text.vfctprintf
                0x10004098       0x20 CMakeFiles/ProjetoU7T.dir/C_/Users/Guilherme_Blanco/.pico-sdk/sdk/1.5.1/src/rp2_common/pico_printf/printf.c.obj
                0x10004098                vfctprintf
 .text          0x100040b8       0x10 CMakeFiles/ProjetoU7T.dir/C_/Users/Guilherme_Blanco/.pico-sdk/sdk/1.5.1/src/rp2_common/pico_bit_ops/bit_ops_aeabi.S.obj
 .text.rom_func_lookup
                0x100040c8       0x10 CMakeFiles/ProjetoU7T.dir/C_/Users/Guilherme_Blanco/.pico-sdk/sdk/1.5.1/src/rp2_common/pico_bootrom/bootrom.c.obj
                0x100040c8                rom_func_lookup
 .text.rom_data_lookup
                0x100040d8       0x10 CMakeFiles/ProjetoU7T.dir/C_/Users/Guilherme_Blanco/.pico-sdk/sdk/1.5.1/src/rp2_common/pico_bootrom/bootrom.c.obj
                0x100040d8                rom_data_lookup
 .text.rom_funcs_lookup
                0x100040e8       0x36 CMakeFiles/ProjetoU7T.dir/C_/Users/Guilherme_Blanco/.pico-sdk/sdk/1.5.1/src/rp2_common/pico_bootrom/bootrom.c.obj
                0x100040e8                rom_funcs_lookup
 *fill*         0x1000411e        0x2 
 .text.__wrap___aeabi_idiv
                0x10004120       0x50 CMakeFiles/ProjetoU7T.dir/C_/Users/Guilherme_Blanco/.pico-sdk/sdk/1.5.1/src/rp2_common/pico_divider/divider.S.obj
                0x10004120                __wrap___aeabi_idivmod
                0x10004120                divmod_s32s32
                0x10004120                div_s32s32
                0x10004120                __wrap___aeabi_idiv
                0x10004128                divmod_s32s32_unsafe
                0x10004154                divmod_s32s32_savestate
 .text.__wrap___aeabi_uidiv
                0x10004170       0x4c CMakeFiles/ProjetoU7T.dir/C_/Users/Guilherme_Blanco/.pico-sdk/sdk/1.5.1/src/rp2_common/pico_divider/divider.S.obj
                0x10004170                __wrap___aeabi_uidiv
                0x10004170                __wrap___aeabi_uidivmod
                0x10004170                div_u32u32
                0x10004170                divmod_u32u32
                0x10004178                divmod_u32u32_unsafe
                0x100041a0                divmod_u32u32_savestate
 .text.__wrap___aeabi_ldiv
                0x100041bc      0x424 CMakeFiles/ProjetoU7T.dir/C_/Users/Guilherme_Blanco/.pico-sdk/sdk/1.5.1/src/rp2_common/pico_divider/divider.S.obj
                0x100041bc                div_s64s64
                0x100041bc                divmod_s64s64
                0x100041bc                __wrap___aeabi_ldivmod
                0x100041ec                divmod_u64u64
                0x100041ec                div_u64u64
                0x100041ec                __wrap___aeabi_uldivmod
                0x100041fc                divmod_u64u64_savestate
                0x1000421c                divmod_s64s64_unsafe
                0x100042a4                divmod_u64u64_unsafe
 .text.__wrap___aeabi_darithmetic
                0x100045e0       0x60 CMakeFiles/ProjetoU7T.dir/C_/Users/Guilherme_Blanco/.pico-sdk/sdk/1.5.1/src/rp2_common/pico_double/double_aeabi.S.obj
                0x100045e0                __wrap___aeabi_drsub
                0x100045e6                __wrap___aeabi_dsub
                0x100045f0                __wrap___aeabi_dadd
                0x100045fa                __wrap___aeabi_ddiv
                0x1000462e                __wrap___aeabi_dmul
 .text.__wrap___aeabi_cdcmple
                0x10004640       0x6c CMakeFiles/ProjetoU7T.dir/C_/Users/Guilherme_Blanco/.pico-sdk/sdk/1.5.1/src/rp2_common/pico_double/double_aeabi.S.obj
                0x10004640                __wrap___aeabi_cdrcmple
                0x10004650                __wrap___aeabi_cdcmpeq
                0x10004650                __wrap___aeabi_cdcmple
 .text.__wrap___aeabi_dcmplt
                0x100046ac        0xc CMakeFiles/ProjetoU7T.dir/C_/Users/Guilherme_Blanco/.pico-sdk/sdk/1.5.1/src/rp2_common/pico_double/double_aeabi.S.obj
                0x100046ac                __wrap___aeabi_dcmplt
 .text.__wrap___aeabi_dcmple
                0x100046b8       0x10 CMakeFiles/ProjetoU7T.dir/C_/Users/Guilherme_Blanco/.pico-sdk/sdk/1.5.1/src/rp2_common/pico_double/double_aeabi.S.obj
                0x100046b8                __wrap___aeabi_dcmple
 .text.__wrap___aeabi_dcmpge
                0x100046c8       0x10 CMakeFiles/ProjetoU7T.dir/C_/Users/Guilherme_Blanco/.pico-sdk/sdk/1.5.1/src/rp2_common/pico_double/double_aeabi.S.obj
                0x100046c8                __wrap___aeabi_dcmpge
 .text.__wrap___aeabi_dcmpgt
                0x100046d8        0xa CMakeFiles/ProjetoU7T.dir/C_/Users/Guilherme_Blanco/.pico-sdk/sdk/1.5.1/src/rp2_common/pico_double/double_aeabi.S.obj
                0x100046d8                __wrap___aeabi_dcmpgt
 .text.__wrap___aeabi_dcmpun
                0x100046e2       0x1c CMakeFiles/ProjetoU7T.dir/C_/Users/Guilherme_Blanco/.pico-sdk/sdk/1.5.1/src/rp2_common/pico_double/double_aeabi.S.obj
                0x100046e2                __wrap___aeabi_dcmpun
 *fill*         0x100046fe        0x2 
 .text.__wrap___aeabi_i2d
                0x10004700       0x38 CMakeFiles/ProjetoU7T.dir/C_/Users/Guilherme_Blanco/.pico-sdk/sdk/1.5.1/src/rp2_common/pico_double/double_aeabi.S.obj
                0x10004700                __wrap___aeabi_ui2d
                0x10004708                __wrap___aeabi_i2d
 .text.__wrap___aeabi_d2iz
                0x10004738       0x48 CMakeFiles/ProjetoU7T.dir/C_/Users/Guilherme_Blanco/.pico-sdk/sdk/1.5.1/src/rp2_common/pico_double/double_aeabi.S.obj
                0x10004738                double2int_z
                0x10004738                __wrap___aeabi_d2iz
 .text.__wrap___aeabi_d2uiz
                0x10004780       0x10 CMakeFiles/ProjetoU7T.dir/C_/Users/Guilherme_Blanco/.pico-sdk/sdk/1.5.1/src/rp2_common/pico_double/double_aeabi.S.obj
                0x10004780                __wrap___aeabi_d2uiz
                0x10004780                double2uint
 .text.__wrap___aeabi_d2f
                0x10004790       0x10 CMakeFiles/ProjetoU7T.dir/C_/Users/Guilherme_Blanco/.pico-sdk/sdk/1.5.1/src/rp2_common/pico_double/double_aeabi.S.obj
                0x10004790                __wrap___aeabi_d2f
 .text.missing_double_func_shim
                0x100047a0        0xc CMakeFiles/ProjetoU7T.dir/C_/Users/Guilherme_Blanco/.pico-sdk/sdk/1.5.1/src/rp2_common/pico_double/double_init_rom.c.obj
 .text.__aeabi_double_init
                0x100047ac       0xd0 CMakeFiles/ProjetoU7T.dir/C_/Users/Guilherme_Blanco/.pico-sdk/sdk/1.5.1/src/rp2_common/pico_double/double_init_rom.c.obj
                0x100047ac                __aeabi_double_init
 .text.double_table_shim_on_use_helper
                0x1000487c       0x34 CMakeFiles/ProjetoU7T.dir/C_/Users/Guilherme_Blanco/.pico-sdk/sdk/1.5.1/src/rp2_common/pico_double/double_v1_rom_shim.S.obj
                0x1000487c                double_table_shim_on_use_helper
 .text.__aeabi_lmul
                0x100048b0       0x32 CMakeFiles/ProjetoU7T.dir/C_/Users/Guilherme_Blanco/.pico-sdk/sdk/1.5.1/src/rp2_common/pico_int64_ops/pico_int64_ops_aeabi.S.obj
                0x100048b0                __wrap___aeabi_lmul
 *fill*         0x100048e2        0x2 
 .text.__wrap___aeabi_farithmetic
                0x100048e4       0x48 CMakeFiles/ProjetoU7T.dir/C_/Users/Guilherme_Blanco/.pico-sdk/sdk/1.5.1/src/rp2_common/pico_float/float_aeabi.S.obj
                0x100048e4                __wrap___aeabi_frsub
                0x100048ea                __wrap___aeabi_fsub
                0x100048f0                __wrap___aeabi_fadd
                0x100048f6                __wrap___aeabi_fdiv
                0x1000491e                __wrap___aeabi_fmul
 .text.__wrap___aeabi_ui2f
                0x1000492c        0xa CMakeFiles/ProjetoU7T.dir/C_/Users/Guilherme_Blanco/.pico-sdk/sdk/1.5.1/src/rp2_common/pico_float/float_aeabi.S.obj
                0x1000492c                __wrap___aeabi_ui2f
 *fill*         0x10004936        0x2 
 .text.__wrap___aeabi_i2f
                0x10004938       0x44 CMakeFiles/ProjetoU7T.dir/C_/Users/Guilherme_Blanco/.pico-sdk/sdk/1.5.1/src/rp2_common/pico_float/float_aeabi.S.obj
                0x10004938                __wrap___aeabi_i2f
 .text.__wrap___aeabi_f2uiz
                0x1000497c        0xc CMakeFiles/ProjetoU7T.dir/C_/Users/Guilherme_Blanco/.pico-sdk/sdk/1.5.1/src/rp2_common/pico_float/float_aeabi.S.obj
                0x1000497c                __wrap___aeabi_f2uiz
 .text.missing_float_func_shim
                0x10004988        0xc CMakeFiles/ProjetoU7T.dir/C_/Users/Guilherme_Blanco/.pico-sdk/sdk/1.5.1/src/rp2_common/pico_float/float_init_rom.c.obj
 .text.__aeabi_float_init
                0x10004994       0x88 CMakeFiles/ProjetoU7T.dir/C_/Users/Guilherme_Blanco/.pico-sdk/sdk/1.5.1/src/rp2_common/pico_float/float_init_rom.c.obj
                0x10004994                __aeabi_float_init
 .text.check_alloc
                0x10004a1c       0x20 CMakeFiles/ProjetoU7T.dir/C_/Users/Guilherme_Blanco/.pico-sdk/sdk/1.5.1/src/rp2_common/pico_malloc/pico_malloc.c.obj
 .text.__wrap_malloc
                0x10004a3c       0x14 CMakeFiles/ProjetoU7T.dir/C_/Users/Guilherme_Blanco/.pico-sdk/sdk/1.5.1/src/rp2_common/pico_malloc/pico_malloc.c.obj
                0x10004a3c                __wrap_malloc
 .text.__wrap_free
                0x10004a50        0x8 CMakeFiles/ProjetoU7T.dir/C_/Users/Guilherme_Blanco/.pico-sdk/sdk/1.5.1/src/rp2_common/pico_malloc/pico_malloc.c.obj
                0x10004a50                __wrap_free
 .text          0x10004a58       0x10 CMakeFiles/ProjetoU7T.dir/C_/Users/Guilherme_Blanco/.pico-sdk/sdk/1.5.1/src/rp2_common/pico_mem_ops/mem_ops_aeabi.S.obj
                0x10004a58                __aeabi_mem_init
 .text.memset   0x10004a68        0xc CMakeFiles/ProjetoU7T.dir/C_/Users/Guilherme_Blanco/.pico-sdk/sdk/1.5.1/src/rp2_common/pico_mem_ops/mem_ops_aeabi.S.obj
                0x10004a68                __wrap_memset
 .text.memcpy   0x10004a74        0xc CMakeFiles/ProjetoU7T.dir/C_/Users/Guilherme_Blanco/.pico-sdk/sdk/1.5.1/src/rp2_common/pico_mem_ops/mem_ops_aeabi.S.obj
                0x10004a74                __wrap_memcpy
                0x10004a74                __wrap___aeabi_memcpy
 .text.stdio_out_chars_no_crlf
                0x10004a80        0xe CMakeFiles/ProjetoU7T.dir/C_/Users/Guilherme_Blanco/.pico-sdk/sdk/1.5.1/src/rp2_common/pico_stdio/stdio.c.obj
 *fill*         0x10004a8e        0x2 
 .text.stdio_out_chars_crlf
                0x10004a90       0x80 CMakeFiles/ProjetoU7T.dir/C_/Users/Guilherme_Blanco/.pico-sdk/sdk/1.5.1/src/rp2_common/pico_stdio/stdio.c.obj
 .text.stdio_stack_buffer_flush
                0x10004b10       0x44 CMakeFiles/ProjetoU7T.dir/C_/Users/Guilherme_Blanco/.pico-sdk/sdk/1.5.1/src/rp2_common/pico_stdio/stdio.c.obj
 .text.stdio_buffered_printer
                0x10004b54       0x20 CMakeFiles/ProjetoU7T.dir/C_/Users/Guilherme_Blanco/.pico-sdk/sdk/1.5.1/src/rp2_common/pico_stdio/stdio.c.obj
 .text.update_us_since_boot
                0x10004b74       0x24 CMakeFiles/ProjetoU7T.dir/C_/Users/Guilherme_Blanco/.pico-sdk/sdk/1.5.1/src/rp2_common/pico_stdio/stdio.c.obj
 .text.get_absolute_time
                0x10004b98       0x22 CMakeFiles/ProjetoU7T.dir/C_/Users/Guilherme_Blanco/.pico-sdk/sdk/1.5.1/src/rp2_common/pico_stdio/stdio.c.obj
 *fill*         0x10004bba        0x2 
 .text.delayed_by_ms
                0x10004bbc       0x44 CMakeFiles/ProjetoU7T.dir/C_/Users/Guilherme_Blanco/.pico-sdk/sdk/1.5.1/src/rp2_common/pico_stdio/stdio.c.obj
 .text.make_timeout_time_ms
                0x10004c00       0x20 CMakeFiles/ProjetoU7T.dir/C_/Users/Guilherme_Blanco/.pico-sdk/sdk/1.5.1/src/rp2_common/pico_stdio/stdio.c.obj
 .text.stdout_serialize_begin
                0x10004c20       0x20 CMakeFiles/ProjetoU7T.dir/C_/Users/Guilherme_Blanco/.pico-sdk/sdk/1.5.1/src/rp2_common/pico_stdio/stdio.c.obj
                0x10004c20                stdout_serialize_begin
 .text.stdout_serialize_end
                0x10004c40       0x10 CMakeFiles/ProjetoU7T.dir/C_/Users/Guilherme_Blanco/.pico-sdk/sdk/1.5.1/src/rp2_common/pico_stdio/stdio.c.obj
                0x10004c40                stdout_serialize_end
 .text.stdio_put_string
                0x10004c50       0x98 CMakeFiles/ProjetoU7T.dir/C_/Users/Guilherme_Blanco/.pico-sdk/sdk/1.5.1/src/rp2_common/pico_stdio/stdio.c.obj
 .text.stdio_set_driver_enabled
                0x10004ce8       0x2c CMakeFiles/ProjetoU7T.dir/C_/Users/Guilherme_Blanco/.pico-sdk/sdk/1.5.1/src/rp2_common/pico_stdio/stdio.c.obj
                0x10004ce8                stdio_set_driver_enabled
 .text.stdio_flush
                0x10004d14       0x20 CMakeFiles/ProjetoU7T.dir/C_/Users/Guilherme_Blanco/.pico-sdk/sdk/1.5.1/src/rp2_common/pico_stdio/stdio.c.obj
                0x10004d14                stdio_flush
 .text.__wrap_puts
                0x10004d34       0x1e CMakeFiles/ProjetoU7T.dir/C_/Users/Guilherme_Blanco/.pico-sdk/sdk/1.5.1/src/rp2_common/pico_stdio/stdio.c.obj
                0x10004d34                __wrap_puts
 *fill*         0x10004d52        0x2 
 .text.__wrap_vprintf
                0x10004d54       0x40 CMakeFiles/ProjetoU7T.dir/C_/Users/Guilherme_Blanco/.pico-sdk/sdk/1.5.1/src/rp2_common/pico_stdio/stdio.c.obj
                0x10004d54                __wrap_vprintf
 .text.__wrap_printf
                0x10004d94       0x18 CMakeFiles/ProjetoU7T.dir/C_/Users/Guilherme_Blanco/.pico-sdk/sdk/1.5.1/src/rp2_common/pico_stdio/stdio.c.obj
                0x10004d94                __wrap_printf
 .text.stdio_init_all
                0x10004dac        0x8 CMakeFiles/ProjetoU7T.dir/C_/Users/Guilherme_Blanco/.pico-sdk/sdk/1.5.1/src/rp2_common/pico_stdio/stdio.c.obj
                0x10004dac                stdio_init_all
 .text.resetd_init
                0x10004db4        0x2 CMakeFiles/ProjetoU7T.dir/C_/Users/Guilherme_Blanco/.pico-sdk/sdk/1.5.1/src/rp2_common/pico_stdio_usb/reset_interface.c.obj
 *fill*         0x10004db6        0x2 
 .text.resetd_reset
                0x10004db8        0xc CMakeFiles/ProjetoU7T.dir/C_/Users/Guilherme_Blanco/.pico-sdk/sdk/1.5.1/src/rp2_common/pico_stdio_usb/reset_interface.c.obj
 .text.resetd_open
                0x10004dc4       0x34 CMakeFiles/ProjetoU7T.dir/C_/Users/Guilherme_Blanco/.pico-sdk/sdk/1.5.1/src/rp2_common/pico_stdio_usb/reset_interface.c.obj
 .text.resetd_xfer_cb
                0x10004df8        0x4 CMakeFiles/ProjetoU7T.dir/C_/Users/Guilherme_Blanco/.pico-sdk/sdk/1.5.1/src/rp2_common/pico_stdio_usb/reset_interface.c.obj
 .text.reset_usb_boot
                0x10004dfc       0x18 CMakeFiles/ProjetoU7T.dir/C_/Users/Guilherme_Blanco/.pico-sdk/sdk/1.5.1/src/rp2_common/pico_stdio_usb/reset_interface.c.obj
 .text.resetd_control_xfer_cb
                0x10004e14       0x5c CMakeFiles/ProjetoU7T.dir/C_/Users/Guilherme_Blanco/.pico-sdk/sdk/1.5.1/src/rp2_common/pico_stdio_usb/reset_interface.c.obj
 .text.usbd_app_driver_get_cb
                0x10004e70        0xc CMakeFiles/ProjetoU7T.dir/C_/Users/Guilherme_Blanco/.pico-sdk/sdk/1.5.1/src/rp2_common/pico_stdio_usb/reset_interface.c.obj
                0x10004e70                usbd_app_driver_get_cb
 .text.tud_cdc_line_coding_cb
                0x10004e7c       0x28 CMakeFiles/ProjetoU7T.dir/C_/Users/Guilherme_Blanco/.pico-sdk/sdk/1.5.1/src/rp2_common/pico_stdio_usb/reset_interface.c.obj
                0x10004e7c                tud_cdc_line_coding_cb
 .text.stdio_usb_set_chars_available_callback
                0x10004ea4       0x14 CMakeFiles/ProjetoU7T.dir/C_/Users/Guilherme_Blanco/.pico-sdk/sdk/1.5.1/src/rp2_common/pico_stdio_usb/stdio_usb.c.obj
                0x10004ea4                stdio_usb_set_chars_available_callback
 .text.update_us_since_boot
                0x10004eb8       0x24 CMakeFiles/ProjetoU7T.dir/C_/Users/Guilherme_Blanco/.pico-sdk/sdk/1.5.1/src/rp2_common/pico_stdio_usb/stdio_usb.c.obj
 .text.get_absolute_time
                0x10004edc       0x22 CMakeFiles/ProjetoU7T.dir/C_/Users/Guilherme_Blanco/.pico-sdk/sdk/1.5.1/src/rp2_common/pico_stdio_usb/stdio_usb.c.obj
 *fill*         0x10004efe        0x2 
 .text.delayed_by_ms
                0x10004f00       0x44 CMakeFiles/ProjetoU7T.dir/C_/Users/Guilherme_Blanco/.pico-sdk/sdk/1.5.1/src/rp2_common/pico_stdio_usb/stdio_usb.c.obj
 .text.make_timeout_time_ms
                0x10004f44       0x20 CMakeFiles/ProjetoU7T.dir/C_/Users/Guilherme_Blanco/.pico-sdk/sdk/1.5.1/src/rp2_common/pico_stdio_usb/stdio_usb.c.obj
 .text.delayed_by_us
                0x10004f64       0x34 CMakeFiles/ProjetoU7T.dir/C_/Users/Guilherme_Blanco/.pico-sdk/sdk/1.5.1/src/rp2_common/pico_stdio_usb/stdio_usb.c.obj
 .text.usb_irq  0x10004f98       0x10 CMakeFiles/ProjetoU7T.dir/C_/Users/Guilherme_Blanco/.pico-sdk/sdk/1.5.1/src/rp2_common/pico_stdio_usb/stdio_usb.c.obj
 .text.critical_section_enter_blocking
                0x10004fa8       0x16 CMakeFiles/ProjetoU7T.dir/C_/Users/Guilherme_Blanco/.pico-sdk/sdk/1.5.1/src/rp2_common/pico_stdio_usb/stdio_usb.c.obj
 *fill*         0x10004fbe        0x2 
 .text.timer_task
                0x10004fc0       0x4c CMakeFiles/ProjetoU7T.dir/C_/Users/Guilherme_Blanco/.pico-sdk/sdk/1.5.1/src/rp2_common/pico_stdio_usb/stdio_usb.c.obj
 .text.alarm_pool_add_alarm_in_us
                0x1000500c       0x3a CMakeFiles/ProjetoU7T.dir/C_/Users/Guilherme_Blanco/.pico-sdk/sdk/1.5.1/src/rp2_common/pico_stdio_usb/stdio_usb.c.obj
 .text.add_alarm_in_us
                0x10005046       0x2e CMakeFiles/ProjetoU7T.dir/C_/Users/Guilherme_Blanco/.pico-sdk/sdk/1.5.1/src/rp2_common/pico_stdio_usb/stdio_usb.c.obj
 .text.low_priority_worker_irq
                0x10005074       0x7c CMakeFiles/ProjetoU7T.dir/C_/Users/Guilherme_Blanco/.pico-sdk/sdk/1.5.1/src/rp2_common/pico_stdio_usb/stdio_usb.c.obj
 .text.tud_cdc_rx_cb
                0x100050f0       0x20 CMakeFiles/ProjetoU7T.dir/C_/Users/Guilherme_Blanco/.pico-sdk/sdk/1.5.1/src/rp2_common/pico_stdio_usb/stdio_usb.c.obj
                0x100050f0                tud_cdc_rx_cb
 .text.stdio_usb_init
                0x10005110       0xd0 CMakeFiles/ProjetoU7T.dir/C_/Users/Guilherme_Blanco/.pico-sdk/sdk/1.5.1/src/rp2_common/pico_stdio_usb/stdio_usb.c.obj
                0x10005110                stdio_usb_init
 .text.stdio_usb_connected
                0x100051e0        0xa CMakeFiles/ProjetoU7T.dir/C_/Users/Guilherme_Blanco/.pico-sdk/sdk/1.5.1/src/rp2_common/pico_stdio_usb/stdio_usb.c.obj
                0x100051e0                stdio_usb_connected
 *fill*         0x100051ea        0x2 
 .text.stdio_usb_in_chars
                0x100051ec       0x88 CMakeFiles/ProjetoU7T.dir/C_/Users/Guilherme_Blanco/.pico-sdk/sdk/1.5.1/src/rp2_common/pico_stdio_usb/stdio_usb.c.obj
                0x100051ec                stdio_usb_in_chars
 .text.stdio_usb_out_chars
                0x10005274       0xd8 CMakeFiles/ProjetoU7T.dir/C_/Users/Guilherme_Blanco/.pico-sdk/sdk/1.5.1/src/rp2_common/pico_stdio_usb/stdio_usb.c.obj
 .text.tud_descriptor_device_cb
                0x1000534c        0x8 CMakeFiles/ProjetoU7T.dir/C_/Users/Guilherme_Blanco/.pico-sdk/sdk/1.5.1/src/rp2_common/pico_stdio_usb/stdio_usb_descriptors.c.obj
                0x1000534c                tud_descriptor_device_cb
 .text.tud_descriptor_configuration_cb
                0x10005354        0x8 CMakeFiles/ProjetoU7T.dir/C_/Users/Guilherme_Blanco/.pico-sdk/sdk/1.5.1/src/rp2_common/pico_stdio_usb/stdio_usb_descriptors.c.obj
                0x10005354                tud_descriptor_configuration_cb
 .text.tud_descriptor_string_cb
                0x1000535c       0x6c CMakeFiles/ProjetoU7T.dir/C_/Users/Guilherme_Blanco/.pico-sdk/sdk/1.5.1/src/rp2_common/pico_stdio_usb/stdio_usb_descriptors.c.obj
                0x1000535c                tud_descriptor_string_cb
 .text._retrieve_unique_id_on_boot
                0x100053c8       0x10 CMakeFiles/ProjetoU7T.dir/C_/Users/Guilherme_Blanco/.pico-sdk/sdk/1.5.1/src/rp2_common/pico_unique_id/unique_id.c.obj
 .text.pico_get_unique_board_id_string
                0x100053d8       0x5c CMakeFiles/ProjetoU7T.dir/C_/Users/Guilherme_Blanco/.pico-sdk/sdk/1.5.1/src/rp2_common/pico_unique_id/unique_id.c.obj
                0x100053d8                pico_get_unique_board_id_string
 .text.flash_get_unique_id
                0x10005434       0x40 CMakeFiles/ProjetoU7T.dir/C_/Users/Guilherme_Blanco/.pico-sdk/sdk/1.5.1/src/rp2_common/hardware_flash/flash.c.obj
                0x10005434                flash_get_unique_id
 .text.hw_endpoint_get_by_addr
                0x10005474       0x18 CMakeFiles/ProjetoU7T.dir/C_/Users/Guilherme_Blanco/.pico-sdk/sdk/1.5.1/lib/tinyusb/src/portable/raspberrypi/rp2040/dcd_rp2040.c.obj
 .text._hw_endpoint_alloc
                0x1000548c       0x70 CMakeFiles/ProjetoU7T.dir/C_/Users/Guilherme_Blanco/.pico-sdk/sdk/1.5.1/lib/tinyusb/src/portable/raspberrypi/rp2040/dcd_rp2040.c.obj
 .text.hw_endpoint_init
                0x100054fc       0x88 CMakeFiles/ProjetoU7T.dir/C_/Users/Guilherme_Blanco/.pico-sdk/sdk/1.5.1/lib/tinyusb/src/portable/raspberrypi/rp2040/dcd_rp2040.c.obj
 .text.dcd_event_sof
                0x10005584       0x2c CMakeFiles/ProjetoU7T.dir/C_/Users/Guilherme_Blanco/.pico-sdk/sdk/1.5.1/lib/tinyusb/src/portable/raspberrypi/rp2040/dcd_rp2040.c.obj
 .text.hw_endpoint_xfer
                0x100055b0       0x14 CMakeFiles/ProjetoU7T.dir/C_/Users/Guilherme_Blanco/.pico-sdk/sdk/1.5.1/lib/tinyusb/src/portable/raspberrypi/rp2040/dcd_rp2040.c.obj
 .text.dcd_int_enable
                0x100055c4       0x2c CMakeFiles/ProjetoU7T.dir/C_/Users/Guilherme_Blanco/.pico-sdk/sdk/1.5.1/lib/tinyusb/src/portable/raspberrypi/rp2040/dcd_rp2040.c.obj
                0x100055c4                dcd_int_enable
 .text.dcd_set_address
                0x100055f0       0x2c CMakeFiles/ProjetoU7T.dir/C_/Users/Guilherme_Blanco/.pico-sdk/sdk/1.5.1/lib/tinyusb/src/portable/raspberrypi/rp2040/dcd_rp2040.c.obj
                0x100055f0                dcd_set_address
 .text.dcd_connect
                0x1000561c       0x10 CMakeFiles/ProjetoU7T.dir/C_/Users/Guilherme_Blanco/.pico-sdk/sdk/1.5.1/lib/tinyusb/src/portable/raspberrypi/rp2040/dcd_rp2040.c.obj
                0x1000561c                dcd_connect
 .text.dcd_init
                0x1000562c       0x80 CMakeFiles/ProjetoU7T.dir/C_/Users/Guilherme_Blanco/.pico-sdk/sdk/1.5.1/lib/tinyusb/src/portable/raspberrypi/rp2040/dcd_rp2040.c.obj
                0x1000562c                dcd_init
 .text.dcd_edpt0_status_complete
                0x100056ac       0x1c CMakeFiles/ProjetoU7T.dir/C_/Users/Guilherme_Blanco/.pico-sdk/sdk/1.5.1/lib/tinyusb/src/portable/raspberrypi/rp2040/dcd_rp2040.c.obj
                0x100056ac                dcd_edpt0_status_complete
 .text.dcd_edpt_open
                0x100056c8       0x40 CMakeFiles/ProjetoU7T.dir/C_/Users/Guilherme_Blanco/.pico-sdk/sdk/1.5.1/lib/tinyusb/src/portable/raspberrypi/rp2040/dcd_rp2040.c.obj
                0x100056c8                dcd_edpt_open
 .text.dcd_edpt_close_all
                0x10005708        0x8 CMakeFiles/ProjetoU7T.dir/C_/Users/Guilherme_Blanco/.pico-sdk/sdk/1.5.1/lib/tinyusb/src/portable/raspberrypi/rp2040/dcd_rp2040.c.obj
                0x10005708                dcd_edpt_close_all
 .text.dcd_edpt_xfer
                0x10005710       0x34 CMakeFiles/ProjetoU7T.dir/C_/Users/Guilherme_Blanco/.pico-sdk/sdk/1.5.1/lib/tinyusb/src/portable/raspberrypi/rp2040/dcd_rp2040.c.obj
                0x10005710                dcd_edpt_xfer
 .text.dcd_edpt_stall
                0x10005744       0x2c CMakeFiles/ProjetoU7T.dir/C_/Users/Guilherme_Blanco/.pico-sdk/sdk/1.5.1/lib/tinyusb/src/portable/raspberrypi/rp2040/dcd_rp2040.c.obj
                0x10005744                dcd_edpt_stall
 .text.dcd_edpt_clear_stall
                0x10005770       0x20 CMakeFiles/ProjetoU7T.dir/C_/Users/Guilherme_Blanco/.pico-sdk/sdk/1.5.1/lib/tinyusb/src/portable/raspberrypi/rp2040/dcd_rp2040.c.obj
                0x10005770                dcd_edpt_clear_stall
 .text.rp2040_usb_init
                0x10005790       0x4c CMakeFiles/ProjetoU7T.dir/C_/Users/Guilherme_Blanco/.pico-sdk/sdk/1.5.1/lib/tinyusb/src/portable/raspberrypi/rp2040/rp2040_usb.c.obj
                0x10005790                rp2040_usb_init
 .text.hw_endpoint_xfer_start
                0x100057dc       0x50 CMakeFiles/ProjetoU7T.dir/C_/Users/Guilherme_Blanco/.pico-sdk/sdk/1.5.1/lib/tinyusb/src/portable/raspberrypi/rp2040/rp2040_usb.c.obj
                0x100057dc                hw_endpoint_xfer_start
 .text.configuration_reset
                0x1000582c       0x84 CMakeFiles/ProjetoU7T.dir/C_/Users/Guilherme_Blanco/.pico-sdk/sdk/1.5.1/lib/tinyusb/src/device/usbd.c.obj
 .text.critical_section_enter_blocking
                0x100058b0       0x16 CMakeFiles/ProjetoU7T.dir/C_/Users/Guilherme_Blanco/.pico-sdk/sdk/1.5.1/lib/tinyusb/src/device/usbd.c.obj
 .text.usbd_reset
                0x100058c6        0xc CMakeFiles/ProjetoU7T.dir/C_/Users/Guilherme_Blanco/.pico-sdk/sdk/1.5.1/lib/tinyusb/src/device/usbd.c.obj
 .text.invoke_class_control
                0x100058d2       0x1a CMakeFiles/ProjetoU7T.dir/C_/Users/Guilherme_Blanco/.pico-sdk/sdk/1.5.1/lib/tinyusb/src/device/usbd.c.obj
 .text.process_set_config
                0x100058ec      0x178 CMakeFiles/ProjetoU7T.dir/C_/Users/Guilherme_Blanco/.pico-sdk/sdk/1.5.1/lib/tinyusb/src/device/usbd.c.obj
 .text.process_get_descriptor
                0x10005a64       0xdc CMakeFiles/ProjetoU7T.dir/C_/Users/Guilherme_Blanco/.pico-sdk/sdk/1.5.1/lib/tinyusb/src/device/usbd.c.obj
 .text.tud_mounted
                0x10005b40       0x10 CMakeFiles/ProjetoU7T.dir/C_/Users/Guilherme_Blanco/.pico-sdk/sdk/1.5.1/lib/tinyusb/src/device/usbd.c.obj
                0x10005b40                tud_mounted
 .text.tud_suspended
                0x10005b50       0x10 CMakeFiles/ProjetoU7T.dir/C_/Users/Guilherme_Blanco/.pico-sdk/sdk/1.5.1/lib/tinyusb/src/device/usbd.c.obj
                0x10005b50                tud_suspended
 .text.tud_inited
                0x10005b60       0x14 CMakeFiles/ProjetoU7T.dir/C_/Users/Guilherme_Blanco/.pico-sdk/sdk/1.5.1/lib/tinyusb/src/device/usbd.c.obj
                0x10005b60                tud_inited
 .text.tud_init
                0x10005b74       0xcc CMakeFiles/ProjetoU7T.dir/C_/Users/Guilherme_Blanco/.pico-sdk/sdk/1.5.1/lib/tinyusb/src/device/usbd.c.obj
                0x10005b74                tud_init
 .text.usbd_defer_func
                0x10005c40       0x2a CMakeFiles/ProjetoU7T.dir/C_/Users/Guilherme_Blanco/.pico-sdk/sdk/1.5.1/lib/tinyusb/src/device/usbd.c.obj
                0x10005c40                usbd_defer_func
 *fill*         0x10005c6a        0x2 
 .text.usbd_edpt_open
                0x10005c6c       0x34 CMakeFiles/ProjetoU7T.dir/C_/Users/Guilherme_Blanco/.pico-sdk/sdk/1.5.1/lib/tinyusb/src/device/usbd.c.obj
                0x10005c6c                usbd_edpt_open
 .text.usbd_open_edpt_pair
                0x10005ca0       0x62 CMakeFiles/ProjetoU7T.dir/C_/Users/Guilherme_Blanco/.pico-sdk/sdk/1.5.1/lib/tinyusb/src/device/usbd.c.obj
                0x10005ca0                usbd_open_edpt_pair
 *fill*         0x10005d02        0x2 
 .text.usbd_edpt_claim
                0x10005d04       0x28 CMakeFiles/ProjetoU7T.dir/C_/Users/Guilherme_Blanco/.pico-sdk/sdk/1.5.1/lib/tinyusb/src/device/usbd.c.obj
                0x10005d04                usbd_edpt_claim
 .text.usbd_edpt_release
                0x10005d2c       0x28 CMakeFiles/ProjetoU7T.dir/C_/Users/Guilherme_Blanco/.pico-sdk/sdk/1.5.1/lib/tinyusb/src/device/usbd.c.obj
                0x10005d2c                usbd_edpt_release
 .text.usbd_edpt_xfer
                0x10005d54       0x78 CMakeFiles/ProjetoU7T.dir/C_/Users/Guilherme_Blanco/.pico-sdk/sdk/1.5.1/lib/tinyusb/src/device/usbd.c.obj
                0x10005d54                usbd_edpt_xfer
 .text.usbd_edpt_stall
                0x10005dcc       0x48 CMakeFiles/ProjetoU7T.dir/C_/Users/Guilherme_Blanco/.pico-sdk/sdk/1.5.1/lib/tinyusb/src/device/usbd.c.obj
                0x10005dcc                usbd_edpt_stall
 .text.usbd_edpt_clear_stall
                0x10005e14       0x48 CMakeFiles/ProjetoU7T.dir/C_/Users/Guilherme_Blanco/.pico-sdk/sdk/1.5.1/lib/tinyusb/src/device/usbd.c.obj
                0x10005e14                usbd_edpt_clear_stall
 .text.usbd_edpt_stalled
                0x10005e5c       0x1c CMakeFiles/ProjetoU7T.dir/C_/Users/Guilherme_Blanco/.pico-sdk/sdk/1.5.1/lib/tinyusb/src/device/usbd.c.obj
                0x10005e5c                usbd_edpt_stalled
 .text.process_control_request
                0x10005e78      0x374 CMakeFiles/ProjetoU7T.dir/C_/Users/Guilherme_Blanco/.pico-sdk/sdk/1.5.1/lib/tinyusb/src/device/usbd.c.obj
 .text.tud_task_ext
                0x100061ec      0x1a8 CMakeFiles/ProjetoU7T.dir/C_/Users/Guilherme_Blanco/.pico-sdk/sdk/1.5.1/lib/tinyusb/src/device/usbd.c.obj
                0x100061ec                tud_task_ext
 .text._status_stage_xact
                0x10006394       0x1a CMakeFiles/ProjetoU7T.dir/C_/Users/Guilherme_Blanco/.pico-sdk/sdk/1.5.1/lib/tinyusb/src/device/usbd_control.c.obj
 *fill*         0x100063ae        0x2 
 .text._data_stage_xact
                0x100063b0       0x58 CMakeFiles/ProjetoU7T.dir/C_/Users/Guilherme_Blanco/.pico-sdk/sdk/1.5.1/lib/tinyusb/src/device/usbd_control.c.obj
 .text.tud_control_status
                0x10006408       0x28 CMakeFiles/ProjetoU7T.dir/C_/Users/Guilherme_Blanco/.pico-sdk/sdk/1.5.1/lib/tinyusb/src/device/usbd_control.c.obj
                0x10006408                tud_control_status
 .text.tud_control_xfer
                0x10006430       0x68 CMakeFiles/ProjetoU7T.dir/C_/Users/Guilherme_Blanco/.pico-sdk/sdk/1.5.1/lib/tinyusb/src/device/usbd_control.c.obj
                0x10006430                tud_control_xfer
 .text.usbd_control_reset
                0x10006498       0x14 CMakeFiles/ProjetoU7T.dir/C_/Users/Guilherme_Blanco/.pico-sdk/sdk/1.5.1/lib/tinyusb/src/device/usbd_control.c.obj
                0x10006498                usbd_control_reset
 .text.usbd_control_set_complete_callback
                0x100064ac        0xc CMakeFiles/ProjetoU7T.dir/C_/Users/Guilherme_Blanco/.pico-sdk/sdk/1.5.1/lib/tinyusb/src/device/usbd_control.c.obj
                0x100064ac                usbd_control_set_complete_callback
 .text.usbd_control_set_request
                0x100064b8       0x1c CMakeFiles/ProjetoU7T.dir/C_/Users/Guilherme_Blanco/.pico-sdk/sdk/1.5.1/lib/tinyusb/src/device/usbd_control.c.obj
                0x100064b8                usbd_control_set_request
 .text.usbd_control_xfer_cb
                0x100064d4       0xbc CMakeFiles/ProjetoU7T.dir/C_/Users/Guilherme_Blanco/.pico-sdk/sdk/1.5.1/lib/tinyusb/src/device/usbd_control.c.obj
                0x100064d4                usbd_control_xfer_cb
 .text._prep_out_transaction
                0x10006590       0x4a CMakeFiles/ProjetoU7T.dir/C_/Users/Guilherme_Blanco/.pico-sdk/sdk/1.5.1/lib/tinyusb/src/class/cdc/cdc_device.c.obj
 *fill*         0x100065da        0x2 
 .text.tud_cdc_n_connected
                0x100065dc       0x38 CMakeFiles/ProjetoU7T.dir/C_/Users/Guilherme_Blanco/.pico-sdk/sdk/1.5.1/lib/tinyusb/src/class/cdc/cdc_device.c.obj
                0x100065dc                tud_cdc_n_connected
 .text.tud_cdc_n_available
                0x10006614       0x18 CMakeFiles/ProjetoU7T.dir/C_/Users/Guilherme_Blanco/.pico-sdk/sdk/1.5.1/lib/tinyusb/src/class/cdc/cdc_device.c.obj
                0x10006614                tud_cdc_n_available
 .text.tud_cdc_n_read
                0x1000662c       0x28 CMakeFiles/ProjetoU7T.dir/C_/Users/Guilherme_Blanco/.pico-sdk/sdk/1.5.1/lib/tinyusb/src/class/cdc/cdc_device.c.obj
                0x1000662c                tud_cdc_n_read
 .text.tud_cdc_n_write_flush
                0x10006654       0xb8 CMakeFiles/ProjetoU7T.dir/C_/Users/Guilherme_Blanco/.pico-sdk/sdk/1.5.1/lib/tinyusb/src/class/cdc/cdc_device.c.obj
                0x10006654                tud_cdc_n_write_flush
 .text.tud_cdc_n_write
                0x1000670c       0x38 CMakeFiles/ProjetoU7T.dir/C_/Users/Guilherme_Blanco/.pico-sdk/sdk/1.5.1/lib/tinyusb/src/class/cdc/cdc_device.c.obj
                0x1000670c                tud_cdc_n_write
 .text.tud_cdc_n_write_available
                0x10006744       0x1c CMakeFiles/ProjetoU7T.dir/C_/Users/Guilherme_Blanco/.pico-sdk/sdk/1.5.1/lib/tinyusb/src/class/cdc/cdc_device.c.obj
                0x10006744                tud_cdc_n_write_available
 .text.cdcd_init
                0x10006760       0xbc CMakeFiles/ProjetoU7T.dir/C_/Users/Guilherme_Blanco/.pico-sdk/sdk/1.5.1/lib/tinyusb/src/class/cdc/cdc_device.c.obj
                0x10006760                cdcd_init
 .text.cdcd_reset
                0x1000681c       0x44 CMakeFiles/ProjetoU7T.dir/C_/Users/Guilherme_Blanco/.pico-sdk/sdk/1.5.1/lib/tinyusb/src/class/cdc/cdc_device.c.obj
                0x1000681c                cdcd_reset
 .text.cdcd_open
                0x10006860       0xc4 CMakeFiles/ProjetoU7T.dir/C_/Users/Guilherme_Blanco/.pico-sdk/sdk/1.5.1/lib/tinyusb/src/class/cdc/cdc_device.c.obj
                0x10006860                cdcd_open
 .text.cdcd_control_xfer_cb
                0x10006924      0x134 CMakeFiles/ProjetoU7T.dir/C_/Users/Guilherme_Blanco/.pico-sdk/sdk/1.5.1/lib/tinyusb/src/class/cdc/cdc_device.c.obj
                0x10006924                cdcd_control_xfer_cb
 .text.cdcd_xfer_cb
                0x10006a58      0x130 CMakeFiles/ProjetoU7T.dir/C_/Users/Guilherme_Blanco/.pico-sdk/sdk/1.5.1/lib/tinyusb/src/class/cdc/cdc_device.c.obj
                0x10006a58                cdcd_xfer_cb
 .text.tusb_init
                0x10006b88        0xa CMakeFiles/ProjetoU7T.dir/C_/Users/Guilherme_Blanco/.pico-sdk/sdk/1.5.1/lib/tinyusb/src/tusb.c.obj
                0x10006b88                tusb_init
 .text.tusb_inited
                0x10006b92        0xe CMakeFiles/ProjetoU7T.dir/C_/Users/Guilherme_Blanco/.pico-sdk/sdk/1.5.1/lib/tinyusb/src/tusb.c.obj
                0x10006b92                tusb_inited
 .text.tu_edpt_claim
                0x10006ba0       0x50 CMakeFiles/ProjetoU7T.dir/C_/Users/Guilherme_Blanco/.pico-sdk/sdk/1.5.1/lib/tinyusb/src/tusb.c.obj
                0x10006ba0                tu_edpt_claim
 .text.tu_edpt_release
                0x10006bf0       0x38 CMakeFiles/ProjetoU7T.dir/C_/Users/Guilherme_Blanco/.pico-sdk/sdk/1.5.1/lib/tinyusb/src/tusb.c.obj
                0x10006bf0                tu_edpt_release
 .text.tu_edpt_validate
                0x10006c28       0x78 CMakeFiles/ProjetoU7T.dir/C_/Users/Guilherme_Blanco/.pico-sdk/sdk/1.5.1/lib/tinyusb/src/tusb.c.obj
                0x10006c28                tu_edpt_validate
 .text.tu_edpt_bind_driver
                0x10006ca0       0x26 CMakeFiles/ProjetoU7T.dir/C_/Users/Guilherme_Blanco/.pico-sdk/sdk/1.5.1/lib/tinyusb/src/tusb.c.obj
                0x10006ca0                tu_edpt_bind_driver
 .text.advance_index
                0x10006cc6       0x1a CMakeFiles/ProjetoU7T.dir/C_/Users/Guilherme_Blanco/.pico-sdk/sdk/1.5.1/lib/tinyusb/src/common/tusb_fifo.c.obj
 .text._tu_fifo_peek
                0x10006ce0       0x56 CMakeFiles/ProjetoU7T.dir/C_/Users/Guilherme_Blanco/.pico-sdk/sdk/1.5.1/lib/tinyusb/src/common/tusb_fifo.c.obj
 .text._ff_pull_const_addr
                0x10006d36       0x4c CMakeFiles/ProjetoU7T.dir/C_/Users/Guilherme_Blanco/.pico-sdk/sdk/1.5.1/lib/tinyusb/src/common/tusb_fifo.c.obj
 .text._ff_pull_n
                0x10006d82      0x110 CMakeFiles/ProjetoU7T.dir/C_/Users/Guilherme_Blanco/.pico-sdk/sdk/1.5.1/lib/tinyusb/src/common/tusb_fifo.c.obj
 .text._tu_fifo_peek_n
                0x10006e92       0x6a CMakeFiles/ProjetoU7T.dir/C_/Users/Guilherme_Blanco/.pico-sdk/sdk/1.5.1/lib/tinyusb/src/common/tusb_fifo.c.obj
 .text._tu_fifo_read_n
                0x10006efc       0x4e CMakeFiles/ProjetoU7T.dir/C_/Users/Guilherme_Blanco/.pico-sdk/sdk/1.5.1/lib/tinyusb/src/common/tusb_fifo.c.obj
 .text._ff_push_const_addr
                0x10006f4a       0x40 CMakeFiles/ProjetoU7T.dir/C_/Users/Guilherme_Blanco/.pico-sdk/sdk/1.5.1/lib/tinyusb/src/common/tusb_fifo.c.obj
 .text._ff_push_n
                0x10006f8a      0x10c CMakeFiles/ProjetoU7T.dir/C_/Users/Guilherme_Blanco/.pico-sdk/sdk/1.5.1/lib/tinyusb/src/common/tusb_fifo.c.obj
 .text._tu_fifo_write_n
                0x10007096       0xf0 CMakeFiles/ProjetoU7T.dir/C_/Users/Guilherme_Blanco/.pico-sdk/sdk/1.5.1/lib/tinyusb/src/common/tusb_fifo.c.obj
 .text.tu_fifo_config
                0x10007186       0x7c CMakeFiles/ProjetoU7T.dir/C_/Users/Guilherme_Blanco/.pico-sdk/sdk/1.5.1/lib/tinyusb/src/common/tusb_fifo.c.obj
                0x10007186                tu_fifo_config
 .text.tu_fifo_count
                0x10007202       0x2a CMakeFiles/ProjetoU7T.dir/C_/Users/Guilherme_Blanco/.pico-sdk/sdk/1.5.1/lib/tinyusb/src/common/tusb_fifo.c.obj
                0x10007202                tu_fifo_count
 .text.tu_fifo_empty
                0x1000722c        0xe CMakeFiles/ProjetoU7T.dir/C_/Users/Guilherme_Blanco/.pico-sdk/sdk/1.5.1/lib/tinyusb/src/common/tusb_fifo.c.obj
                0x1000722c                tu_fifo_empty
 .text.tu_fifo_full
                0x1000723a       0x28 CMakeFiles/ProjetoU7T.dir/C_/Users/Guilherme_Blanco/.pico-sdk/sdk/1.5.1/lib/tinyusb/src/common/tusb_fifo.c.obj
                0x1000723a                tu_fifo_full
 .text.tu_fifo_remaining
                0x10007262       0x2c CMakeFiles/ProjetoU7T.dir/C_/Users/Guilherme_Blanco/.pico-sdk/sdk/1.5.1/lib/tinyusb/src/common/tusb_fifo.c.obj
                0x10007262                tu_fifo_remaining
 .text.tu_fifo_read
                0x1000728e       0x42 CMakeFiles/ProjetoU7T.dir/C_/Users/Guilherme_Blanco/.pico-sdk/sdk/1.5.1/lib/tinyusb/src/common/tusb_fifo.c.obj
                0x1000728e                tu_fifo_read
 .text.tu_fifo_read_n
                0x100072d0        0xa CMakeFiles/ProjetoU7T.dir/C_/Users/Guilherme_Blanco/.pico-sdk/sdk/1.5.1/lib/tinyusb/src/common/tusb_fifo.c.obj
                0x100072d0                tu_fifo_read_n
 .text.tu_fifo_write
                0x100072da       0x64 CMakeFiles/ProjetoU7T.dir/C_/Users/Guilherme_Blanco/.pico-sdk/sdk/1.5.1/lib/tinyusb/src/common/tusb_fifo.c.obj
                0x100072da                tu_fifo_write
 .text.tu_fifo_write_n
                0x1000733e        0xa CMakeFiles/ProjetoU7T.dir/C_/Users/Guilherme_Blanco/.pico-sdk/sdk/1.5.1/lib/tinyusb/src/common/tusb_fifo.c.obj
                0x1000733e                tu_fifo_write_n
 .text.tu_fifo_clear
                0x10007348       0x3e CMakeFiles/ProjetoU7T.dir/C_/Users/Guilherme_Blanco/.pico-sdk/sdk/1.5.1/lib/tinyusb/src/common/tusb_fifo.c.obj
                0x10007348                tu_fifo_clear
 .text.tu_fifo_set_overwritable
                0x10007386       0x46 CMakeFiles/ProjetoU7T.dir/C_/Users/Guilherme_Blanco/.pico-sdk/sdk/1.5.1/lib/tinyusb/src/common/tusb_fifo.c.obj
                0x10007386                tu_fifo_set_overwritable
 .text.adc_init
                0x100073cc       0x34 CMakeFiles/ProjetoU7T.dir/C_/Users/Guilherme_Blanco/.pico-sdk/sdk/1.5.1/src/rp2_common/hardware_adc/adc.c.obj
                0x100073cc                adc_init
 .text.i2c_write_blocking_internal
                0x10007400      0x146 CMakeFiles/ProjetoU7T.dir/C_/Users/Guilherme_Blanco/.pico-sdk/sdk/1.5.1/src/rp2_common/hardware_i2c/i2c.c.obj
 *fill*         0x10007546        0x2 
 .text.i2c_set_baudrate
                0x10007548       0xf0 CMakeFiles/ProjetoU7T.dir/C_/Users/Guilherme_Blanco/.pico-sdk/sdk/1.5.1/src/rp2_common/hardware_i2c/i2c.c.obj
                0x10007548                i2c_set_baudrate
 .text.i2c_init
                0x10007638       0x58 CMakeFiles/ProjetoU7T.dir/C_/Users/Guilherme_Blanco/.pico-sdk/sdk/1.5.1/src/rp2_common/hardware_i2c/i2c.c.obj
                0x10007638                i2c_init
 .text.i2c_write_blocking
                0x10007690       0x18 CMakeFiles/ProjetoU7T.dir/C_/Users/Guilherme_Blanco/.pico-sdk/sdk/1.5.1/src/rp2_common/hardware_i2c/i2c.c.obj
                0x10007690                i2c_write_blocking
 .text.pio_get_default_sm_config
                0x100076a8       0x28 CMakeFiles/ProjetoU7T.dir/C_/Users/Guilherme_Blanco/.pico-sdk/sdk/1.5.1/src/rp2_common/hardware_pio/pio.c.obj
 .text._pio_can_add_program_at_offset
                0x100076d0       0x3c CMakeFiles/ProjetoU7T.dir/C_/Users/Guilherme_Blanco/.pico-sdk/sdk/1.5.1/src/rp2_common/hardware_pio/pio.c.obj
 .text._pio_find_offset_for_program
                0x1000770c       0x7c CMakeFiles/ProjetoU7T.dir/C_/Users/Guilherme_Blanco/.pico-sdk/sdk/1.5.1/src/rp2_common/hardware_pio/pio.c.obj
 .text._pio_add_program_at_offset
                0x10007788       0x7c CMakeFiles/ProjetoU7T.dir/C_/Users/Guilherme_Blanco/.pico-sdk/sdk/1.5.1/src/rp2_common/hardware_pio/pio.c.obj
 .text.pio_claim_unused_sm
                0x10007804       0x3c CMakeFiles/ProjetoU7T.dir/C_/Users/Guilherme_Blanco/.pico-sdk/sdk/1.5.1/src/rp2_common/hardware_pio/pio.c.obj
                0x10007804                pio_claim_unused_sm
 .text.pio_add_program
                0x10007840       0x38 CMakeFiles/ProjetoU7T.dir/C_/Users/Guilherme_Blanco/.pico-sdk/sdk/1.5.1/src/rp2_common/hardware_pio/pio.c.obj
                0x10007840                pio_add_program
 .text.pio_sm_set_consecutive_pindirs
                0x10007878       0xa4 CMakeFiles/ProjetoU7T.dir/C_/Users/Guilherme_Blanco/.pico-sdk/sdk/1.5.1/src/rp2_common/hardware_pio/pio.c.obj
                0x10007878                pio_sm_set_consecutive_pindirs
 .text.pio_sm_init
                0x1000791c       0xb0 CMakeFiles/ProjetoU7T.dir/C_/Users/Guilherme_Blanco/.pico-sdk/sdk/1.5.1/src/rp2_common/hardware_pio/pio.c.obj
                0x1000791c                pio_sm_init
 .text.malloc   0x100079cc       0x14 C:/Users/GUILHE~1/PICO-S~1/TOOLCH~1/13_3_R~1/bin/../lib/gcc/arm-none-eabi/13.3.1/thumb/v6-m/nofp\libg.a(libc_a-malloc.o)
                0x100079cc                malloc
 .text.free     0x100079e0       0x14 C:/Users/GUILHE~1/PICO-S~1/TOOLCH~1/13_3_R~1/bin/../lib/gcc/arm-none-eabi/13.3.1/thumb/v6-m/nofp\libg.a(libc_a-malloc.o)
                0x100079e0                free
 .text._malloc_r
                0x100079f4      0x5c4 C:/Users/GUILHE~1/PICO-S~1/TOOLCH~1/13_3_R~1/bin/../lib/gcc/arm-none-eabi/13.3.1/thumb/v6-m/nofp\libg.a(libc_a-mallocr.o)
                0x100079f4                _malloc_r
 .text.__malloc_lock
                0x10007fb8       0x10 C:/Users/GUILHE~1/PICO-S~1/TOOLCH~1/13_3_R~1/bin/../lib/gcc/arm-none-eabi/13.3.1/thumb/v6-m/nofp\libg.a(libc_a-mlock.o)
                0x10007fb8                __malloc_lock
 .text.__malloc_unlock
                0x10007fc8       0x10 C:/Users/GUILHE~1/PICO-S~1/TOOLCH~1/13_3_R~1/bin/../lib/gcc/arm-none-eabi/13.3.1/thumb/v6-m/nofp\libg.a(libc_a-mlock.o)
                0x10007fc8                __malloc_unlock
 .text._sbrk_r  0x10007fd8       0x24 C:/Users/GUILHE~1/PICO-S~1/TOOLCH~1/13_3_R~1/bin/../lib/gcc/arm-none-eabi/13.3.1/thumb/v6-m/nofp\libg.a(libc_a-sbrkr.o)
                0x10007fd8                _sbrk_r
 .text.__errno  0x10007ffc        0xc C:/Users/GUILHE~1/PICO-S~1/TOOLCH~1/13_3_R~1/bin/../lib/gcc/arm-none-eabi/13.3.1/thumb/v6-m/nofp\libg.a(libc_a-errno.o)
                0x10007ffc                __errno
 .text.__retarget_lock_acquire_recursive
                0x10008008        0x4 C:/Users/GUILHE~1/PICO-S~1/TOOLCH~1/13_3_R~1/bin/../lib/gcc/arm-none-eabi/13.3.1/thumb/v6-m/nofp\libg.a(libc_a-lock.o)
                0x10008008                __retarget_lock_acquire_recursive
 .text.__retarget_lock_release_recursive
                0x1000800c        0x4 C:/Users/GUILHE~1/PICO-S~1/TOOLCH~1/13_3_R~1/bin/../lib/gcc/arm-none-eabi/13.3.1/thumb/v6-m/nofp\libg.a(libc_a-lock.o)
                0x1000800c                __retarget_lock_release_recursive
 .text.sysconf  0x10008010       0x1c C:/Users/GUILHE~1/PICO-S~1/TOOLCH~1/13_3_R~1/bin/../lib/gcc/arm-none-eabi/13.3.1/thumb/v6-m/nofp\libg.a(libc_a-sysconf.o)
                0x10008010                sysconf
 .text.strlen   0x1000802c       0x5c C:/Users/GUILHE~1/PICO-S~1/TOOLCH~1/13_3_R~1/bin/../lib/gcc/arm-none-eabi/13.3.1/thumb/v6-m/nofp\libg.a(libc_a-strlen-stub.o)
                0x1000802c                strlen
 .text._malloc_trim_r
                0x10008088       0xb4 C:/Users/GUILHE~1/PICO-S~1/TOOLCH~1/13_3_R~1/bin/../lib/gcc/arm-none-eabi/13.3.1/thumb/v6-m/nofp\libg.a(libc_a-freer.o)
                0x10008088                _malloc_trim_r
 .text._free_r  0x1000813c      0x1d4 C:/Users/GUILHE~1/PICO-S~1/TOOLCH~1/13_3_R~1/bin/../lib/gcc/arm-none-eabi/13.3.1/thumb/v6-m/nofp\libg.a(libc_a-freer.o)
                0x1000813c                _free_r
 *(.fini)
 .fini          0x10008310        0x4 C:/Users/GUILHE~1/PICO-S~1/TOOLCH~1/13_3_R~1/bin/../lib/gcc/arm-none-eabi/13.3.1/thumb/v6-m/nofp/crti.o
                0x10008310                _fini
 *fill*         0x10008314        0x4 
 .fini.__stub   0x10008318       0xe0 linker stubs
 *crtbegin.o(.ctors)
 *crtbegin?.o(.ctors)
 *(EXCLUDE_FILE(*crtend.o *crtend?.o) .ctors)
 *(SORT_BY_NAME(.ctors.*))
 *(.ctors)
 *crtbegin.o(.dtors)
 *crtbegin?.o(.dtors)
 *(EXCLUDE_FILE(*crtend.o *crtend?.o) .dtors)
 *(SORT_BY_NAME(.dtors.*))
 *(.dtors)
 *(.eh_frame*)
 .eh_frame      0x100083f8        0x0 C:/Users/GUILHE~1/PICO-S~1/TOOLCH~1/13_3_R~1/bin/../lib/gcc/arm-none-eabi/13.3.1/thumb/v6-m/nofp/crtbegin.o
                0x100083f8                        . = ALIGN (0x4)

.glue_7         0x100083f8        0x0
 .glue_7        0x100083f8        0x0 linker stubs

.glue_7t        0x100083f8        0x0
 .glue_7t       0x100083f8        0x0 linker stubs

.vfp11_veneer   0x100083f8        0x0
 .vfp11_veneer  0x100083f8        0x0 linker stubs

.v4_bx          0x100083f8        0x0
 .v4_bx         0x100083f8        0x0 linker stubs

.iplt           0x100083f8        0x0
 .iplt          0x100083f8        0x0 C:/Users/GUILHE~1/PICO-S~1/TOOLCH~1/13_3_R~1/bin/../lib/gcc/arm-none-eabi/13.3.1/thumb/v6-m/nofp/crtbegin.o

.rodata         0x100083f8     0x1ae4
 *(EXCLUDE_FILE(*libm.a: *libc.a:*lib_a-mem*.o *libgcc.a:) .rodata*)
 .rodata.update_us_since_boot.str1.4
                0x100083f8     0x1158 CMakeFiles/ProjetoU7T.dir/ProjetoU7T.c.obj
                                 0x74 (size before relaxing)
 .rodata.loopLeitura.str1.4
                0x10009550        0x9 CMakeFiles/ProjetoU7T.dir/ProjetoU7T.c.obj
 .rodata.__func__.6
                0x10009550       0x15 CMakeFiles/ProjetoU7T.dir/ProjetoU7T.c.obj
 .rodata.str1.4
                0x10009565       0x6f CMakeFiles/ProjetoU7T.dir/ProjetoU7T.c.obj
 *fill*         0x10009565        0x3 
 .rodata.ws2818b_program
                0x10009568        0x6 CMakeFiles/ProjetoU7T.dir/ProjetoU7T.c.obj
 *fill*         0x1000956e        0x2 
 .rodata.ws2818b_program_instructions
                0x10009570        0x8 CMakeFiles/ProjetoU7T.dir/ProjetoU7T.c.obj
 .rodata        0x10009578       0x30 CMakeFiles/ProjetoU7T.dir/ProjetoU7T.c.obj
 .rodata.font   0x100095a8      0x128 CMakeFiles/ProjetoU7T.dir/ssd1306_i2c.c.obj
 .rodata        0x100096d0       0x1a CMakeFiles/ProjetoU7T.dir/ssd1306_i2c.c.obj
 .rodata.spin_lock_claim_unused.str1.4
                0x100096ea       0x1b CMakeFiles/ProjetoU7T.dir/C_/Users/Guilherme_Blanco/.pico-sdk/sdk/1.5.1/src/rp2_common/hardware_sync/sync.c.obj
 .rodata.resolve_branch.str1.4
                0x100096ea       0x68 CMakeFiles/ProjetoU7T.dir/C_/Users/Guilherme_Blanco/.pico-sdk/sdk/1.5.1/src/rp2_common/hardware_irq/irq.c.obj
 .rodata.make_branch.str1.4
                0x100096ea       0x30 CMakeFiles/ProjetoU7T.dir/C_/Users/Guilherme_Blanco/.pico-sdk/sdk/1.5.1/src/rp2_common/hardware_irq/irq.c.obj
 .rodata.insert_branch_and_link.str1.4
                0x100096ea       0x10 CMakeFiles/ProjetoU7T.dir/C_/Users/Guilherme_Blanco/.pico-sdk/sdk/1.5.1/src/rp2_common/hardware_irq/irq.c.obj
 .rodata.irq_set_exclusive_handler.str1.4
                0x100096ea       0x36 CMakeFiles/ProjetoU7T.dir/C_/Users/Guilherme_Blanco/.pico-sdk/sdk/1.5.1/src/rp2_common/hardware_irq/irq.c.obj
 .rodata.irq_add_shared_handler.str1.4
                0x100096ea       0xc2 CMakeFiles/ProjetoU7T.dir/C_/Users/Guilherme_Blanco/.pico-sdk/sdk/1.5.1/src/rp2_common/hardware_irq/irq.c.obj
 .rodata.irq_remove_handler.str1.4
                0x100096ea       0x3a CMakeFiles/ProjetoU7T.dir/C_/Users/Guilherme_Blanco/.pico-sdk/sdk/1.5.1/src/rp2_common/hardware_irq/irq.c.obj
 .rodata.irq_add_tail_to_free_list.str1.4
                0x100096ea       0x3a CMakeFiles/ProjetoU7T.dir/C_/Users/Guilherme_Blanco/.pico-sdk/sdk/1.5.1/src/rp2_common/hardware_irq/irq.c.obj
 .rodata.user_irq_claim_unused.str1.4
                0x100096ea       0x1b CMakeFiles/ProjetoU7T.dir/C_/Users/Guilherme_Blanco/.pico-sdk/sdk/1.5.1/src/rp2_common/hardware_irq/irq.c.obj
 *fill*         0x100096ea        0x2 
 .rodata.__func__.0
                0x100096ec       0x1a CMakeFiles/ProjetoU7T.dir/C_/Users/Guilherme_Blanco/.pico-sdk/sdk/1.5.1/src/rp2_common/hardware_irq/irq.c.obj
 *fill*         0x10009706        0x2 
 .rodata.__func__.1
                0x10009708       0x17 CMakeFiles/ProjetoU7T.dir/C_/Users/Guilherme_Blanco/.pico-sdk/sdk/1.5.1/src/rp2_common/hardware_irq/irq.c.obj
 *fill*         0x1000971f        0x1 
 .rodata.__func__.2
                0x10009720       0x13 CMakeFiles/ProjetoU7T.dir/C_/Users/Guilherme_Blanco/.pico-sdk/sdk/1.5.1/src/rp2_common/hardware_irq/irq.c.obj
 *fill*         0x10009733        0x1 
 .rodata.__func__.3
                0x10009734        0xc CMakeFiles/ProjetoU7T.dir/C_/Users/Guilherme_Blanco/.pico-sdk/sdk/1.5.1/src/rp2_common/hardware_irq/irq.c.obj
 .rodata.__func__.4
                0x10009740        0xf CMakeFiles/ProjetoU7T.dir/C_/Users/Guilherme_Blanco/.pico-sdk/sdk/1.5.1/src/rp2_common/hardware_irq/irq.c.obj
 *fill*         0x1000974f        0x1 
 .rodata.__func__.5
                0x10009750       0x17 CMakeFiles/ProjetoU7T.dir/C_/Users/Guilherme_Blanco/.pico-sdk/sdk/1.5.1/src/rp2_common/hardware_irq/irq.c.obj
 *fill*         0x10009767        0x1 
 .rodata.__func__.6
                0x10009768       0x1a CMakeFiles/ProjetoU7T.dir/C_/Users/Guilherme_Blanco/.pico-sdk/sdk/1.5.1/src/rp2_common/hardware_irq/irq.c.obj
 .rodata.update_us_since_boot.str1.4
                0x10009782       0x74 CMakeFiles/ProjetoU7T.dir/C_/Users/Guilherme_Blanco/.pico-sdk/sdk/1.5.1/src/common/pico_sync/mutex.c.obj
 .rodata.str1.4
                0x10009782       0x9d CMakeFiles/ProjetoU7T.dir/C_/Users/Guilherme_Blanco/.pico-sdk/sdk/1.5.1/src/common/pico_sync/mutex.c.obj
 *fill*         0x10009782        0x2 
 .rodata.__func__.1
                0x10009784        0xb CMakeFiles/ProjetoU7T.dir/C_/Users/Guilherme_Blanco/.pico-sdk/sdk/1.5.1/src/common/pico_sync/mutex.c.obj
 *fill*         0x1000978f        0x1 
 .rodata.__func__.3
                0x10009790       0x18 CMakeFiles/ProjetoU7T.dir/C_/Users/Guilherme_Blanco/.pico-sdk/sdk/1.5.1/src/common/pico_sync/mutex.c.obj
 .rodata.__func__.4
                0x100097a8       0x15 CMakeFiles/ProjetoU7T.dir/C_/Users/Guilherme_Blanco/.pico-sdk/sdk/1.5.1/src/common/pico_sync/mutex.c.obj
 .rodata.get_entry.str1.4
                0x100097bd       0x6e CMakeFiles/ProjetoU7T.dir/C_/Users/Guilherme_Blanco/.pico-sdk/sdk/1.5.1/src/common/pico_time/time.c.obj
 .rodata.update_us_since_boot.str1.4
                0x100097bd       0x74 CMakeFiles/ProjetoU7T.dir/C_/Users/Guilherme_Blanco/.pico-sdk/sdk/1.5.1/src/common/pico_time/time.c.obj
 .rodata.ph_get_node.str1.4
                0x100097bd       0x79 CMakeFiles/ProjetoU7T.dir/C_/Users/Guilherme_Blanco/.pico-sdk/sdk/1.5.1/src/common/pico_time/time.c.obj
 .rodata.ph_add_child_node.str1.4
                0x100097bd       0x2e CMakeFiles/ProjetoU7T.dir/C_/Users/Guilherme_Blanco/.pico-sdk/sdk/1.5.1/src/common/pico_time/time.c.obj
 .rodata.ph_insert_node.str1.4
                0x100097bd        0x3 CMakeFiles/ProjetoU7T.dir/C_/Users/Guilherme_Blanco/.pico-sdk/sdk/1.5.1/src/common/pico_time/time.c.obj
 .rodata.ph_free_node.str1.4
                0x100097bd       0x38 CMakeFiles/ProjetoU7T.dir/C_/Users/Guilherme_Blanco/.pico-sdk/sdk/1.5.1/src/common/pico_time/time.c.obj
 .rodata.add_alarm_under_lock.str1.4
                0x100097bd       0x28 CMakeFiles/ProjetoU7T.dir/C_/Users/Guilherme_Blanco/.pico-sdk/sdk/1.5.1/src/common/pico_time/time.c.obj
 .rodata.alarm_pool_alarm_callback.str1.4
                0x100097bd       0x60 CMakeFiles/ProjetoU7T.dir/C_/Users/Guilherme_Blanco/.pico-sdk/sdk/1.5.1/src/common/pico_time/time.c.obj
 .rodata.alarm_pool_get_default.str1.4
                0x100097bd       0x21 CMakeFiles/ProjetoU7T.dir/C_/Users/Guilherme_Blanco/.pico-sdk/sdk/1.5.1/src/common/pico_time/time.c.obj
 .rodata.alarm_pool_cancel_alarm.str1.4
                0x100097bd       0x27 CMakeFiles/ProjetoU7T.dir/C_/Users/Guilherme_Blanco/.pico-sdk/sdk/1.5.1/src/common/pico_time/time.c.obj
 .rodata.sleep_until.str1.4
                0x100097bd       0x4d CMakeFiles/ProjetoU7T.dir/C_/Users/Guilherme_Blanco/.pico-sdk/sdk/1.5.1/src/common/pico_time/time.c.obj
 *fill*         0x100097bd        0x3 
 .rodata.__func__.1
                0x100097c0       0x18 CMakeFiles/ProjetoU7T.dir/C_/Users/Guilherme_Blanco/.pico-sdk/sdk/1.5.1/src/common/pico_time/time.c.obj
 .rodata.__func__.3
                0x100097d8       0x17 CMakeFiles/ProjetoU7T.dir/C_/Users/Guilherme_Blanco/.pico-sdk/sdk/1.5.1/src/common/pico_time/time.c.obj
 *fill*         0x100097ef        0x1 
 .rodata.__func__.4
                0x100097f0       0x12 CMakeFiles/ProjetoU7T.dir/C_/Users/Guilherme_Blanco/.pico-sdk/sdk/1.5.1/src/common/pico_time/time.c.obj
 *fill*         0x10009802        0x2 
 .rodata.__func__.5
                0x10009804        0xd CMakeFiles/ProjetoU7T.dir/C_/Users/Guilherme_Blanco/.pico-sdk/sdk/1.5.1/src/common/pico_time/time.c.obj
 *fill*         0x10009811        0x3 
 .rodata.__func__.6
                0x10009814       0x12 CMakeFiles/ProjetoU7T.dir/C_/Users/Guilherme_Blanco/.pico-sdk/sdk/1.5.1/src/common/pico_time/time.c.obj
 *fill*         0x10009826        0x2 
 .rodata.__func__.7
                0x10009828        0xf CMakeFiles/ProjetoU7T.dir/C_/Users/Guilherme_Blanco/.pico-sdk/sdk/1.5.1/src/common/pico_time/time.c.obj
 *fill*         0x10009837        0x1 
 .rodata.__func__.8
                0x10009838        0xc CMakeFiles/ProjetoU7T.dir/C_/Users/Guilherme_Blanco/.pico-sdk/sdk/1.5.1/src/common/pico_time/time.c.obj
 .rodata.__func__.9
                0x10009844       0x15 CMakeFiles/ProjetoU7T.dir/C_/Users/Guilherme_Blanco/.pico-sdk/sdk/1.5.1/src/common/pico_time/time.c.obj
 *fill*         0x10009859        0x3 
 .rodata.__func__.10
                0x1000985c       0x15 CMakeFiles/ProjetoU7T.dir/C_/Users/Guilherme_Blanco/.pico-sdk/sdk/1.5.1/src/common/pico_time/time.c.obj
 *fill*         0x10009871        0x3 
 .rodata.__func__.11
                0x10009874       0x1a CMakeFiles/ProjetoU7T.dir/C_/Users/Guilherme_Blanco/.pico-sdk/sdk/1.5.1/src/common/pico_time/time.c.obj
 *fill*         0x1000988e        0x2 
 .rodata.__func__.12
                0x10009890        0xa CMakeFiles/ProjetoU7T.dir/C_/Users/Guilherme_Blanco/.pico-sdk/sdk/1.5.1/src/common/pico_time/time.c.obj
 .rodata.hardware_alarm_claim.str1.4
                0x1000989a       0x22 CMakeFiles/ProjetoU7T.dir/C_/Users/Guilherme_Blanco/.pico-sdk/sdk/1.5.1/src/rp2_common/hardware_timer/timer.c.obj
 .rodata.hardware_alarm_set_target.str1.4
                0x1000989a       0x78 CMakeFiles/ProjetoU7T.dir/C_/Users/Guilherme_Blanco/.pico-sdk/sdk/1.5.1/src/rp2_common/hardware_timer/timer.c.obj
 *fill*         0x1000989a        0x2 
 .rodata.__func__.0
                0x1000989c       0x1a CMakeFiles/ProjetoU7T.dir/C_/Users/Guilherme_Blanco/.pico-sdk/sdk/1.5.1/src/rp2_common/hardware_timer/timer.c.obj
 .rodata.ph_get_node.str1.4
                0x100098b6       0x79 CMakeFiles/ProjetoU7T.dir/C_/Users/Guilherme_Blanco/.pico-sdk/sdk/1.5.1/src/common/pico_util/pheap.c.obj
 .rodata.ph_add_child_node.str1.4
                0x100098b6       0x2e CMakeFiles/ProjetoU7T.dir/C_/Users/Guilherme_Blanco/.pico-sdk/sdk/1.5.1/src/common/pico_util/pheap.c.obj
 .rodata.ph_remove_any_head.str1.4
                0x100098b6       0xb4 CMakeFiles/ProjetoU7T.dir/C_/Users/Guilherme_Blanco/.pico-sdk/sdk/1.5.1/src/common/pico_util/pheap.c.obj
 .rodata.ph_remove_and_free_node.str1.4
                0x100098b6       0x26 CMakeFiles/ProjetoU7T.dir/C_/Users/Guilherme_Blanco/.pico-sdk/sdk/1.5.1/src/common/pico_util/pheap.c.obj
 *fill*         0x100098b6        0x2 
 .rodata.__func__.0
                0x100098b8       0x18 CMakeFiles/ProjetoU7T.dir/C_/Users/Guilherme_Blanco/.pico-sdk/sdk/1.5.1/src/common/pico_util/pheap.c.obj
 .rodata.__func__.1
                0x100098d0       0x13 CMakeFiles/ProjetoU7T.dir/C_/Users/Guilherme_Blanco/.pico-sdk/sdk/1.5.1/src/common/pico_util/pheap.c.obj
 *fill*         0x100098e3        0x1 
 .rodata.__func__.2
                0x100098e4       0x12 CMakeFiles/ProjetoU7T.dir/C_/Users/Guilherme_Blanco/.pico-sdk/sdk/1.5.1/src/common/pico_util/pheap.c.obj
 *fill*         0x100098f6        0x2 
 .rodata.__func__.3
                0x100098f8        0xc CMakeFiles/ProjetoU7T.dir/C_/Users/Guilherme_Blanco/.pico-sdk/sdk/1.5.1/src/common/pico_util/pheap.c.obj
 .rodata.clock_configure.str1.4
                0x10009904       0x6a CMakeFiles/ProjetoU7T.dir/C_/Users/Guilherme_Blanco/.pico-sdk/sdk/1.5.1/src/rp2_common/hardware_clocks/clocks.c.obj
 .rodata.__func__.1
                0x10009904       0x10 CMakeFiles/ProjetoU7T.dir/C_/Users/Guilherme_Blanco/.pico-sdk/sdk/1.5.1/src/rp2_common/hardware_clocks/clocks.c.obj
 .rodata.pll_init.str1.4
                0x10009914      0x134 CMakeFiles/ProjetoU7T.dir/C_/Users/Guilherme_Blanco/.pico-sdk/sdk/1.5.1/src/rp2_common/hardware_pll/pll.c.obj
 .rodata.__func__.0
                0x10009914        0x9 CMakeFiles/ProjetoU7T.dir/C_/Users/Guilherme_Blanco/.pico-sdk/sdk/1.5.1/src/rp2_common/hardware_pll/pll.c.obj
 .rodata.__assert_func.str1.4
                0x1000991d       0x43 CMakeFiles/ProjetoU7T.dir/C_/Users/Guilherme_Blanco/.pico-sdk/sdk/1.5.1/src/rp2_common/pico_runtime/runtime.c.obj
 .rodata.runtime_init.str1.4
                0x1000991d       0x74 CMakeFiles/ProjetoU7T.dir/C_/Users/Guilherme_Blanco/.pico-sdk/sdk/1.5.1/src/rp2_common/pico_runtime/runtime.c.obj
 .rodata.panic.str1.4
                0x1000991d       0x12 CMakeFiles/ProjetoU7T.dir/C_/Users/Guilherme_Blanco/.pico-sdk/sdk/1.5.1/src/rp2_common/pico_runtime/runtime.c.obj
 *fill*         0x1000991d        0x3 
 .rodata.__func__.2
                0x10009920        0xd CMakeFiles/ProjetoU7T.dir/C_/Users/Guilherme_Blanco/.pico-sdk/sdk/1.5.1/src/rp2_common/pico_runtime/runtime.c.obj
 .rodata._ftoa.str1.4
                0x1000992d       0x15 CMakeFiles/ProjetoU7T.dir/C_/Users/Guilherme_Blanco/.pico-sdk/sdk/1.5.1/src/rp2_common/pico_printf/printf.c.obj
 *fill*         0x1000992d        0x3 
 .rodata._vsnprintf
                0x10009930      0x19c CMakeFiles/ProjetoU7T.dir/C_/Users/Guilherme_Blanco/.pico-sdk/sdk/1.5.1/src/rp2_common/pico_printf/printf.c.obj
 *fill*         0x10009acc        0x4 
 .rodata.pow10.0
                0x10009ad0       0x50 CMakeFiles/ProjetoU7T.dir/C_/Users/Guilherme_Blanco/.pico-sdk/sdk/1.5.1/src/rp2_common/pico_printf/printf.c.obj
 .rodata.missing_double_func_shim.str1.4
                0x10009b20       0x18 CMakeFiles/ProjetoU7T.dir/C_/Users/Guilherme_Blanco/.pico-sdk/sdk/1.5.1/src/rp2_common/pico_double/double_init_rom.c.obj
 .rodata.__aeabi_double_init.str1.4
                0x10009b20       0xaf CMakeFiles/ProjetoU7T.dir/C_/Users/Guilherme_Blanco/.pico-sdk/sdk/1.5.1/src/rp2_common/pico_double/double_init_rom.c.obj
 .rodata.__func__.0
                0x10009b20       0x14 CMakeFiles/ProjetoU7T.dir/C_/Users/Guilherme_Blanco/.pico-sdk/sdk/1.5.1/src/rp2_common/pico_double/double_init_rom.c.obj
 .rodata.missing_float_func_shim.str1.4
                0x10009b34        0x1 CMakeFiles/ProjetoU7T.dir/C_/Users/Guilherme_Blanco/.pico-sdk/sdk/1.5.1/src/rp2_common/pico_float/float_init_rom.c.obj
 .rodata.__aeabi_float_init.str1.4
                0x10009b34       0x8d CMakeFiles/ProjetoU7T.dir/C_/Users/Guilherme_Blanco/.pico-sdk/sdk/1.5.1/src/rp2_common/pico_float/float_init_rom.c.obj
 .rodata.__func__.0
                0x10009b34       0x13 CMakeFiles/ProjetoU7T.dir/C_/Users/Guilherme_Blanco/.pico-sdk/sdk/1.5.1/src/rp2_common/pico_float/float_init_rom.c.obj
 .rodata.check_alloc.str1.4
                0x10009b47        0xe CMakeFiles/ProjetoU7T.dir/C_/Users/Guilherme_Blanco/.pico-sdk/sdk/1.5.1/src/rp2_common/pico_malloc/pico_malloc.c.obj
 .rodata.str1.4